Archive member included to satisfy reference by file (symbol)

app/libapp.a(device_info.c.obj)
                              (--whole-archive)
app/libapp.a(main.c.obj)      (--whole-archive)
app/libapp.a(radio_utils.c.obj)
                              (--whole-archive)
zephyr/libzephyr.a(heap.c.obj)
                              (--whole-archive)
zephyr/libzephyr.a(cbprintf_packaged.c.obj)
                              (--whole-archive)
zephyr/libzephyr.a(printk.c.obj)
                              (--whole-archive)
zephyr/libzephyr.a(sem.c.obj)
                              (--whole-archive)
zephyr/libzephyr.a(thread_entry.c.obj)
                              (--whole-archive)
zephyr/libzephyr.a(cbprintf_complete.c.obj)
                              (--whole-archive)
zephyr/libzephyr.a(assert.c.obj)
                              (--whole-archive)
zephyr/libzephyr.a(reboot.c.obj)
                              (--whole-archive)
zephyr/libzephyr.a(dec.c.obj)
                              (--whole-archive)
zephyr/libzephyr.a(hex.c.obj)
                              (--whole-archive)
zephyr/libzephyr.a(rb.c.obj)  (--whole-archive)
zephyr/libzephyr.a(timeutil.c.obj)
                              (--whole-archive)
zephyr/libzephyr.a(bitarray.c.obj)
                              (--whole-archive)
zephyr/libzephyr.a(onoff.c.obj)
                              (--whole-archive)
zephyr/libzephyr.a(notify.c.obj)
                              (--whole-archive)
zephyr/libzephyr.a(ring_buffer.c.obj)
                              (--whole-archive)
zephyr/libzephyr.a(last_section_id.c.obj)
                              (--whole-archive)
zephyr/libzephyr.a(configs.c.obj)
                              (--whole-archive)
zephyr/libzephyr.a(log_minimal.c.obj)
                              (--whole-archive)
zephyr/libzephyr.a(mem_attr.c.obj)
                              (--whole-archive)
zephyr/libzephyr.a(tracing_none.c.obj)
                              (--whole-archive)
zephyr/libzephyr.a(banner.c.obj)
                              (--whole-archive)
zephyr/libzephyr.a(nrf_cc3xx_platform_abort_zephyr.c.obj)
                              (--whole-archive)
zephyr/libzephyr.a(nrf_cc3xx_platform_mutex_zephyr.c.obj)
                              (--whole-archive)
zephyr/arch/common/libarch__common.a(sw_isr_common.c.obj)
                              (--whole-archive)
zephyr/arch/arch/arm/core/libarch__arm__core.a(fatal.c.obj)
                              (--whole-archive)
zephyr/arch/arch/arm/core/libarch__arm__core.a(nmi.c.obj)
                              (--whole-archive)
zephyr/arch/arch/arm/core/libarch__arm__core.a(nmi_on_reset.S.obj)
                              (--whole-archive)
zephyr/arch/arch/arm/core/libarch__arm__core.a(tls.c.obj)
                              (--whole-archive)
zephyr/arch/arch/arm/core/cortex_m/libarch__arm__core__cortex_m.a(exc_exit.c.obj)
                              (--whole-archive)
zephyr/arch/arch/arm/core/cortex_m/libarch__arm__core__cortex_m.a(fault.c.obj)
                              (--whole-archive)
zephyr/arch/arch/arm/core/cortex_m/libarch__arm__core__cortex_m.a(fault_s.S.obj)
                              (--whole-archive)
zephyr/arch/arch/arm/core/cortex_m/libarch__arm__core__cortex_m.a(fpu.c.obj)
                              (--whole-archive)
zephyr/arch/arch/arm/core/cortex_m/libarch__arm__core__cortex_m.a(reset.S.obj)
                              (--whole-archive)
zephyr/arch/arch/arm/core/cortex_m/libarch__arm__core__cortex_m.a(scb.c.obj)
                              (--whole-archive)
zephyr/arch/arch/arm/core/cortex_m/libarch__arm__core__cortex_m.a(thread_abort.c.obj)
                              (--whole-archive)
zephyr/arch/arch/arm/core/cortex_m/libarch__arm__core__cortex_m.a(vector_table.S.obj)
                              (--whole-archive)
zephyr/arch/arch/arm/core/cortex_m/libarch__arm__core__cortex_m.a(swap_helper.S.obj)
                              (--whole-archive)
zephyr/arch/arch/arm/core/cortex_m/libarch__arm__core__cortex_m.a(irq_manage.c.obj)
                              (--whole-archive)
zephyr/arch/arch/arm/core/cortex_m/libarch__arm__core__cortex_m.a(prep_c.c.obj)
                              (--whole-archive)
zephyr/arch/arch/arm/core/cortex_m/libarch__arm__core__cortex_m.a(thread.c.obj)
                              (--whole-archive)
zephyr/arch/arch/arm/core/cortex_m/libarch__arm__core__cortex_m.a(cpu_idle.c.obj)
                              (--whole-archive)
zephyr/arch/arch/arm/core/cortex_m/libarch__arm__core__cortex_m.a(irq_init.c.obj)
                              (--whole-archive)
zephyr/arch/arch/arm/core/cortex_m/libarch__arm__core__cortex_m.a(isr_wrapper.c.obj)
                              (--whole-archive)
zephyr/arch/arch/arm/core/cortex_m/libarch__arm__core__cortex_m.a(__aeabi_read_tp.S.obj)
                              (--whole-archive)
zephyr/arch/arch/arm/core/mpu/libarch__arm__core__mpu.a(arm_core_mpu.c.obj)
[...]
Memory Configuration

Name             Origin             Length             Attributes
FLASH            0x0000000000000000 0x0000000000100000 xr
RAM              0x0000000020000000 0x0000000000040000 xw
IDT_LIST         0x00000000ffff7fff 0x0000000000008000 xw
*default*        0x0000000000000000 0xffffffffffffffff

Linker script and memory map

                0x0000000000009788                vfprintf = __l_vfprintf
                0x0000000000000000                vfscanf = __l_vfscanf
LOAD zephyr/CMakeFiles/zephyr_final.dir/misc/empty_file.c.obj
LOAD zephyr/CMakeFiles/zephyr_final.dir/isr_tables.c.obj
LOAD zephyr/CMakeFiles/offsets.dir/./arch/arm/core/offsets/offsets.c.obj
LOAD app/libapp.a
LOAD zephyr/libzephyr.a
LOAD zephyr/arch/common/libarch__common.a
LOAD zephyr/arch/arch/arm/core/libarch__arm__core.a
LOAD zephyr/arch/arch/arm/core/cortex_m/libarch__arm__core__cortex_m.a
LOAD zephyr/arch/arch/arm/core/mpu/libarch__arm__core__mpu.a
LOAD zephyr/lib/libc/picolibc/liblib__libc__picolibc.a
LOAD zephyr/lib/libc/common/liblib__libc__common.a
LOAD zephyr/soc/soc/nrf52840/libsoc__nordic.a
LOAD zephyr/drivers/clock_control/libdrivers__clock_control.a
LOAD zephyr/drivers/console/libdrivers__console.a
LOAD zephyr/drivers/gpio/libdrivers__gpio.a
LOAD zephyr/drivers/hwinfo/libdrivers__hwinfo.a
LOAD zephyr/drivers/pinctrl/libdrivers__pinctrl.a
LOAD zephyr/drivers/serial/libdrivers__serial.a
LOAD zephyr/drivers/timer/libdrivers__timer.a
LOAD modules/nrf/lib/dk_buttons_and_leds/lib..__nrf__lib__dk_buttons_and_leds.a
LOAD modules/nrf/lib/multithreading_lock/lib..__nrf__lib__multithreading_lock.a
LOAD modules/nrf/lib/fatal_error/lib..__nrf__lib__fatal_error.a
LOAD modules/nrf/subsys/esb/lib..__nrf__subsys__esb.a
LOAD modules/nrf/subsys/mpsl/fem/lib..__nrf__subsys__mpsl__fem.a
LOAD modules/nrf/subsys/mpsl/hwres/lib..__nrf__subsys__mpsl__hwres.a
LOAD modules/nrf/drivers/hw_cc3xx/lib..__nrf__drivers__hw_cc3xx.a
LOAD modules/hal_nordic/modules/hal_nordic/nrfx/libmodules__hal_nordic__nrfx.a
LOAD zephyr/kernel/libkernel.a
LOAD zephyr/arch/common/libisr_tables.a
LOAD C:/ncs/v3.1.1/nrfxlib/crypto/nrf_cc310_platform/lib/cortex-m4/soft-float/no-interrupts/libnrf_cc310_platform_0.9.19.a
LOAD C:/ncs/v3.1.1/nrfxlib/mpsl/fem/common/lib/nrf52/soft-float/libmpsl_fem_common.a
LOAD C:/ncs/v3.1.1/nrfxlib/mpsl/fem/nrf21540_gpio/lib/nrf52/soft-float/libmpsl_fem_nrf21540_gpio.a
LOAD C:/ncs/v3.1.1/nrfxlib/mpsl/fem/nrf21540_gpio_spi/lib/nrf52/soft-float/libmpsl_fem_nrf21540_gpio_spi.a
LOAD C:/ncs/v3.1.1/nrfxlib/mpsl/fem/nrf2220/lib/nrf52/soft-float/libmpsl_fem_nrf2220.a
LOAD C:/ncs/v3.1.1/nrfxlib/mpsl/fem/nrf2240/lib/nrf52/soft-float/libmpsl_fem_nrf2240.a
LOAD C:/ncs/v3.1.1/nrfxlib/mpsl/fem/nrf22xx/lib/nrf52/soft-float/libmpsl_fem_nrf22xx.a
LOAD C:/ncs/v3.1.1/nrfxlib/mpsl/fem/simple_gpio/lib/nrf52/soft-float/libmpsl_fem_simple_gpio.a
LOAD C:/ncs/v3.1.1/nrfxlib/mpsl/lib/nrf52/soft-float/libmpsl.a
LOAD c:\ncs\toolchains\c1a76fddb2\opt\zephyr-sdk\arm-zephyr-eabi\bin\../lib/gcc/../../picolibc/arm-zephyr-eabi/lib/thumb/v7e-m/nofp\libc.a
LOAD c:/ncs/toolchains/c1a76fddb2/opt/zephyr-sdk/arm-zephyr-eabi/bin/../lib/gcc/arm-zephyr-eabi/12.2.0/thumb/v7e-m/nofp\libgcc.a
                0x0000000000000020                _region_min_align = 0x20

.rel.plt        0x0000000000000000        0x0
 *(SORT_BY_ALIGNMENT(.rel.plt))
                [!provide]                        PROVIDE (__rel_iplt_start = .)
 *(SORT_BY_ALIGNMENT(.rel.iplt))
 .rel.iplt      0x0000000000000000        0x0 zephyr/CMakeFiles/zephyr_final.dir/isr_tables.c.obj
                [!provide]                        PROVIDE (__rel_iplt_end = .)

.rela.plt       0x0000000000000000        0x0
 *(SORT_BY_ALIGNMENT(.rela.plt))
                [!provide]                        PROVIDE (__rela_iplt_start = .)
 *(SORT_BY_ALIGNMENT(.rela.iplt))
                [!provide]                        PROVIDE (__rela_iplt_end = .)

.rel.dyn
 *(SORT_BY_ALIGNMENT(.rel.*))

.rela.dyn
 *(SORT_BY_ALIGNMENT(.rela.*))

/DISCARD/
 *(SORT_BY_ALIGNMENT(.plt))

/DISCARD/
 *(SORT_BY_ALIGNMENT(.iplt))
                0x0000000000000000                __rom_region_start = 0x0

rom_start       0x0000000000000000      0x100
                0x0000000000000000                __rom_start_address = .
 FILL mask 0x00
                0x0000000000000000                . = (. + (0x0 - (. - __rom_start_address)))
                0x0000000000000000                . = ALIGN (0x4)
                0x0000000000000000                . = ALIGN (0x80)
                0x0000000000000000                . = ALIGN (0x100)
                0x0000000000000000                _vector_start = .
 *(SORT_BY_ALIGNMENT(.exc_vector_table))
 *(SORT_BY_ALIGNMENT(.exc_vector_table.*))
 .exc_vector_table._vector_table_section
                0x0000000000000000       0x40 zephyr/arch/arch/arm/core/cortex_m/libarch__arm__core__cortex_m.a(vector_table.S.obj)
                0x0000000000000000                _vector_table
 *(SORT_BY_ALIGNMENT(.vectors))
                0x0000000000000100                _vector_end = .
                0x0000000000000040                . = ALIGN (0x4)
 *(SORT_BY_ALIGNMENT(.gnu.linkonce.irq_vector_table*))
 .gnu.linkonce.irq_vector_table
                0x0000000000000040       0xc0 zephyr/CMakeFiles/zephyr_final.dir/isr_tables.c.obj
                0x0000000000000040                _irq_vector_table
                0x0000000000000100                _vector_end = .

text            0x0000000000000100     0xa3f4
                0x0000000000000100                __text_region_start = .
 *(SORT_BY_ALIGNMENT(.text))
 .text          0x0000000000000100       0x14 C:/ncs/v3.1.1/nrfxlib/mpsl/fem/common/lib/nrf52/soft-float/libmpsl_fem_common.a(libmpsl_fem_common_debug_soft__obfuscated.elf)
                0x0000000000000100                sym_LKZ3ZNP3R7LS45BGGBRO6PNYTTOZOJGPU7W5PCA
 .text          0x0000000000000114        0xc C:/ncs/v3.1.1/nrfxlib/mpsl/fem/common/lib/nrf52/soft-float/libmpsl_fem_common.a(libmpsl_fem_common_debug_soft__obfuscated.elf)
                0x0000000000000114                mpsl_fem_enable
 .text          0x0000000000000120        0xc C:/ncs/v3.1.1/nrfxlib/mpsl/fem/common/lib/nrf52/soft-float/libmpsl_fem_common.a(libmpsl_fem_common_debug_soft__obfuscated.elf)
                0x0000000000000120                mpsl_fem_disable
 .text          0x000000000000012c        0xc C:/ncs/v3.1.1/nrfxlib/mpsl/fem/common/lib/nrf52/soft-float/libmpsl_fem_common.a(libmpsl_fem_common_debug_soft__obfuscated.elf)
                0x000000000000012c                mpsl_fem_pa_configuration_set
 .text          0x0000000000000138        0xc C:/ncs/v3.1.1/nrfxlib/mpsl/fem/common/lib/nrf52/soft-float/libmpsl_fem_common.a(libmpsl_fem_common_debug_soft__obfuscated.elf)
                0x0000000000000138                mpsl_fem_lna_configuration_set
 .text          0x0000000000000144        0xc C:/ncs/v3.1.1/nrfxlib/mpsl/fem/common/lib/nrf52/soft-float/libmpsl_fem_common.a(libmpsl_fem_common_debug_soft__obfuscated.elf)
                0x0000000000000144                mpsl_fem_pa_configuration_clear
 .text          0x0000000000000150        0xc C:/ncs/v3.1.1/nrfxlib/mpsl/fem/common/lib/nrf52/soft-float/libmpsl_fem_common.a(libmpsl_fem_common_debug_soft__obfuscated.elf)
                0x0000000000000150                mpsl_fem_lna_configuration_clear
 .text          0x000000000000015c        0xc C:/ncs/v3.1.1/nrfxlib/mpsl/fem/common/lib/nrf52/soft-float/libmpsl_fem_common.a(libmpsl_fem_common_debug_soft__obfuscated.elf)
                0x000000000000015c                mpsl_fem_deactivate_now
 .text          0x0000000000000168        0xc C:/ncs/v3.1.1/nrfxlib/mpsl/fem/common/lib/nrf52/soft-float/libmpsl_fem_common.a(libmpsl_fem_common_debug_soft__obfuscated.elf)
                0x0000000000000168                mpsl_fem_pa_power_control_set
 .text          0x0000000000000174       0x18 C:/ncs/v3.1.1/nrfxlib/mpsl/fem/common/lib/nrf52/soft-float/libmpsl_fem_common.a(libmpsl_fem_common_debug_soft__obfuscated.elf)
                0x0000000000000174                mpsl_fem_tx_power_split
 .text          0x000000000000018c        0xc C:/ncs/v3.1.1/nrfxlib/mpsl/fem/common/lib/nrf52/soft-float/libmpsl_fem_common.a(libmpsl_fem_common_debug_soft__obfuscated.elf)
                0x000000000000018c                mpsl_fem_device_config_254_apply_set
 .text          0x0000000000000198       0x34 C:/ncs/v3.1.1/nrfxlib/mpsl/fem/common/lib/nrf52/soft-float/libmpsl_fem_common.a(libmpsl_fem_common_debug_soft__obfuscated.elf)
 .text          0x00000000000001cc       0x80 C:/ncs/v3.1.1/nrfxlib/mpsl/fem/common/lib/nrf52/soft-float/libmpsl_fem_common.a(libmpsl_fem_common_debug_soft__obfuscated.elf)
                0x00000000000001cc                sym_BHY4MAHTIVFBMBFGJAUSVKDDCYREZ6KCD3O7POA
 .text          0x000000000000024c       0x10 C:/ncs/v3.1.1/nrfxlib/mpsl/fem/common/lib/nrf52/soft-float/libmpsl_fem_common.a(libmpsl_fem_common_debug_soft__obfuscated.elf)
                0x000000000000024c                sym_6TQUPGH3JCOXHF5S5KOV5JVT7ENJIB42OACFZEY
 .text          0x000000000000025c       0x18 C:/ncs/v3.1.1/nrfxlib/mpsl/fem/common/lib/nrf52/soft-float/libmpsl_fem_common.a(libmpsl_fem_common_debug_soft__obfuscated.elf)
                0x000000000000025c                sym_UZUI4YQAV7IWWBS4QSQS6JUSLV3JFA6COL6SGJQ
 .text          0x0000000000000274       0x10 C:/ncs/v3.1.1/nrfxlib/mpsl/fem/common/lib/nrf52/soft-float/libmpsl_fem_common.a(libmpsl_fem_common_debug_soft__obfuscated.elf)
                0x0000000000000274                sym_XCJWKZY7PLHQ3WYDBXY2N635EFQYR732K4ZIXUI
 .text          0x0000000000000284       0x1c C:/ncs/v3.1.1/nrfxlib/mpsl/fem/common/lib/nrf52/soft-float/libmpsl_fem_common.a(libmpsl_fem_common_debug_soft__obfuscated.elf)
                0x0000000000000284                mpsl_fem_power_model_set
 .text          0x00000000000002a0       0x50 C:/ncs/v3.1.1/nrfxlib/mpsl/fem/common/lib/nrf52/soft-float/libmpsl_fem_common.a(libmpsl_fem_common_debug_soft__obfuscated.elf)
                0x00000000000002a0                sym_6YS25NPP2Y3GGEHFBMBMU7E34GFWND3YBNFV7VI
 .text          0x00000000000002f0       0x28 C:/ncs/v3.1.1/nrfxlib/mpsl/fem/common/lib/nrf52/soft-float/libmpsl_fem_common.a(libmpsl_fem_common_debug_soft__obfuscated.elf)
                0x00000000000002f0                sym_A4MC7UIXGNC54LW7UUZB2X2ZNOK5K3WNZATPYCI
 .text          0x0000000000000318       0x44 C:/ncs/v3.1.1/nrfxlib/mpsl/fem/common/lib/nrf52/soft-float/libmpsl_fem_common.a(libmpsl_fem_common_debug_soft__obfuscated.elf)
                0x0000000000000318                mpsl_fem_utils_available_cc_channels_cache
 .text          0x000000000000035c       0x1c C:/ncs/v3.1.1/nrfxlib/mpsl/fem/common/lib/nrf52/soft-float/libmpsl_fem_common.a(libmpsl_fem_common_debug_soft__obfuscated.elf)
                0x000000000000035c                sym_MC5GOGKRZGKWOLUJXR6OC7JNXZT4I72OCRUOI5Y
 .text          0x0000000000000378       0x20 C:/ncs/v3.1.1/nrfxlib/mpsl/fem/nrf21540_gpio_spi/lib/nrf52/soft-float/libmpsl_fem_nrf21540_gpio_spi.a(libmpsl_fem_nrf21540_gpio_spi_debug_soft__obfuscated.elf)
 .text          0x0000000000000398       0x88 C:/ncs/v3.1.1/nrfxlib/mpsl/fem/nrf21540_gpio_spi/lib/nrf52/soft-float/libmpsl_fem_nrf21540_gpio_spi.a(libmpsl_fem_nrf21540_gpio_spi_debug_soft__obfuscated.elf)
 .text          0x0000000000000420        0x8 C:/ncs/v3.1.1/nrfxlib/mpsl/fem/nrf21540_gpio_spi/lib/nrf52/soft-float/libmpsl_fem_nrf21540_gpio_spi.a(libmpsl_fem_nrf21540_gpio_spi_debug_soft__obfuscated.elf)
                0x0000000000000420                mpsl_fem_nrf21540_power_model_builtin_get
 .text          0x0000000000000428      0x29c C:/ncs/v3.1.1/nrfxlib/mpsl/fem/nrf21540_gpio_spi/lib/nrf52/soft-float/libmpsl_fem_nrf21540_gpio_spi.a(libmpsl_fem_nrf21540_gpio_spi_debug_soft__obfuscated.elf)
                0x0000000000000428                mpsl_fem_nrf21540_power_model_builtin_update
 .text          0x00000000000006c4       0x68 C:/ncs/v3.1.1/nrfxlib/mpsl/fem/nrf21540_gpio_spi/lib/nrf52/soft-float/libmpsl_fem_nrf21540_gpio_spi.a(libmpsl_fem_nrf21540_gpio_spi_debug_soft__obfuscated.elf)
                0x00000000000006c4                sym_CMW5Y2V4ZAQWO6OLYO7TFQKQPIHLUEEKEX6J7BY
 .text          0x000000000000072c       0xf8 C:/ncs/v3.1.1/nrfxlib/mpsl/fem/nrf21540_gpio_spi/lib/nrf52/soft-float/libmpsl_fem_nrf21540_gpio_spi.a(libmpsl_fem_nrf21540_gpio_spi_debug_soft__obfuscated.elf)
                0x000000000000072c                sym_GZJBVNDHXMKZOTW7SXFZ5ASE4TUCNHPHBCHOL5Y
 .text          0x0000000000000824       0x3c C:/ncs/v3.1.1/nrfxlib/mpsl/fem/nrf21540_gpio_spi/lib/nrf52/soft-float/libmpsl_fem_nrf21540_gpio_spi.a(libmpsl_fem_nrf21540_gpio_spi_debug_soft__obfuscated.elf)
 .text          0x0000000000000860      0x190 C:/ncs/v3.1.1/nrfxlib/mpsl/fem/nrf21540_gpio_spi/lib/nrf52/soft-float/libmpsl_fem_nrf21540_gpio_spi.a(libmpsl_fem_nrf21540_gpio_spi_debug_soft__obfuscated.elf)
 .text          0x00000000000009f0       0x4c C:/ncs/v3.1.1/nrfxlib/mpsl/fem/nrf21540_gpio_spi/lib/nrf52/soft-float/libmpsl_fem_nrf21540_gpio_spi.a(libmpsl_fem_nrf21540_gpio_spi_debug_soft__obfuscated.elf)
 .text          0x0000000000000a3c       0x68 C:/ncs/v3.1.1/nrfxlib/mpsl/fem/nrf21540_gpio_spi/lib/nrf52/soft-float/libmpsl_fem_nrf21540_gpio_spi.a(libmpsl_fem_nrf21540_gpio_spi_debug_soft__obfuscated.elf)
 .text          0x0000000000000aa4       0x64 C:/ncs/v3.1.1/nrfxlib/mpsl/fem/nrf21540_gpio_spi/lib/nrf52/soft-float/libmpsl_fem_nrf21540_gpio_spi.a(libmpsl_fem_nrf21540_gpio_spi_debug_soft__obfuscated.elf)
                0x0000000000000aa4                sym_5ARGUOYC7SE52CVYB33IGZ5VD22F4INPWCDRP7I
 .text          0x0000000000000b08       0x4c C:/ncs/v3.1.1/nrfxlib/mpsl/fem/nrf21540_gpio_spi/lib/nrf52/soft-float/libmpsl_fem_nrf21540_gpio_spi.a(libmpsl_fem_nrf21540_gpio_spi_debug_soft__obfuscated.elf)
                0x0000000000000b08                sym_GNO53WX7T2VLI5MYFJB35JR4OSL6KXPQWKO5QSI
 .text          0x0000000000000b54       0x10 C:/ncs/v3.1.1/nrfxlib/mpsl/fem/nrf21540_gpio_spi/lib/nrf52/soft-float/libmpsl_fem_nrf21540_gpio_spi.a(libmpsl_fem_nrf21540_gpio_spi_debug_soft__obfuscated.elf)
 .text          0x0000000000000b64        0xc C:/ncs/v3.1.1/nrfxlib/mpsl/fem/nrf21540_gpio_spi/lib/nrf52/soft-float/libmpsl_fem_nrf21540_gpio_spi.a(libmpsl_fem_nrf21540_gpio_spi_debug_soft__obfuscated.elf)
 .text          0x0000000000000b70        0xc C:/ncs/v3.1.1/nrfxlib/mpsl/fem/nrf21540_gpio_spi/lib/nrf52/soft-float/libmpsl_fem_nrf21540_gpio_spi.a(libmpsl_fem_nrf21540_gpio_spi_debug_soft__obfuscated.elf)
 .text          0x0000000000000b7c        0xc C:/ncs/v3.1.1/nrfxlib/mpsl/fem/nrf21540_gpio_spi/lib/nrf52/soft-float/libmpsl_fem_nrf21540_gpio_spi.a(libmpsl_fem_nrf21540_gpio_spi_debug_soft__obfuscated.elf)
 .text          0x0000000000000b88        0xc C:/ncs/v3.1.1/nrfxlib/mpsl/fem/nrf21540_gpio_spi/lib/nrf52/soft-float/libmpsl_fem_nrf21540_gpio_spi.a(libmpsl_fem_nrf21540_gpio_spi_debug_soft__obfuscated.elf)
 .text          0x0000000000000b94        0xc C:/ncs/v3.1.1/nrfxlib/mpsl/fem/nrf21540_gpio_spi/lib/nrf52/soft-float/libmpsl_fem_nrf21540_gpio_spi.a(libmpsl_fem_nrf21540_gpio_spi_debug_soft__obfuscated.elf)
 .text          0x0000000000000ba0        0xc C:/ncs/v3.1.1/nrfxlib/mpsl/fem/nrf21540_gpio_spi/lib/nrf52/soft-float/libmpsl_fem_nrf21540_gpio_spi.a(libmpsl_fem_nrf21540_gpio_spi_debug_soft__obfuscated.elf)
 .text          0x0000000000000bac        0xc C:/ncs/v3.1.1/nrfxlib/mpsl/fem/nrf21540_gpio_spi/lib/nrf52/soft-float/libmpsl_fem_nrf21540_gpio_spi.a(libmpsl_fem_nrf21540_gpio_spi_debug_soft__obfuscated.elf)
 .text          0x0000000000000bb8       0x28 C:/ncs/v3.1.1/nrfxlib/mpsl/fem/nrf21540_gpio_spi/lib/nrf52/soft-float/libmpsl_fem_nrf21540_gpio_spi.a(libmpsl_fem_nrf21540_gpio_spi_debug_soft__obfuscated.elf)
 .text          0x0000000000000be0       0x84 C:/ncs/v3.1.1/nrfxlib/mpsl/fem/nrf21540_gpio_spi/lib/nrf52/soft-float/libmpsl_fem_nrf21540_gpio_spi.a(libmpsl_fem_nrf21540_gpio_spi_debug_soft__obfuscated.elf)
 .text          0x0000000000000c64       0x14 C:/ncs/v3.1.1/nrfxlib/mpsl/fem/nrf21540_gpio_spi/lib/nrf52/soft-float/libmpsl_fem_nrf21540_gpio_spi.a(libmpsl_fem_nrf21540_gpio_spi_debug_soft__obfuscated.elf)
 .text          0x0000000000000c78       0x44 C:/ncs/v3.1.1/nrfxlib/mpsl/fem/nrf21540_gpio_spi/lib/nrf52/soft-float/libmpsl_fem_nrf21540_gpio_spi.a(libmpsl_fem_nrf21540_gpio_spi_debug_soft__obfuscated.elf)
 .text          0x0000000000000cbc       0x1c C:/ncs/v3.1.1/nrfxlib/mpsl/fem/nrf21540_gpio_spi/lib/nrf52/soft-float/libmpsl_fem_nrf21540_gpio_spi.a(libmpsl_fem_nrf21540_gpio_spi_debug_soft__obfuscated.elf)
 .text          0x0000000000000cd8       0x20 C:/ncs/v3.1.1/nrfxlib/mpsl/fem/nrf21540_gpio_spi/lib/nrf52/soft-float/libmpsl_fem_nrf21540_gpio_spi.a(libmpsl_fem_nrf21540_gpio_spi_debug_soft__obfuscated.elf)
                0x0000000000000cd8                mpsl_fem_nrf21540_gpio_spi_interface_config_set
 .text          0x0000000000000cf8       0x54 C:/ncs/v3.1.1/nrfxlib/mpsl/lib/nrf52/soft-float/libmpsl.a(libmpsl_debug_soft__obfuscated.elf)
                0x0000000000000cf8                sym_VWOYI7XCNXBFVPWSS6WFJ2CWKPJYCMRRQTU7QWQ
 .text          0x0000000000000d4c       0x20 C:/ncs/v3.1.1/nrfxlib/mpsl/lib/nrf52/soft-float/libmpsl.a(libmpsl_debug_soft__obfuscated.elf)
                0x0000000000000d4c                mpsl_tx_power_radio_supported_power_adjust
 .text          0x0000000000000d6c       0x1c C:/ncs/v3.1.1/nrfxlib/mpsl/lib/nrf52/soft-float/libmpsl.a(libmpsl_debug_soft__obfuscated.elf)
                0x0000000000000d6c                sym_GSPGTRRPSGMCZ4HFNY7JZBLS7HZRCJ7ZTIDYHWA
 .text          0x0000000000000d88       0x80 C:/ncs/v3.1.1/nrfxlib/mpsl/lib/nrf52/soft-float/libmpsl.a(libmpsl_debug_soft__obfuscated.elf)
                0x0000000000000d88                sym_JBMIQXYLJQQB56KLSIZ2WVKBMEMRZHLRBGLEPTA
 .text          0x0000000000000e08       0x24 C:/ncs/v3.1.1/nrfxlib/mpsl/lib/nrf52/soft-float/libmpsl.a(libmpsl_debug_soft__obfuscated.elf)
 .text          0x0000000000000e2c       0x14 C:/ncs/v3.1.1/nrfxlib/mpsl/lib/nrf52/soft-float/libmpsl.a(libmpsl_debug_soft__obfuscated.elf)
                0x0000000000000e2c                sym_4JLKMM32SOXCP6XBYAWZDUIMUJIYXLKKDBOFLHI
 .text          0x0000000000000e40       0x58 C:/ncs/v3.1.1/nrfxlib/mpsl/lib/nrf52/soft-float/libmpsl.a(libmpsl_debug_soft__obfuscated.elf)
                0x0000000000000e40                sym_S2UAPMFVIQXDUOA6CV7GJMB33TYHEUH5D6LHO5Q
 .text          0x0000000000000e98       0x7c C:/ncs/v3.1.1/nrfxlib/mpsl/lib/nrf52/soft-float/libmpsl.a(libmpsl_debug_soft__obfuscated.elf)
                0x0000000000000e98                mpsl_temperature_get
 .text          0x0000000000000f14       0x18 C:/ncs/v3.1.1/nrfxlib/mpsl/lib/nrf52/soft-float/libmpsl.a(libmpsl_debug_soft__obfuscated.elf)
                0x0000000000000f14                sym_CG4RHEKAJT5SDDAMNZDGCGOIJ7U3JN5EOJ5RYKA
 .text          0x0000000000000f2c       0x14 C:/ncs/v3.1.1/nrfxlib/mpsl/lib/nrf52/soft-float/libmpsl.a(libmpsl_debug_soft__obfuscated.elf)
                0x0000000000000f2c                sym_BN6ZO2NBHRGKZ2NRQYWFBXVGKNG6Y5K55UNAWGA
 .text          0x0000000000000f40       0x14 C:/ncs/v3.1.1/nrfxlib/mpsl/lib/nrf52/soft-float/libmpsl.a(libmpsl_debug_soft__obfuscated.elf)
                0x0000000000000f40                sym_5EMXP3L6SPQSCAJKKRH62ZOKJCCSKLI3WEX2WHY
 .text          0x0000000000000f54       0x14 C:/ncs/v3.1.1/nrfxlib/mpsl/lib/nrf52/soft-float/libmpsl.a(libmpsl_debug_soft__obfuscated.elf)
                0x0000000000000f54                sym_H2QJCU2ORTYAFBAQQ2FHUYIAZO4HCXEKCQ4SS2Q
 .text          0x0000000000000f68       0x14 C:/ncs/v3.1.1/nrfxlib/mpsl/lib/nrf52/soft-float/libmpsl.a(libmpsl_debug_soft__obfuscated.elf)
                0x0000000000000f68                sym_SWIBDSDMHUYNCG5ZWLB52J7NETJIUBPCO5IIQFA
 .text          0x0000000000000f7c       0x18 C:/ncs/v3.1.1/nrfxlib/mpsl/lib/nrf52/soft-float/libmpsl.a(libmpsl_debug_soft__obfuscated.elf)
                0x0000000000000f7c                sym_QPP3IZFSWHUV4JQ6ODMIVIARPB4PQYUFESV7BRQ
 .text          0x0000000000000f94       0x14 C:/ncs/v3.1.1/nrfxlib/mpsl/lib/nrf52/soft-float/libmpsl.a(libmpsl_debug_soft__obfuscated.elf)
                0x0000000000000f94                sym_6PVOPWDLWTXOTRZZ7LP36TLYTLPTQHNAUQNFHEA
 .text          0x0000000000000fa8       0x14 C:/ncs/v3.1.1/nrfxlib/mpsl/lib/nrf52/soft-float/libmpsl.a(libmpsl_debug_soft__obfuscated.elf)
                0x0000000000000fa8                sym_USR4MDT6VMTQLOGKNN4MALBZ3GJPD2KOEY4HFAQ
 .text          0x0000000000000fbc       0x54 C:/ncs/v3.1.1/nrfxlib/mpsl/lib/nrf52/soft-float/libmpsl.a(libmpsl_debug_soft__obfuscated.elf)
 .text          0x0000000000001010       0xd8 C:/ncs/v3.1.1/nrfxlib/mpsl/lib/nrf52/soft-float/libmpsl.a(libmpsl_debug_soft__obfuscated.elf)
                0x0000000000001010                sym_VSILKYHVQ5DVF6LG5MG267DQVA3A2XZQ6FSCLXA
 .text          0x00000000000010e8        0xe C:/ncs/v3.1.1/nrfxlib/mpsl/fem/common/lib/nrf52/soft-float/libmpsl_fem_common.a(libmpsl_fem_common_debug_soft__obfuscated.elf)
                0x00000000000010e8                mpsl_fem_init
 .text          0x00000000000010f6       0x20 C:/ncs/v3.1.1/nrfxlib/mpsl/fem/common/lib/nrf52/soft-float/libmpsl_fem_common.a(libmpsl_fem_common_debug_soft__obfuscated.elf)
                0x00000000000010f6                sym_PX4SKXGNX25XLMGGWQM65ZRFHI6666YGHL6AYMA
 .text          0x0000000000001116       0x1c C:/ncs/v3.1.1/nrfxlib/mpsl/fem/common/lib/nrf52/soft-float/libmpsl_fem_common.a(libmpsl_fem_common_debug_soft__obfuscated.elf)
                0x0000000000001116                sym_4YHBVCYM7WDWUSNNCR55L4ELYTPDQHTPXNWX7AA
 .text          0x0000000000001132       0x28 C:/ncs/v3.1.1/nrfxlib/mpsl/fem/common/lib/nrf52/soft-float/libmpsl_fem_common.a(libmpsl_fem_common_debug_soft__obfuscated.elf)
                0x0000000000001132                sym_ECVUNLUE75MH4IFHQABUWIWXLABULY5DCISIGIY
 .text          0x000000000000115a       0x14 C:/ncs/v3.1.1/nrfxlib/mpsl/fem/common/lib/nrf52/soft-float/libmpsl_fem_common.a(libmpsl_fem_common_debug_soft__obfuscated.elf)
                0x000000000000115a                sym_LIRJIIMSZVJ2INWWKD6Z5HGIIFZQH3ZOG32HGUQ
 .text          0x000000000000116e       0x28 C:/ncs/v3.1.1/nrfxlib/mpsl/fem/common/lib/nrf52/soft-float/libmpsl_fem_common.a(libmpsl_fem_common_debug_soft__obfuscated.elf)
                0x000000000000116e                sym_LVM57BXH7IQ6UKPTOOSUXCI45CIUBQTZTCISWXQ
 .text          0x0000000000001196        0x6 C:/ncs/v3.1.1/nrfxlib/mpsl/fem/common/lib/nrf52/soft-float/libmpsl_fem_common.a(libmpsl_fem_common_debug_soft__obfuscated.elf)
 .text          0x000000000000119c        0x2 C:/ncs/v3.1.1/nrfxlib/mpsl/fem/common/lib/nrf52/soft-float/libmpsl_fem_common.a(libmpsl_fem_common_debug_soft__obfuscated.elf)
 .text          0x000000000000119e        0x4 C:/ncs/v3.1.1/nrfxlib/mpsl/fem/common/lib/nrf52/soft-float/libmpsl_fem_common.a(libmpsl_fem_common_debug_soft__obfuscated.elf)
 .text          0x00000000000011a2        0x6 C:/ncs/v3.1.1/nrfxlib/mpsl/fem/common/lib/nrf52/soft-float/libmpsl_fem_common.a(libmpsl_fem_common_debug_soft__obfuscated.elf)
 .text          0x00000000000011a8        0x6 C:/ncs/v3.1.1/nrfxlib/mpsl/fem/common/lib/nrf52/soft-float/libmpsl_fem_common.a(libmpsl_fem_common_debug_soft__obfuscated.elf)
 .text          0x00000000000011ae        0x2 C:/ncs/v3.1.1/nrfxlib/mpsl/fem/common/lib/nrf52/soft-float/libmpsl_fem_common.a(libmpsl_fem_common_debug_soft__obfuscated.elf)
 .text          0x00000000000011b0        0x6 C:/ncs/v3.1.1/nrfxlib/mpsl/fem/common/lib/nrf52/soft-float/libmpsl_fem_common.a(libmpsl_fem_common_debug_soft__obfuscated.elf)
 .text          0x00000000000011b6        0x4 C:/ncs/v3.1.1/nrfxlib/mpsl/fem/common/lib/nrf52/soft-float/libmpsl_fem_common.a(libmpsl_fem_common_debug_soft__obfuscated.elf)
 .text          0x00000000000011ba        0x4 C:/ncs/v3.1.1/nrfxlib/mpsl/fem/common/lib/nrf52/soft-float/libmpsl_fem_common.a(libmpsl_fem_common_debug_soft__obfuscated.elf)
 .text          0x00000000000011be        0x6 C:/ncs/v3.1.1/nrfxlib/mpsl/fem/common/lib/nrf52/soft-float/libmpsl_fem_common.a(libmpsl_fem_common_debug_soft__obfuscated.elf)
 .text          0x00000000000011c4        0xa C:/ncs/v3.1.1/nrfxlib/mpsl/fem/common/lib/nrf52/soft-float/libmpsl_fem_common.a(libmpsl_fem_common_debug_soft__obfuscated.elf)
 .text          0x00000000000011ce        0x4 C:/ncs/v3.1.1/nrfxlib/mpsl/fem/common/lib/nrf52/soft-float/libmpsl_fem_common.a(libmpsl_fem_common_debug_soft__obfuscated.elf)
 .text          0x00000000000011d2        0x6 C:/ncs/v3.1.1/nrfxlib/mpsl/fem/common/lib/nrf52/soft-float/libmpsl_fem_common.a(libmpsl_fem_common_debug_soft__obfuscated.elf)
 .text          0x00000000000011d8        0x6 C:/ncs/v3.1.1/nrfxlib/mpsl/fem/common/lib/nrf52/soft-float/libmpsl_fem_common.a(libmpsl_fem_common_debug_soft__obfuscated.elf)
 .text          0x00000000000011de        0x6 C:/ncs/v3.1.1/nrfxlib/mpsl/fem/common/lib/nrf52/soft-float/libmpsl_fem_common.a(libmpsl_fem_common_debug_soft__obfuscated.elf)
 .text          0x00000000000011e4        0x2 C:/ncs/v3.1.1/nrfxlib/mpsl/fem/common/lib/nrf52/soft-float/libmpsl_fem_common.a(libmpsl_fem_common_debug_soft__obfuscated.elf)
 .text          0x00000000000011e6       0x22 C:/ncs/v3.1.1/nrfxlib/mpsl/fem/nrf21540_gpio_spi/lib/nrf52/soft-float/libmpsl_fem_nrf21540_gpio_spi.a(libmpsl_fem_nrf21540_gpio_spi_debug_soft__obfuscated.elf)
 .text          0x0000000000001208       0x1c C:/ncs/v3.1.1/nrfxlib/mpsl/fem/nrf21540_gpio_spi/lib/nrf52/soft-float/libmpsl_fem_nrf21540_gpio_spi.a(libmpsl_fem_nrf21540_gpio_spi_debug_soft__obfuscated.elf)
                0x0000000000001208                sym_HYJVDKKJQTKLMNG7YVST4N7OHEC7S2J72M7FN3Q
 .text          0x0000000000001224       0x6e C:/ncs/v3.1.1/nrfxlib/mpsl/fem/nrf21540_gpio_spi/lib/nrf52/soft-float/libmpsl_fem_nrf21540_gpio_spi.a(libmpsl_fem_nrf21540_gpio_spi_debug_soft__obfuscated.elf)
                0x0000000000001224                sym_LT4ABRCLBHOWJV3JCGTRKBJSIHIENI5BAGNTVEQ
 .text          0x0000000000001292       0x48 C:/ncs/v3.1.1/nrfxlib/mpsl/fem/nrf21540_gpio_spi/lib/nrf52/soft-float/libmpsl_fem_nrf21540_gpio_spi.a(libmpsl_fem_nrf21540_gpio_spi_debug_soft__obfuscated.elf)
                0x0000000000001292                sym_I3Z2GQRGKQWA5EQS23LZRSTLKW6RHV35I6AIDQY
 .text          0x00000000000012da       0x10 C:/ncs/v3.1.1/nrfxlib/mpsl/fem/nrf21540_gpio_spi/lib/nrf52/soft-float/libmpsl_fem_nrf21540_gpio_spi.a(libmpsl_fem_nrf21540_gpio_spi_debug_soft__obfuscated.elf)
                0x00000000000012da                sym_CYPFJQT7BJKE7MOREHIKZCNLQC7DT5MGP65YPPA
 .text          0x00000000000012ea       0x26 C:/ncs/v3.1.1/nrfxlib/mpsl/fem/nrf21540_gpio_spi/lib/nrf52/soft-float/libmpsl_fem_nrf21540_gpio_spi.a(libmpsl_fem_nrf21540_gpio_spi_debug_soft__obfuscated.elf)
                0x00000000000012ea                sym_PJP2I5YGXYOM6KRWZNHOYCIK3ZWMPQAG5MWMT3Q
 .text          0x0000000000001310       0x1e C:/ncs/v3.1.1/nrfxlib/mpsl/fem/nrf21540_gpio_spi/lib/nrf52/soft-float/libmpsl_fem_nrf21540_gpio_spi.a(libmpsl_fem_nrf21540_gpio_spi_debug_soft__obfuscated.elf)
                0x0000000000001310                sym_5YDHSN36VZCBWZPXENZQZ2OQO2XSXZ4F43UPL5I
 .text          0x000000000000132e       0x44 C:/ncs/v3.1.1/nrfxlib/mpsl/fem/nrf21540_gpio_spi/lib/nrf52/soft-float/libmpsl_fem_nrf21540_gpio_spi.a(libmpsl_fem_nrf21540_gpio_spi_debug_soft__obfuscated.elf)
                0x000000000000132e                sym_5CGC5JGMHUVUKBLLD3ZWEN2APXVIJO5IBC6GPFQ
 .text          0x0000000000001372       0x44 C:/ncs/v3.1.1/nrfxlib/mpsl/fem/nrf21540_gpio_spi/lib/nrf52/soft-float/libmpsl_fem_nrf21540_gpio_spi.a(libmpsl_fem_nrf21540_gpio_spi_debug_soft__obfuscated.elf)
                0x0000000000001372                sym_H7FZF7VLT4LA6X7DKIXGT55DTYFUQA2APQNV3IA
 .text          0x00000000000013b6       0x38 C:/ncs/v3.1.1/nrfxlib/mpsl/fem/nrf21540_gpio_spi/lib/nrf52/soft-float/libmpsl_fem_nrf21540_gpio_spi.a(libmpsl_fem_nrf21540_gpio_spi_debug_soft__obfuscated.elf)
                0x00000000000013b6                sym_CWZ57I5CGBINYMUGJRGPXGOK5KZ4LSWSEONIJVA
 .text          0x00000000000013ee       0x38 C:/ncs/v3.1.1/nrfxlib/mpsl/fem/nrf21540_gpio_spi/lib/nrf52/soft-float/libmpsl_fem_nrf21540_gpio_spi.a(libmpsl_fem_nrf21540_gpio_spi_debug_soft__obfuscated.elf)
                0x00000000000013ee                sym_6DBDJM3N74LLV7TKURQ65PN2ZCOZLD4NJHJK3BI
 .text          0x0000000000001426       0x42 C:/ncs/v3.1.1/nrfxlib/mpsl/fem/nrf21540_gpio_spi/lib/nrf52/soft-float/libmpsl_fem_nrf21540_gpio_spi.a(libmpsl_fem_nrf21540_gpio_spi_debug_soft__obfuscated.elf)
                0x0000000000001426                sym_OYU2HHXFGMDEENURINB2N3QNGLUQJKU7KJ5GV5A
 .text          0x0000000000001468        0x6 C:/ncs/v3.1.1/nrfxlib/mpsl/fem/nrf21540_gpio_spi/lib/nrf52/soft-float/libmpsl_fem_nrf21540_gpio_spi.a(libmpsl_fem_nrf21540_gpio_spi_debug_soft__obfuscated.elf)
 .text          0x000000000000146e        0x4 C:/ncs/v3.1.1/nrfxlib/mpsl/fem/nrf21540_gpio_spi/lib/nrf52/soft-float/libmpsl_fem_nrf21540_gpio_spi.a(libmpsl_fem_nrf21540_gpio_spi_debug_soft__obfuscated.elf)
 .text          0x0000000000001472        0x4 C:/ncs/v3.1.1/nrfxlib/mpsl/fem/nrf21540_gpio_spi/lib/nrf52/soft-float/libmpsl_fem_nrf21540_gpio_spi.a(libmpsl_fem_nrf21540_gpio_spi_debug_soft__obfuscated.elf)
 .text          0x0000000000001476       0x22 C:/ncs/v3.1.1/nrfxlib/mpsl/fem/nrf21540_gpio_spi/lib/nrf52/soft-float/libmpsl_fem_nrf21540_gpio_spi.a(libmpsl_fem_nrf21540_gpio_spi_debug_soft__obfuscated.elf)
 .text          0x0000000000001498        0xa C:/ncs/v3.1.1/nrfxlib/mpsl/fem/nrf21540_gpio_spi/lib/nrf52/soft-float/libmpsl_fem_nrf21540_gpio_spi.a(libmpsl_fem_nrf21540_gpio_spi_debug_soft__obfuscated.elf)
                0x0000000000001498                sym_WX6UB7ZVT4L7KZVG3JEYCY7OOPKVKNWPNDVIYJY
 .text          0x00000000000014a2      0x1a0 C:/ncs/v3.1.1/nrfxlib/mpsl/fem/nrf21540_gpio_spi/lib/nrf52/soft-float/libmpsl_fem_nrf21540_gpio_spi.a(libmpsl_fem_nrf21540_gpio_spi_debug_soft__obfuscated.elf)
                0x00000000000014a2                sym_2PMPHOGN3XB4453LBRPMK5WLHLU676WSIHBRGHI
 .text          0x0000000000001642        0x4 C:/ncs/v3.1.1/nrfxlib/mpsl/lib/nrf52/soft-float/libmpsl.a(libmpsl_debug_soft__obfuscated.elf)
                0x0000000000001642                sym_PAD7XREQQORPXRJMXMW2EYVS4S43S42A5D43SBA
 .text          0x0000000000001646        0xc C:/ncs/v3.1.1/nrfxlib/mpsl/lib/nrf52/soft-float/libmpsl.a(libmpsl_debug_soft__obfuscated.elf)
 .text          0x0000000000001652        0x4 C:/ncs/v3.1.1/nrfxlib/mpsl/lib/nrf52/soft-float/libmpsl.a(libmpsl_debug_soft__obfuscated.elf)
 .text          0x0000000000001656        0x8 C:/ncs/v3.1.1/nrfxlib/mpsl/lib/nrf52/soft-float/libmpsl.a(libmpsl_debug_soft__obfuscated.elf)
 .text          0x000000000000165e        0x4 C:/ncs/v3.1.1/nrfxlib/mpsl/lib/nrf52/soft-float/libmpsl.a(libmpsl_debug_soft__obfuscated.elf)
 .text          0x0000000000001662        0x4 C:/ncs/v3.1.1/nrfxlib/mpsl/lib/nrf52/soft-float/libmpsl.a(libmpsl_debug_soft__obfuscated.elf)
 *(SORT_BY_ALIGNMENT(.text.*))
 *fill*         0x0000000000001666        0x2 
 .text.init_device_info
                0x0000000000001668       0x28 app/libapp.a(device_info.c.obj)
                0x0000000000001668                init_device_info
 .text.get_device_id
                0x0000000000001690        0xc app/libapp.a(device_info.c.obj)
                0x0000000000001690                get_device_id
 .text.event_handler
                0x000000000000169c       0x64 app/libapp.a(main.c.obj)
                0x000000000000169c                event_handler
 .text.log_and_validate_bitrate
                0x0000000000001700       0x28 app/libapp.a(main.c.obj)
                0x0000000000001700                log_and_validate_bitrate
 .text.clocks_start
                0x0000000000001728       0x68 app/libapp.a(main.c.obj)
                0x0000000000001728                clocks_start
 .text.esb_initialize
                0x0000000000001790       0x98 app/libapp.a(main.c.obj)
                0x0000000000001790                esb_initialize
 .text.main     0x0000000000001828      0x3e0 app/libapp.a(main.c.obj)
                0x0000000000001828                main
 .text.get_current_tx_power_dbm
                0x0000000000001c08       0x8c app/libapp.a(radio_utils.c.obj)
                0x0000000000001c08                get_current_tx_power_dbm
 .text.tx_power_supported
                0x0000000000001c94       0x38 app/libapp.a(radio_utils.c.obj)
                0x0000000000001c94                tx_power_supported
 .text.sys_heap_init
                0x0000000000001ccc       0xe4 zephyr/libzephyr.a(heap.c.obj)
                0x0000000000001ccc                sys_heap_init
 .text.char_out
                0x0000000000001db0        0xc zephyr/libzephyr.a(printk.c.obj)
 .text.__printk_hook_install
                0x0000000000001dbc        0xc zephyr/libzephyr.a(printk.c.obj)
                0x0000000000001dbc                __printk_hook_install
 .text.vprintk  0x0000000000001dc8       0x30 zephyr/libzephyr.a(printk.c.obj)
                0x0000000000001dc8                vprintk
 .text.z_thread_entry
                0x0000000000001df8       0x34 zephyr/libzephyr.a(thread_entry.c.obj)
                0x0000000000001df8                z_thread_entry
 .text.sys_reboot
                0x0000000000001e2c       0x2c zephyr/libzephyr.a(reboot.c.obj)
                0x0000000000001e2c                sys_reboot
 .text.process_event
                0x0000000000001e58      0x338 zephyr/libzephyr.a(onoff.c.obj)
 .text.transition_complete
                0x0000000000002190       0x50 zephyr/libzephyr.a(onoff.c.obj)
 .text.onoff_request
                0x00000000000021e0      0x108 zephyr/libzephyr.a(onoff.c.obj)
                0x00000000000021e0                onoff_request
 .text.sys_notify_finalize
                0x00000000000022e8       0x38 zephyr/libzephyr.a(notify.c.obj)
                0x00000000000022e8                sys_notify_finalize
 .text.mem_attr_get_regions
                0x0000000000002320        0xc zephyr/libzephyr.a(mem_attr.c.obj)
                0x0000000000002320                mem_attr_get_regions
 .text.boot_banner
                0x000000000000232c       0x1c zephyr/libzephyr.a(banner.c.obj)
                0x000000000000232c                boot_banner
 .text.nrf_cc3xx_platform_abort_init
                0x0000000000002348        0xc zephyr/libzephyr.a(nrf_cc3xx_platform_abort_zephyr.c.obj)
                0x0000000000002348                nrf_cc3xx_platform_abort_init
 .text.mutex_free_platform
                0x0000000000002354       0x54 zephyr/libzephyr.a(nrf_cc3xx_platform_mutex_zephyr.c.obj)
 .text.mutex_lock_platform
                0x00000000000023a8       0x60 zephyr/libzephyr.a(nrf_cc3xx_platform_mutex_zephyr.c.obj)
 .text.mutex_unlock_platform
                0x0000000000002408       0x58 zephyr/libzephyr.a(nrf_cc3xx_platform_mutex_zephyr.c.obj)
 .text.mutex_init_platform
                0x0000000000002460       0x94 zephyr/libzephyr.a(nrf_cc3xx_platform_mutex_zephyr.c.obj)
 .text.nrf_cc3xx_platform_mutex_init
                0x00000000000024f4       0x2c zephyr/libzephyr.a(nrf_cc3xx_platform_mutex_zephyr.c.obj)
                0x00000000000024f4                nrf_cc3xx_platform_mutex_init
 .text.z_arm_fatal_error
                0x0000000000002520       0x70 zephyr/arch/arch/arm/core/libarch__arm__core.a(fatal.c.obj)
                0x0000000000002520                z_arm_fatal_error
 .text.z_SysNmiOnReset
                0x0000000000002590        0x8 zephyr/arch/arch/arm/core/libarch__arm__core.a(nmi_on_reset.S.obj)
                0x0000000000002590                z_SysNmiOnReset
 .text.arch_tls_stack_setup
                0x0000000000002598       0x40 zephyr/arch/arch/arm/core/libarch__arm__core.a(tls.c.obj)
                0x0000000000002598                arch_tls_stack_setup
 .text._HandlerModeExit
                0x00000000000025d8       0x20 zephyr/arch/arch/arm/core/cortex_m/libarch__arm__core__cortex_m.a(exc_exit.c.obj)
                0x00000000000025d8                z_arm_int_exit
                0x00000000000025d8                z_arm_exc_exit
 .text.mem_manage_fault
                0x00000000000025f8      0x124 zephyr/arch/arch/arm/core/cortex_m/libarch__arm__core__cortex_m.a(fault.c.obj)
 .text.usage_fault.constprop.0
                0x000000000000271c       0xa4 zephyr/arch/arch/arm/core/cortex_m/libarch__arm__core__cortex_m.a(fault.c.obj)
 .text.bus_fault.constprop.0
                0x00000000000027c0       0xc8 zephyr/arch/arch/arm/core/cortex_m/libarch__arm__core__cortex_m.a(fault.c.obj)
 .text.z_arm_fault
                0x0000000000002888      0x1ec zephyr/arch/arch/arm/core/cortex_m/libarch__arm__core__cortex_m.a(fault.c.obj)
                0x0000000000002888                z_arm_fault
 .text.z_arm_fault_init
                0x0000000000002a74       0x18 zephyr/arch/arch/arm/core/cortex_m/libarch__arm__core__cortex_m.a(fault.c.obj)
                0x0000000000002a74                z_arm_fault_init
 .text.__fault  0x0000000000002a8c       0x14 zephyr/arch/arch/arm/core/cortex_m/libarch__arm__core__cortex_m.a(fault_s.S.obj)
                0x0000000000002a8c                z_arm_usage_fault
                0x0000000000002a8c                z_arm_mpu_fault
                0x0000000000002a8c                z_arm_exc_spurious
                0x0000000000002a8c                z_arm_debug_monitor
                0x0000000000002a8c                z_arm_hard_fault
                0x0000000000002a8c                z_arm_bus_fault
 .text._reset_section
                0x0000000000002aa0       0x54 zephyr/arch/arch/arm/core/cortex_m/libarch__arm__core__cortex_m.a(reset.S.obj)
                0x0000000000002aa0                __start
                0x0000000000002aa0                z_arm_reset
 .text.z_arm_clear_arm_mpu_config
                0x0000000000002af4       0x24 zephyr/arch/arch/arm/core/cortex_m/libarch__arm__core__cortex_m.a(scb.c.obj)
                0x0000000000002af4                z_arm_clear_arm_mpu_config
 .text.z_arm_init_arch_hw_at_boot
                0x0000000000002b18       0x64 zephyr/arch/arch/arm/core/cortex_m/libarch__arm__core__cortex_m.a(scb.c.obj)
                0x0000000000002b18                z_arm_init_arch_hw_at_boot
 .text.z_impl_k_thread_abort
                0x0000000000002b7c       0x2c zephyr/arch/arch/arm/core/cortex_m/libarch__arm__core__cortex_m.a(thread_abort.c.obj)
                0x0000000000002b7c                z_impl_k_thread_abort
 .text.z_arm_pendsv
                0x0000000000002ba8       0x60 zephyr/arch/arch/arm/core/cortex_m/libarch__arm__core__cortex_m.a(swap_helper.S.obj)
                0x0000000000002ba8                z_arm_pendsv
 .text.z_arm_svc
                0x0000000000002c08       0x24 zephyr/arch/arch/arm/core/cortex_m/libarch__arm__core__cortex_m.a(swap_helper.S.obj)
                0x0000000000002c08                z_arm_svc
 .text.arm_irq_enable
                0x0000000000002c2c       0x1c zephyr/arch/arch/arm/core/cortex_m/libarch__arm__core__cortex_m.a(irq_manage.c.obj)
                0x0000000000002c2c                arm_irq_enable
 .text.arm_irq_disable
                0x0000000000002c48       0x28 zephyr/arch/arch/arm/core/cortex_m/libarch__arm__core__cortex_m.a(irq_manage.c.obj)
                0x0000000000002c48                arm_irq_disable
 .text.arm_irq_is_enabled
                0x0000000000002c70       0x1c zephyr/arch/arch/arm/core/cortex_m/libarch__arm__core__cortex_m.a(irq_manage.c.obj)
                0x0000000000002c70                arm_irq_is_enabled
 .text.arm_irq_priority_set
                0x0000000000002c8c       0x54 zephyr/arch/arch/arm/core/cortex_m/libarch__arm__core__cortex_m.a(irq_manage.c.obj)
                0x0000000000002c8c                arm_irq_priority_set
 .text.relocate_vector_table
                0x0000000000002ce0       0x1c zephyr/arch/arch/arm/core/cortex_m/libarch__arm__core__cortex_m.a(prep_c.c.obj)
                0x0000000000002ce0                relocate_vector_table
 .text.z_prep_c
                0x0000000000002cfc       0x28 zephyr/arch/arch/arm/core/cortex_m/libarch__arm__core__cortex_m.a(prep_c.c.obj)
                0x0000000000002cfc                z_prep_c
 .text.arch_new_thread
                0x0000000000002d24       0x38 zephyr/arch/arch/arm/core/cortex_m/libarch__arm__core__cortex_m.a(thread.c.obj)
                0x0000000000002d24                arch_new_thread
 .text.z_check_thread_stack_fail
                0x0000000000002d5c       0x2c zephyr/arch/arch/arm/core/cortex_m/libarch__arm__core__cortex_m.a(thread.c.obj)
                0x0000000000002d5c                z_check_thread_stack_fail
 .text.arch_switch_to_main_thread
                0x0000000000002d88       0x3c zephyr/arch/arch/arm/core/cortex_m/libarch__arm__core__cortex_m.a(thread.c.obj)
                0x0000000000002d88                arch_switch_to_main_thread
 .text.z_arm_cpu_idle_init
                0x0000000000002dc4        0xc zephyr/arch/arch/arm/core/cortex_m/libarch__arm__core__cortex_m.a(cpu_idle.c.obj)
                0x0000000000002dc4                z_arm_cpu_idle_init
 .text.z_arm_interrupt_init
                0x0000000000002dd0       0x18 zephyr/arch/arch/arm/core/cortex_m/libarch__arm__core__cortex_m.a(irq_init.c.obj)
                0x0000000000002dd0                z_arm_interrupt_init
 .text._isr_wrapper
                0x0000000000002de8       0x24 zephyr/arch/arch/arm/core/cortex_m/libarch__arm__core__cortex_m.a(isr_wrapper.c.obj)
                0x0000000000002de8                _isr_wrapper
 .text.z_arm_configure_static_mpu_regions
                0x0000000000002e0c       0x18 zephyr/arch/arch/arm/core/mpu/libarch__arm__core__mpu.a(arm_core_mpu.c.obj)
                0x0000000000002e0c                z_arm_configure_static_mpu_regions
 .text.z_arm_configure_dynamic_mpu_regions
                0x0000000000002e24       0x20 zephyr/arch/arch/arm/core/mpu/libarch__arm__core__mpu.a(arm_core_mpu.c.obj)
                0x0000000000002e24                z_arm_configure_dynamic_mpu_regions
 .text.region_allocate_and_init
                0x0000000000002e44       0x4c zephyr/arch/arch/arm/core/mpu/libarch__arm__core__mpu.a(arm_mpu.c.obj)
 .text.mpu_configure_regions
                0x0000000000002e90       0x64 zephyr/arch/arch/arm/core/mpu/libarch__arm__core__mpu.a(arm_mpu.c.obj)
 .text.arm_core_mpu_enable
                0x0000000000002ef4       0x18 zephyr/arch/arch/arm/core/mpu/libarch__arm__core__mpu.a(arm_mpu.c.obj)
                0x0000000000002ef4                arm_core_mpu_enable
 .text.arm_core_mpu_disable
                0x0000000000002f0c       0x14 zephyr/arch/arch/arm/core/mpu/libarch__arm__core__mpu.a(arm_mpu.c.obj)
                0x0000000000002f0c                arm_core_mpu_disable
 .text.arm_core_mpu_configure_static_mpu_regions
                0x0000000000002f20       0x38 zephyr/arch/arch/arm/core/mpu/libarch__arm__core__mpu.a(arm_mpu.c.obj)
                0x0000000000002f20                arm_core_mpu_configure_static_mpu_regions
 .text.arm_core_mpu_configure_dynamic_mpu_regions
                0x0000000000002f58       0x58 zephyr/arch/arch/arm/core/mpu/libarch__arm__core__mpu.a(arm_mpu.c.obj)
                0x0000000000002f58                arm_core_mpu_configure_dynamic_mpu_regions
 .text.z_arm_mpu_init
                0x0000000000002fb0      0x1e8 zephyr/arch/arch/arm/core/mpu/libarch__arm__core__mpu.a(arm_mpu.c.obj)
                0x0000000000002fb0                z_arm_mpu_init
 .text.z_impl_zephyr_fputc
                0x0000000000003198       0x10 zephyr/lib/libc/picolibc/liblib__libc__picolibc.a(stdio.c.obj)
                0x0000000000003198                z_impl_zephyr_fputc
 .text.__stdout_hook_install
                0x00000000000031a8       0x18 zephyr/lib/libc/picolibc/liblib__libc__picolibc.a(stdio.c.obj)
                0x00000000000031a8                __stdout_hook_install
 .text.malloc_prepare
                0x00000000000031c0       0x24 zephyr/lib/libc/common/liblib__libc__common.a(malloc.c.obj)
 .text.nordicsemi_nrf52_init
                0x00000000000031e4       0x18 zephyr/soc/soc/nrf52840/libsoc__nordic.a(soc.c.obj)
 .text.arch_busy_wait
                0x00000000000031fc       0x14 zephyr/soc/soc/nrf52840/libsoc__nordic.a(soc.c.obj)
                0x00000000000031fc                arch_busy_wait
 .text.sys_arch_reboot
                0x0000000000003210       0x24 zephyr/soc/soc/nrf52840/libsoc__nordic.a(reboot.c.obj)
                0x0000000000003210                sys_arch_reboot
 .text.onoff_start
                0x0000000000003234       0x3c zephyr/drivers/clock_control/libdrivers__clock_control.a(clock_control_nrf.c.obj)
 .text.get_status
                0x0000000000003270       0x34 zephyr/drivers/clock_control/libdrivers__clock_control.a(clock_control_nrf.c.obj)
 .text.stop     0x00000000000032a4       0x74 zephyr/drivers/clock_control/libdrivers__clock_control.a(clock_control_nrf.c.obj)
 .text.onoff_stop
                0x0000000000003318       0x28 zephyr/drivers/clock_control/libdrivers__clock_control.a(clock_control_nrf.c.obj)
 .text.clk_init
                0x0000000000003340       0x58 zephyr/drivers/clock_control/libdrivers__clock_control.a(clock_control_nrf.c.obj)
 .text.api_blocking_start
                0x0000000000003398       0x34 zephyr/drivers/clock_control/libdrivers__clock_control.a(clock_control_nrf.c.obj)
 .text.generic_hfclk_stop
                0x00000000000033cc       0x34 zephyr/drivers/clock_control/libdrivers__clock_control.a(clock_control_nrf.c.obj)
 .text.clkstarted_handle.constprop.0
                0x0000000000003400       0x4c zephyr/drivers/clock_control/libdrivers__clock_control.a(clock_control_nrf.c.obj)
 .text.clock_event_handler
                0x000000000000344c       0x54 zephyr/drivers/clock_control/libdrivers__clock_control.a(clock_control_nrf.c.obj)
 .text.generic_hfclk_start
                0x00000000000034a0       0x78 zephyr/drivers/clock_control/libdrivers__clock_control.a(clock_control_nrf.c.obj)
 .text.z_nrf_clock_control_get_onoff
                0x0000000000003518       0x10 zephyr/drivers/clock_control/libdrivers__clock_control.a(clock_control_nrf.c.obj)
                0x0000000000003518                z_nrf_clock_control_get_onoff
 .text.z_nrf_clock_control_lf_on
                0x0000000000003528      0x130 zephyr/drivers/clock_control/libdrivers__clock_control.a(clock_control_nrf.c.obj)
                0x0000000000003528                z_nrf_clock_control_lf_on
 .text.uart_console_init
                0x0000000000003658       0x28 zephyr/drivers/console/libdrivers__console.a(uart_console.c.obj)
 .text.console_out
                0x0000000000003680       0x28 zephyr/drivers/console/libdrivers__console.a(uart_console.c.obj)
 .text.gpio_nrfx_manage_callback
                0x00000000000036a8       0x80 zephyr/drivers/gpio/libdrivers__gpio.a(gpio_nrfx.c.obj)
 .text.nrf_gpio_pin_port_decode
                0x0000000000003728       0x54 zephyr/drivers/gpio/libdrivers__gpio.a(gpio_nrfx.c.obj)
 .text.gpio_nrfx_pin_interrupt_configure
                0x000000000000377c      0x124 zephyr/drivers/gpio/libdrivers__gpio.a(gpio_nrfx.c.obj)
 .text.gpio_nrfx_pin_configure
                0x00000000000038a0      0x198 zephyr/drivers/gpio/libdrivers__gpio.a(gpio_nrfx.c.obj)
 .text.nrfx_gpio_handler
                0x0000000000003a38       0x68 zephyr/drivers/gpio/libdrivers__gpio.a(gpio_nrfx.c.obj)
 .text.gpio_nrfx_init
                0x0000000000003aa0       0x48 zephyr/drivers/gpio/libdrivers__gpio.a(gpio_nrfx.c.obj)
 .text.nrf_gpio_pin_port_decode
                0x0000000000003ae8       0x54 zephyr/drivers/pinctrl/libdrivers__pinctrl.a(pinctrl_nrf.c.obj)
 .text.pinctrl_configure_pins
                0x0000000000003b3c      0x16c zephyr/drivers/pinctrl/libdrivers__pinctrl.a(pinctrl_nrf.c.obj)
                0x0000000000003b3c                pinctrl_configure_pins
 .text.uarte_nrfx_poll_out
                0x0000000000003ca8       0xb4 zephyr/drivers/serial/libdrivers__serial.a(uart_nrfx_uarte.c.obj)
 .text.uarte_0_init
                0x0000000000003d5c      0x114 zephyr/drivers/serial/libdrivers__serial.a(uart_nrfx_uarte.c.obj)
 .text.sys_clock_timeout_handler
                0x0000000000003e70       0x48 zephyr/drivers/timer/libdrivers__timer.a(nrf_rtc_timer.c.obj)
 .text.z_nrf_rtc_timer_read
                0x0000000000003eb8       0x44 zephyr/drivers/timer/libdrivers__timer.a(nrf_rtc_timer.c.obj)
                0x0000000000003eb8                z_nrf_rtc_timer_read
 .text.rtc_nrf_isr
                0x0000000000003efc       0xc4 zephyr/drivers/timer/libdrivers__timer.a(nrf_rtc_timer.c.obj)
                0x0000000000003efc                rtc_nrf_isr
 .text.compare_set.constprop.0.isra.0
                0x0000000000003fc0      0x154 zephyr/drivers/timer/libdrivers__timer.a(nrf_rtc_timer.c.obj)
 .text.sys_clock_driver_init
                0x0000000000004114       0x80 zephyr/drivers/timer/libdrivers__timer.a(nrf_rtc_timer.c.obj)
 .text.sys_clock_set_timeout
                0x0000000000004194       0x4c zephyr/drivers/timer/libdrivers__timer.a(nrf_rtc_timer.c.obj)
                0x0000000000004194                sys_clock_set_timeout
 .text.sys_clock_elapsed
                0x00000000000041e0       0x14 zephyr/drivers/timer/libdrivers__timer.a(nrf_rtc_timer.c.obj)
                0x00000000000041e0                sys_clock_elapsed
 .text.sys_clock_disable
                0x00000000000041f4       0x30 zephyr/drivers/timer/libdrivers__timer.a(nrf_rtc_timer.c.obj)
                0x00000000000041f4                sys_clock_disable
 .text.z_impl_gpio_pin_configure
                0x0000000000004224      0x100 modules/nrf/lib/dk_buttons_and_leds/lib..__nrf__lib__dk_buttons_and_leds.a(dk_buttons_and_leds.c.obj)
 .text.gpio_pin_set
                0x0000000000004324       0x4c modules/nrf/lib/dk_buttons_and_leds/lib..__nrf__lib__dk_buttons_and_leds.a(dk_buttons_and_leds.c.obj)
 .text.dk_set_leds_state.part.0
                0x0000000000004370       0x54 modules/nrf/lib/dk_buttons_and_leds/lib..__nrf__lib__dk_buttons_and_leds.a(dk_buttons_and_leds.c.obj)
 .text.dk_leds_init
                0x00000000000043c4       0x40 modules/nrf/lib/dk_buttons_and_leds/lib..__nrf__lib__dk_buttons_and_leds.a(dk_buttons_and_leds.c.obj)
                0x00000000000043c4                dk_leds_init
 .text.k_sys_fatal_error_handler
                0x0000000000004404       0x14 modules/nrf/lib/fatal_error/lib..__nrf__lib__fatal_error.a(fatal_error.c.obj)
                0x0000000000004404                k_sys_fatal_error_handler
 .text.update_radio_bitrate
                0x0000000000004418       0x3c modules/nrf/subsys/esb/lib..__nrf__subsys__esb.a(esb.c.obj)
 .text.reset_fifos
                0x0000000000004454       0x1c modules/nrf/subsys/esb/lib..__nrf__subsys__esb.a(esb.c.obj)
 .text.esb_timer_handler
                0x0000000000004470       0x1c modules/nrf/subsys/esb/lib..__nrf__subsys__esb.a(esb.c.obj)
 .text.esb_fem_reset
                0x000000000000448c       0x28 modules/nrf/subsys/esb/lib..__nrf__subsys__esb.a(esb.c.obj)
 .text.esb_fem_for_tx_set
                0x00000000000044b4       0x50 modules/nrf/subsys/esb/lib..__nrf__subsys__esb.a(esb.c.obj)
 .text.tx_fifo_remove_last.part.0
                0x0000000000004504       0x30 modules/nrf/subsys/esb/lib..__nrf__subsys__esb.a(esb.c.obj)
 .text.rx_fifo_push_rfbuf.part.0
                0x0000000000004534       0xa4 modules/nrf/subsys/esb/lib..__nrf__subsys__esb.a(esb.c.obj)
 .text.update_radio_tx_power
                0x00000000000045d8       0x78 modules/nrf/subsys/esb/lib..__nrf__subsys__esb.a(esb.c.obj)
 .text.nrf_radio_packet_configure.constprop.0
                0x0000000000004650       0x58 modules/nrf/subsys/esb/lib..__nrf__subsys__esb.a(esb.c.obj)
 .text.update_rf_payload_format_esb
                0x00000000000046a8       0x40 modules/nrf/subsys/esb/lib..__nrf__subsys__esb.a(esb.c.obj)
 .text.update_rf_payload_format_esb_dpl
                0x00000000000046e8       0x58 modules/nrf/subsys/esb/lib..__nrf__subsys__esb.a(esb.c.obj)
 .text.start_tx_transaction
                0x0000000000004740      0x1d8 modules/nrf/subsys/esb/lib..__nrf__subsys__esb.a(esb.c.obj)
 .text.esb_radio_direct_irq_handler
                0x0000000000004918       0x64 modules/nrf/subsys/esb/lib..__nrf__subsys__esb.a(esb.c.obj)
                0x0000000000004918                esb_radio_direct_irq_handler
 .text.esb_evt_direct_irq_handler
                0x000000000000497c       0x7c modules/nrf/subsys/esb/lib..__nrf__subsys__esb.a(esb.c.obj)
                0x000000000000497c                esb_evt_direct_irq_handler
 .text.update_radio_addresses
                0x00000000000049f8       0xec modules/nrf/subsys/esb/lib..__nrf__subsys__esb.a(esb.c.obj)
 .text.on_radio_disabled_tx_noack
                0x0000000000004ae4       0x70 modules/nrf/subsys/esb/lib..__nrf__subsys__esb.a(esb.c.obj)
 .text.esb_fem_for_rx_ack
                0x0000000000004b54       0x30 modules/nrf/subsys/esb/lib..__nrf__subsys__esb.a(esb.c.obj)
                0x0000000000004b54                esb_fem_for_rx_ack
 .text.on_radio_disabled_tx
                0x0000000000004b84       0xbc modules/nrf/subsys/esb/lib..__nrf__subsys__esb.a(esb.c.obj)
 .text.esb_fem_for_tx_retry
                0x0000000000004c40       0x38 modules/nrf/subsys/esb/lib..__nrf__subsys__esb.a(esb.c.obj)
                0x0000000000004c40                esb_fem_for_tx_retry
 .text.esb_fem_for_tx_retry_clear
                0x0000000000004c78       0x2c modules/nrf/subsys/esb/lib..__nrf__subsys__esb.a(esb.c.obj)
                0x0000000000004c78                esb_fem_for_tx_retry_clear
 .text.on_radio_disabled_tx_wait_for_ack
                0x0000000000004ca4      0x18c modules/nrf/subsys/esb/lib..__nrf__subsys__esb.a(esb.c.obj)
 .text.esb_disable
                0x0000000000004e30       0xa4 modules/nrf/subsys/esb/lib..__nrf__subsys__esb.a(esb.c.obj)
                0x0000000000004e30                esb_disable
 .text.esb_init
                0x0000000000004ed4      0x228 modules/nrf/subsys/esb/lib..__nrf__subsys__esb.a(esb.c.obj)
                0x0000000000004ed4                esb_init
 .text.esb_write_payload
                0x00000000000050fc      0x174 modules/nrf/subsys/esb/lib..__nrf__subsys__esb.a(esb.c.obj)
                0x00000000000050fc                esb_write_payload
 .text.esb_read_rx_payload
                0x0000000000005270       0xa0 modules/nrf/subsys/esb/lib..__nrf__subsys__esb.a(esb.c.obj)
                0x0000000000005270                esb_read_rx_payload
 .text.esb_flush_tx
                0x0000000000005310       0x5c modules/nrf/subsys/esb/lib..__nrf__subsys__esb.a(esb.c.obj)
                0x0000000000005310                esb_flush_tx
 .text.esb_set_base_address_0
                0x000000000000536c       0x34 modules/nrf/subsys/esb/lib..__nrf__subsys__esb.a(esb.c.obj)
                0x000000000000536c                esb_set_base_address_0
 .text.esb_set_base_address_1
                0x00000000000053a0       0x34 modules/nrf/subsys/esb/lib..__nrf__subsys__esb.a(esb.c.obj)
                0x00000000000053a0                esb_set_base_address_1
 .text.esb_set_prefixes
                0x00000000000053d4       0x50 modules/nrf/subsys/esb/lib..__nrf__subsys__esb.a(esb.c.obj)
                0x00000000000053d4                esb_set_prefixes
 .text.esb_set_rf_channel
                0x0000000000005424       0x2c modules/nrf/subsys/esb/lib..__nrf__subsys__esb.a(esb.c.obj)
                0x0000000000005424                esb_set_rf_channel
 .text.esb_set_tx_power
                0x0000000000005450       0x20 modules/nrf/subsys/esb/lib..__nrf__subsys__esb.a(esb.c.obj)
                0x0000000000005450                esb_set_tx_power
 .text.esb_ppi_for_fem_set
                0x0000000000005470       0x38 modules/nrf/subsys/esb/lib..__nrf__subsys__esb.a(esb_ppi.c.obj)
                0x0000000000005470                esb_ppi_for_fem_set
 .text.esb_ppi_for_fem_clear
                0x00000000000054a8       0x2c modules/nrf/subsys/esb/lib..__nrf__subsys__esb.a(esb_ppi.c.obj)
                0x00000000000054a8                esb_ppi_for_fem_clear
 .text.esb_ppi_for_txrx_set
                0x00000000000054d4       0xd8 modules/nrf/subsys/esb/lib..__nrf__subsys__esb.a(esb_ppi.c.obj)
                0x00000000000054d4                esb_ppi_for_txrx_set
 .text.esb_ppi_for_txrx_clear
                0x00000000000055ac       0xbc modules/nrf/subsys/esb/lib..__nrf__subsys__esb.a(esb_ppi.c.obj)
                0x00000000000055ac                esb_ppi_for_txrx_clear
 .text.esb_ppi_for_retransmission_set
                0x0000000000005668       0x74 modules/nrf/subsys/esb/lib..__nrf__subsys__esb.a(esb_ppi.c.obj)
                0x0000000000005668                esb_ppi_for_retransmission_set
 .text.esb_ppi_for_retransmission_clear
                0x00000000000056dc       0x4c modules/nrf/subsys/esb/lib..__nrf__subsys__esb.a(esb_ppi.c.obj)
                0x00000000000056dc                esb_ppi_for_retransmission_clear
 .text.esb_ppi_for_wait_for_ack_set
                0x0000000000005728       0x64 modules/nrf/subsys/esb/lib..__nrf__subsys__esb.a(esb_ppi.c.obj)
                0x0000000000005728                esb_ppi_for_wait_for_ack_set
 .text.esb_ppi_for_wait_for_ack_clear
                0x000000000000578c       0x4c modules/nrf/subsys/esb/lib..__nrf__subsys__esb.a(esb_ppi.c.obj)
                0x000000000000578c                esb_ppi_for_wait_for_ack_clear
 .text.esb_ppi_init
                0x00000000000057d8       0x9c modules/nrf/subsys/esb/lib..__nrf__subsys__esb.a(esb_ppi.c.obj)
                0x00000000000057d8                esb_ppi_init
 .text.esb_ppi_radio_disabled_get
                0x0000000000005874        0x8 modules/nrf/subsys/esb/lib..__nrf__subsys__esb.a(esb_ppi.c.obj)
                0x0000000000005874                esb_ppi_radio_disabled_get
 .text.esb_ppi_disable_all
                0x000000000000587c       0x54 modules/nrf/subsys/esb/lib..__nrf__subsys__esb.a(esb_ppi.c.obj)
                0x000000000000587c                esb_ppi_disable_all
 .text.esb_ppi_deinit
                0x00000000000058d0       0xa4 modules/nrf/subsys/esb/lib..__nrf__subsys__esb.a(esb_ppi.c.obj)
                0x00000000000058d0                esb_ppi_deinit
 .text.mpsl_fem_utils_ppi_channel_alloc
                0x0000000000005974       0x28 modules/nrf/subsys/mpsl/fem/lib..__nrf__subsys__mpsl__fem.a(mpsl_fem_utils.c.obj)
                0x0000000000005974                mpsl_fem_utils_ppi_channel_alloc
 .text.mpsl_fem_extended_pin_to_mpsl_fem_pin
                0x000000000000599c       0x54 modules/nrf/subsys/mpsl/fem/lib..__nrf__subsys__mpsl__fem.a(mpsl_fem_utils.c.obj)
                0x000000000000599c                mpsl_fem_extended_pin_to_mpsl_fem_pin
 .text.z_impl_gpio_pin_configure.constprop.0
                0x00000000000059f0       0x4c modules/nrf/subsys/mpsl/fem/lib..__nrf__subsys__mpsl__fem.a(mpsl_fem_nrf21540_gpio_spi.c.obj)
 .text.mpsl_fem_init
                0x0000000000005a3c      0x1a0 modules/nrf/subsys/mpsl/fem/lib..__nrf__subsys__mpsl__fem.a(mpsl_fem_nrf21540_gpio_spi.c.obj)
 .text.model_update_timeout
                0x0000000000005bdc        0xc modules/nrf/subsys/mpsl/fem/lib..__nrf__subsys__mpsl__fem.a(mpsl_fem_nrf21540_power_model_builtin.c.obj)
 .text.model_periodic_update_start
                0x0000000000005be8       0x28 modules/nrf/subsys/mpsl/fem/lib..__nrf__subsys__mpsl__fem.a(mpsl_fem_nrf21540_power_model_builtin.c.obj)
 .text.nrf52_errata_98
                0x0000000000005c10       0x24 modules/hal_nordic/modules/hal_nordic/nrfx/libmodules__hal_nordic__nrfx.a(system_nrf52840.c.obj)
 .text.nvmc_wait
                0x0000000000005c34       0x10 modules/hal_nordic/modules/hal_nordic/nrfx/libmodules__hal_nordic__nrfx.a(system_nrf52840.c.obj)
                0x0000000000005c34                nvmc_wait
 .text.SystemInit
                0x0000000000005c44      0x1bc modules/hal_nordic/modules/hal_nordic/nrfx/libmodules__hal_nordic__nrfx.a(system_nrf52840.c.obj)
                0x0000000000005c44                SystemInit
 .text.nrfx_flag32_alloc
                0x0000000000005e00       0x48 modules/hal_nordic/modules/hal_nordic/nrfx/libmodules__hal_nordic__nrfx.a(nrfx_flag32_allocator.c.obj)
                0x0000000000005e00                nrfx_flag32_alloc
 .text.nrfx_flag32_free
                0x0000000000005e48       0x40 modules/hal_nordic/modules/hal_nordic/nrfx/libmodules__hal_nordic__nrfx.a(nrfx_flag32_allocator.c.obj)
                0x0000000000005e48                nrfx_flag32_free
 .text.nrfx_gppi_channels_enable
                0x0000000000005e88        0xc modules/hal_nordic/modules/hal_nordic/nrfx/libmodules__hal_nordic__nrfx.a(nrfx_gppi_ppi.c.obj)
                0x0000000000005e88                nrfx_gppi_channels_enable
 .text.clock_stop
                0x0000000000005e94       0xf4 modules/hal_nordic/modules/hal_nordic/nrfx/libmodules__hal_nordic__nrfx.a(nrfx_clock.c.obj)
 .text.nrfx_clock_init
                0x0000000000005f88       0x20 modules/hal_nordic/modules/hal_nordic/nrfx/libmodules__hal_nordic__nrfx.a(nrfx_clock.c.obj)
                0x0000000000005f88                nrfx_clock_init
 .text.nrfx_clock_enable
                0x0000000000005fa8       0x48 modules/hal_nordic/modules/hal_nordic/nrfx/libmodules__hal_nordic__nrfx.a(nrfx_clock.c.obj)
                0x0000000000005fa8                nrfx_clock_enable
 .text.nrfx_clock_start
                0x0000000000005ff0       0xd8 modules/hal_nordic/modules/hal_nordic/nrfx/libmodules__hal_nordic__nrfx.a(nrfx_clock.c.obj)
                0x0000000000005ff0                nrfx_clock_start
 .text.nrfx_clock_stop
                0x00000000000060c8       0x34 modules/hal_nordic/modules/hal_nordic/nrfx/libmodules__hal_nordic__nrfx.a(nrfx_clock.c.obj)
                0x00000000000060c8                nrfx_clock_stop
 .text.nrfx_power_clock_irq_handler
                0x00000000000060fc       0x98 modules/hal_nordic/modules/hal_nordic/nrfx/libmodules__hal_nordic__nrfx.a(nrfx_clock.c.obj)
                0x00000000000060fc                nrfx_power_clock_irq_handler
 .text.get_pin_idx
                0x0000000000006194       0x14 modules/hal_nordic/modules/hal_nordic/nrfx/libmodules__hal_nordic__nrfx.a(nrfx_gpiote.c.obj)
 .text.nrf_gpio_pin_port_decode
                0x00000000000061a8       0x5c modules/hal_nordic/modules/hal_nordic/nrfx/libmodules__hal_nordic__nrfx.a(nrfx_gpiote.c.obj)
 .text.nrf_gpiote_in_event_get
                0x0000000000006204       0x2c modules/hal_nordic/modules/hal_nordic/nrfx/libmodules__hal_nordic__nrfx.a(nrfx_gpiote.c.obj)
 .text.call_handler.constprop.0
                0x0000000000006230       0x40 modules/hal_nordic/modules/hal_nordic/nrfx/libmodules__hal_nordic__nrfx.a(nrfx_gpiote.c.obj)
 .text.pin_te_get.constprop.0
                0x0000000000006270       0x18 modules/hal_nordic/modules/hal_nordic/nrfx/libmodules__hal_nordic__nrfx.a(nrfx_gpiote.c.obj)
 .text.pin_is_output.constprop.0
                0x0000000000006288       0x18 modules/hal_nordic/modules/hal_nordic/nrfx/libmodules__hal_nordic__nrfx.a(nrfx_gpiote.c.obj)
 .text.pin_has_trigger.constprop.0
                0x00000000000062a0       0x1c modules/hal_nordic/modules/hal_nordic/nrfx/libmodules__hal_nordic__nrfx.a(nrfx_gpiote.c.obj)
 .text.pin_in_use_by_te.constprop.0
                0x00000000000062bc       0x18 modules/hal_nordic/modules/hal_nordic/nrfx/libmodules__hal_nordic__nrfx.a(nrfx_gpiote.c.obj)
 .text.latch_pending_read_and_check
                0x00000000000062d4       0x40 modules/hal_nordic/modules/hal_nordic/nrfx/libmodules__hal_nordic__nrfx.a(nrfx_gpiote.c.obj)
 .text.release_handler.isra.0
                0x0000000000006314       0x7c modules/hal_nordic/modules/hal_nordic/nrfx/libmodules__hal_nordic__nrfx.a(nrfx_gpiote.c.obj)
 .text.__nrfy_internal_gpiote_events_process.constprop.0
                0x0000000000006390       0x64 modules/hal_nordic/modules/hal_nordic/nrfx/libmodules__hal_nordic__nrfx.a(nrfx_gpiote.c.obj)
 .text.pin_uninit
                0x00000000000063f4       0x80 modules/hal_nordic/modules/hal_nordic/nrfx/libmodules__hal_nordic__nrfx.a(nrfx_gpiote.c.obj)
 .text.nrfx_gpiote_input_configure
                0x0000000000006474      0x178 modules/hal_nordic/modules/hal_nordic/nrfx/libmodules__hal_nordic__nrfx.a(nrfx_gpiote.c.obj)
                0x0000000000006474                nrfx_gpiote_input_configure
 .text.nrfx_gpiote_output_configure
                0x00000000000065ec       0xf8 modules/hal_nordic/modules/hal_nordic/nrfx/libmodules__hal_nordic__nrfx.a(nrfx_gpiote.c.obj)
                0x00000000000065ec                nrfx_gpiote_output_configure
 .text.nrfx_gpiote_global_callback_set
                0x00000000000066e4        0xc modules/hal_nordic/modules/hal_nordic/nrfx/libmodules__hal_nordic__nrfx.a(nrfx_gpiote.c.obj)
                0x00000000000066e4                nrfx_gpiote_global_callback_set
 .text.nrfx_gpiote_channel_get
                0x00000000000066f0       0x54 modules/hal_nordic/modules/hal_nordic/nrfx/libmodules__hal_nordic__nrfx.a(nrfx_gpiote.c.obj)
                0x00000000000066f0                nrfx_gpiote_channel_get
 .text.nrfx_gpiote_init
                0x0000000000006744       0x68 modules/hal_nordic/modules/hal_nordic/nrfx/libmodules__hal_nordic__nrfx.a(nrfx_gpiote.c.obj)
                0x0000000000006744                nrfx_gpiote_init
 .text.nrfx_gpiote_init_check
                0x00000000000067ac       0x14 modules/hal_nordic/modules/hal_nordic/nrfx/libmodules__hal_nordic__nrfx.a(nrfx_gpiote.c.obj)
                0x00000000000067ac                nrfx_gpiote_init_check
 .text.nrfx_gpiote_channel_free
                0x00000000000067c0       0x10 modules/hal_nordic/modules/hal_nordic/nrfx/libmodules__hal_nordic__nrfx.a(nrfx_gpiote.c.obj)
                0x00000000000067c0                nrfx_gpiote_channel_free
 .text.nrfx_gpiote_channel_alloc
                0x00000000000067d0       0x10 modules/hal_nordic/modules/hal_nordic/nrfx/libmodules__hal_nordic__nrfx.a(nrfx_gpiote.c.obj)
                0x00000000000067d0                nrfx_gpiote_channel_alloc
 .text.nrfx_gpiote_trigger_enable
                0x00000000000067e0       0xe8 modules/hal_nordic/modules/hal_nordic/nrfx/libmodules__hal_nordic__nrfx.a(nrfx_gpiote.c.obj)
                0x00000000000067e0                nrfx_gpiote_trigger_enable
 .text.nrfx_gpiote_0_irq_handler
                0x00000000000068c8      0x1b0 modules/hal_nordic/modules/hal_nordic/nrfx/libmodules__hal_nordic__nrfx.a(nrfx_gpiote.c.obj)
                0x00000000000068c8                nrfx_gpiote_0_irq_handler
 .text.nrfx_ppi_channel_alloc
                0x0000000000006a78        0xc modules/hal_nordic/modules/hal_nordic/nrfx/libmodules__hal_nordic__nrfx.a(nrfx_ppi.c.obj)
                0x0000000000006a78                nrfx_ppi_channel_alloc
 .text.nrfx_ppi_channel_free
                0x0000000000006a84       0x28 modules/hal_nordic/modules/hal_nordic/nrfx/libmodules__hal_nordic__nrfx.a(nrfx_ppi.c.obj)
                0x0000000000006a84                nrfx_ppi_channel_free
 .text.nrfx_ppi_group_alloc
                0x0000000000006aac        0xc modules/hal_nordic/modules/hal_nordic/nrfx/libmodules__hal_nordic__nrfx.a(nrfx_ppi.c.obj)
                0x0000000000006aac                nrfx_ppi_group_alloc
 .text.nrfx_ppi_group_free
                0x0000000000006ab8       0x1c modules/hal_nordic/modules/hal_nordic/nrfx/libmodules__hal_nordic__nrfx.a(nrfx_ppi.c.obj)
                0x0000000000006ab8                nrfx_ppi_group_free
 .text.timer_configure
                0x0000000000006ad4       0x84 modules/hal_nordic/modules/hal_nordic/nrfx/libmodules__hal_nordic__nrfx.a(nrfx_timer.c.obj)
 .text.nrfx_timer_init
                0x0000000000006b58       0x98 modules/hal_nordic/modules/hal_nordic/nrfx/libmodules__hal_nordic__nrfx.a(nrfx_timer.c.obj)
                0x0000000000006b58                nrfx_timer_init
 .text.nrfx_timer_disable
                0x0000000000006bf0       0x40 modules/hal_nordic/modules/hal_nordic/nrfx/libmodules__hal_nordic__nrfx.a(nrfx_timer.c.obj)
                0x0000000000006bf0                nrfx_timer_disable
 .text.nrfx_timer_uninit
                0x0000000000006c30       0x60 modules/hal_nordic/modules/hal_nordic/nrfx/libmodules__hal_nordic__nrfx.a(nrfx_timer.c.obj)
                0x0000000000006c30                nrfx_timer_uninit
 .text.nrfx_timer_compare
                0x0000000000006c90       0x60 modules/hal_nordic/modules/hal_nordic/nrfx/libmodules__hal_nordic__nrfx.a(nrfx_timer.c.obj)
                0x0000000000006c90                nrfx_timer_compare
 .text.nrfx_timer_2_irq_handler
                0x0000000000006cf0       0x6c modules/hal_nordic/modules/hal_nordic/nrfx/libmodules__hal_nordic__nrfx.a(nrfx_timer.c.obj)
                0x0000000000006cf0                nrfx_timer_2_irq_handler
 .text.z_device_state_init
                0x0000000000006d5c       0x34 zephyr/kernel/libkernel.a(device.c.obj)
                0x0000000000006d5c                z_device_state_init
 .text.z_fatal_error
                0x0000000000006d90       0xb8 zephyr/kernel/libkernel.a(fatal.c.obj)
                0x0000000000006d90                z_fatal_error
 .text.z_sys_init_run_level
                0x0000000000006e48       0x30 zephyr/kernel/libkernel.a(init.c.obj)
 .text.bg_thread_main
                0x0000000000006e78       0xf0 zephyr/kernel/libkernel.a(init.c.obj)
 .text.z_bss_zero
                0x0000000000006f68       0x18 zephyr/kernel/libkernel.a(init.c.obj)
                0x0000000000006f68                z_bss_zero
 .text.z_init_cpu
                0x0000000000006f80       0x70 zephyr/kernel/libkernel.a(init.c.obj)
                0x0000000000006f80                z_init_cpu
 .text.z_cstart
                0x0000000000006ff0       0xd4 zephyr/kernel/libkernel.a(init.c.obj)
                0x0000000000006ff0                z_cstart
 .text.init_mem_slab_obj_core_list
                0x00000000000070c4       0x40 zephyr/kernel/libkernel.a(mem_slab.c.obj)
 .text.k_mem_slab_alloc
                0x0000000000007104       0xe4 zephyr/kernel/libkernel.a(mem_slab.c.obj)
                0x0000000000007104                k_mem_slab_alloc
 .text.k_mem_slab_free
                0x00000000000071e8      0x124 zephyr/kernel/libkernel.a(mem_slab.c.obj)
                0x00000000000071e8                k_mem_slab_free
 .text.idle     0x000000000000730c       0x40 zephyr/kernel/libkernel.a(idle.c.obj)
                0x000000000000730c                idle
 .text.z_impl_k_mutex_lock
                0x000000000000734c      0x16c zephyr/kernel/libkernel.a(mutex.c.obj)
                0x000000000000734c                z_impl_k_mutex_lock
 .text.z_impl_k_mutex_unlock
                0x00000000000074b8      0x148 zephyr/kernel/libkernel.a(mutex.c.obj)
                0x00000000000074b8                z_impl_k_mutex_unlock
 .text.unpend_thread_no_timeout
                0x0000000000007600       0x3c zephyr/kernel/libkernel.a(sem.c.obj)
 .text.z_impl_k_sem_give
                0x000000000000763c       0xc4 zephyr/kernel/libkernel.a(sem.c.obj)
                0x000000000000763c                z_impl_k_sem_give
 .text.z_impl_k_sem_take
                0x0000000000007700       0xc0 zephyr/kernel/libkernel.a(sem.c.obj)
                0x0000000000007700                z_impl_k_sem_take
 .text.work_queue_main
                0x00000000000077c0      0x1e0 zephyr/kernel/libkernel.a(work.c.obj)
 .text.submit_to_queue_locked
                0x00000000000079a0       0xd8 zephyr/kernel/libkernel.a(work.c.obj)
 .text.z_work_submit_to_queue
                0x0000000000007a78       0xa4 zephyr/kernel/libkernel.a(work.c.obj)
                0x0000000000007a78                z_work_submit_to_queue
 .text.k_work_submit
                0x0000000000007b1c        0xc zephyr/kernel/libkernel.a(work.c.obj)
                0x0000000000007b1c                k_work_submit
 .text.k_work_queue_start
                0x0000000000007b28       0xcc zephyr/kernel/libkernel.a(work.c.obj)
                0x0000000000007b28                k_work_queue_start
 .text.z_setup_new_thread
                0x0000000000007bf4       0xcc zephyr/kernel/libkernel.a(thread.c.obj)
                0x0000000000007bf4                z_setup_new_thread
 .text.z_impl_k_thread_create
                0x0000000000007cc0       0x7c zephyr/kernel/libkernel.a(thread.c.obj)
                0x0000000000007cc0                z_impl_k_thread_create
 .text.z_dummy_thread_init
                0x0000000000007d3c       0x18 zephyr/kernel/libkernel.a(thread.c.obj)
                0x0000000000007d3c                z_dummy_thread_init
 .text.z_swap_irqlock
                0x0000000000007d54       0x30 zephyr/kernel/libkernel.a(sched.c.obj)
 .text.unready_thread
                0x0000000000007d84       0x8c zephyr/kernel/libkernel.a(sched.c.obj)
 .text.unpend_thread_no_timeout
                0x0000000000007e10       0x34 zephyr/kernel/libkernel.a(sched.c.obj)
 .text.ready_thread
                0x0000000000007e44       0xc0 zephyr/kernel/libkernel.a(sched.c.obj)
 .text.move_thread_to_end_of_prio_q
                0x0000000000007f04       0xdc zephyr/kernel/libkernel.a(sched.c.obj)
                0x0000000000007f04                move_thread_to_end_of_prio_q
 .text.z_ready_thread
                0x0000000000007fe0       0x68 zephyr/kernel/libkernel.a(sched.c.obj)
                0x0000000000007fe0                z_ready_thread
 .text.z_unpend_thread_no_timeout
                0x0000000000008048       0x6c zephyr/kernel/libkernel.a(sched.c.obj)
                0x0000000000008048                z_unpend_thread_no_timeout
 .text.z_sched_wake_thread
                0x00000000000080b4       0x84 zephyr/kernel/libkernel.a(sched.c.obj)
                0x00000000000080b4                z_sched_wake_thread
 .text.z_pend_curr
                0x0000000000008138       0xd4 zephyr/kernel/libkernel.a(sched.c.obj)
                0x0000000000008138                z_pend_curr
 .text.z_thread_prio_set
                0x000000000000820c      0x17c zephyr/kernel/libkernel.a(sched.c.obj)
                0x000000000000820c                z_thread_prio_set
 .text.z_reschedule
                0x0000000000008388       0x70 zephyr/kernel/libkernel.a(sched.c.obj)
                0x0000000000008388                z_reschedule
 .text.z_reschedule_irqlock
                0x00000000000083f8       0x28 zephyr/kernel/libkernel.a(sched.c.obj)
                0x00000000000083f8                z_reschedule_irqlock
 .text.k_sched_lock
                0x0000000000008420       0x9c zephyr/kernel/libkernel.a(sched.c.obj)
                0x0000000000008420                k_sched_lock
 .text.k_sched_unlock
                0x00000000000084bc       0xe0 zephyr/kernel/libkernel.a(sched.c.obj)
                0x00000000000084bc                k_sched_unlock
 .text.z_sched_init
                0x000000000000859c       0x10 zephyr/kernel/libkernel.a(sched.c.obj)
                0x000000000000859c                z_sched_init
 .text.z_impl_k_yield
                0x00000000000085ac       0xec zephyr/kernel/libkernel.a(sched.c.obj)
                0x00000000000085ac                z_impl_k_yield
 .text.z_tick_sleep
                0x0000000000008698       0xe0 zephyr/kernel/libkernel.a(sched.c.obj)
 .text.z_impl_k_sleep
                0x0000000000008778       0x78 zephyr/kernel/libkernel.a(sched.c.obj)
                0x0000000000008778                z_impl_k_sleep
 .text.z_impl_k_wakeup
                0x00000000000087f0       0x8c zephyr/kernel/libkernel.a(sched.c.obj)
                0x00000000000087f0                z_impl_k_wakeup
 .text.z_impl_k_sched_current_thread_query
                0x000000000000887c        0xc zephyr/kernel/libkernel.a(sched.c.obj)
                0x000000000000887c                z_impl_k_sched_current_thread_query
 .text.z_thread_abort
                0x0000000000008888      0x1f4 zephyr/kernel/libkernel.a(sched.c.obj)
                0x0000000000008888                z_thread_abort
 .text.z_sched_wake
                0x0000000000008a7c       0x98 zephyr/kernel/libkernel.a(sched.c.obj)
                0x0000000000008a7c                z_sched_wake
 .text.z_sched_wait
                0x0000000000008b14       0x24 zephyr/kernel/libkernel.a(sched.c.obj)
                0x0000000000008b14                z_sched_wait
 .text.slice_timeout
                0x0000000000008b38       0x54 zephyr/kernel/libkernel.a(timeslicing.c.obj)
 .text.thread_is_sliceable
                0x0000000000008b8c       0x3c zephyr/kernel/libkernel.a(timeslicing.c.obj)
                0x0000000000008b8c                thread_is_sliceable
 .text.z_reset_time_slice
                0x0000000000008bc8       0x50 zephyr/kernel/libkernel.a(timeslicing.c.obj)
                0x0000000000008bc8                z_reset_time_slice
 .text.z_time_slice
                0x0000000000008c18       0xa4 zephyr/kernel/libkernel.a(timeslicing.c.obj)
                0x0000000000008c18                z_time_slice
 .text.z_spin_lock_valid
                0x0000000000008cbc       0x1c zephyr/kernel/libkernel.a(spinlock_validate.c.obj)
                0x0000000000008cbc                z_spin_lock_valid
 .text.z_spin_unlock_valid
                0x0000000000008cd8       0x2c zephyr/kernel/libkernel.a(spinlock_validate.c.obj)
                0x0000000000008cd8                z_spin_unlock_valid
 .text.z_spin_lock_set_owner
                0x0000000000008d04       0x10 zephyr/kernel/libkernel.a(spinlock_validate.c.obj)
                0x0000000000008d04                z_spin_lock_set_owner
 .text.z_data_copy
                0x0000000000008d14       0x38 zephyr/kernel/libkernel.a(xip.c.obj)
                0x0000000000008d14                z_data_copy
 .text.first    0x0000000000008d4c       0x10 zephyr/kernel/libkernel.a(timeout.c.obj)
 .text.elapsed  0x0000000000008d5c       0x14 zephyr/kernel/libkernel.a(timeout.c.obj)
 .text.remove_timeout
                0x0000000000008d70       0x38 zephyr/kernel/libkernel.a(timeout.c.obj)
 .text.z_add_timeout
                0x0000000000008da8      0x194 zephyr/kernel/libkernel.a(timeout.c.obj)
                0x0000000000008da8                z_add_timeout
 .text.z_abort_timeout
                0x0000000000008f3c       0x98 zephyr/kernel/libkernel.a(timeout.c.obj)
                0x0000000000008f3c                z_abort_timeout
 .text.sys_clock_announce
                0x0000000000008fd4      0x128 zephyr/kernel/libkernel.a(timeout.c.obj)
                0x0000000000008fd4                sys_clock_announce
 .text.sys_clock_tick_get
                0x00000000000090fc       0x78 zephyr/kernel/libkernel.a(timeout.c.obj)
                0x00000000000090fc                sys_clock_tick_get
 .text.z_timer_expiration_handler
                0x0000000000009174      0x14c zephyr/kernel/libkernel.a(timer.c.obj)
                0x0000000000009174                z_timer_expiration_handler
 .text.z_impl_k_timer_start
                0x00000000000092c0       0xbc zephyr/kernel/libkernel.a(timer.c.obj)
                0x00000000000092c0                z_impl_k_timer_start
 .text.k_sys_work_q_init
                0x000000000000937c       0x2c zephyr/kernel/libkernel.a(system_work_q.c.obj)
 .text.nrf_cc3xx_platform_init_no_rng
                0x00000000000093a8       0x38 C:/ncs/v3.1.1/nrfxlib/crypto/nrf_cc310_platform/lib/cortex-m4/soft-float/no-interrupts/libnrf_cc310_platform_0.9.19.a(nrf_cc3xx_platform.c.obj)
                0x00000000000093a8                nrf_cc3xx_platform_init_no_rng
 .text.nrf_cc3xx_platform_abort
                0x00000000000093e0       0x24 C:/ncs/v3.1.1/nrfxlib/crypto/nrf_cc310_platform/lib/cortex-m4/soft-float/no-interrupts/libnrf_cc310_platform_0.9.19.a(nrf_cc3xx_platform_abort.c.obj)
 .text.CC_PalAbort
                0x0000000000009404       0x34 C:/ncs/v3.1.1/nrfxlib/crypto/nrf_cc310_platform/lib/cortex-m4/soft-float/no-interrupts/libnrf_cc310_platform_0.9.19.a(nrf_cc3xx_platform_abort.c.obj)
                0x0000000000009404                CC_PalAbort
 .text.nrf_cc3xx_platform_set_abort
                0x0000000000009438       0x10 C:/ncs/v3.1.1/nrfxlib/crypto/nrf_cc310_platform/lib/cortex-m4/soft-float/no-interrupts/libnrf_cc310_platform_0.9.19.a(nrf_cc3xx_platform_abort.c.obj)
                0x0000000000009438                nrf_cc3xx_platform_set_abort
 .text.mutex_free
                0x0000000000009448       0x34 C:/ncs/v3.1.1/nrfxlib/crypto/nrf_cc310_platform/lib/cortex-m4/soft-float/no-interrupts/libnrf_cc310_platform_0.9.19.a(nrf_cc3xx_platform_mutex.c.obj)
 .text.mutex_lock
                0x000000000000947c       0x48 C:/ncs/v3.1.1/nrfxlib/crypto/nrf_cc310_platform/lib/cortex-m4/soft-float/no-interrupts/libnrf_cc310_platform_0.9.19.a(nrf_cc3xx_platform_mutex.c.obj)
 .text.mutex_unlock
                0x00000000000094c4       0x38 C:/ncs/v3.1.1/nrfxlib/crypto/nrf_cc310_platform/lib/cortex-m4/soft-float/no-interrupts/libnrf_cc310_platform_0.9.19.a(nrf_cc3xx_platform_mutex.c.obj)
 .text.mutex_init
                0x00000000000094fc       0x20 C:/ncs/v3.1.1/nrfxlib/crypto/nrf_cc310_platform/lib/cortex-m4/soft-float/no-interrupts/libnrf_cc310_platform_0.9.19.a(nrf_cc3xx_platform_mutex.c.obj)
 .text.nrf_cc3xx_platform_set_mutexes
                0x000000000000951c       0x74 C:/ncs/v3.1.1/nrfxlib/crypto/nrf_cc310_platform/lib/cortex-m4/soft-float/no-interrupts/libnrf_cc310_platform_0.9.19.a(nrf_cc3xx_platform_mutex.c.obj)
                0x000000000000951c                nrf_cc3xx_platform_set_mutexes
 .text.CC_LibInitNoRng
                0x0000000000009590       0x64 C:/ncs/v3.1.1/nrfxlib/crypto/nrf_cc310_platform/lib/cortex-m4/soft-float/no-interrupts/libnrf_cc310_platform_0.9.19.a(cc_lib.c.obj)
                0x0000000000009590                CC_LibInitNoRng
 .text.CC_HalInit
                0x00000000000095f4        0x4 C:/ncs/v3.1.1/nrfxlib/crypto/nrf_cc310_platform/lib/cortex-m4/soft-float/no-interrupts/libnrf_cc310_platform_0.9.19.a(cc_hal.c.obj)
                0x00000000000095f4                CC_HalInit
 .text.CC_HalTerminate
                0x00000000000095f8        0x4 C:/ncs/v3.1.1/nrfxlib/crypto/nrf_cc310_platform/lib/cortex-m4/soft-float/no-interrupts/libnrf_cc310_platform_0.9.19.a(cc_hal.c.obj)
                0x00000000000095f8                CC_HalTerminate
 .text.CC_HalMaskInterrupt
                0x00000000000095fc        0xc C:/ncs/v3.1.1/nrfxlib/crypto/nrf_cc310_platform/lib/cortex-m4/soft-float/no-interrupts/libnrf_cc310_platform_0.9.19.a(cc_hal.c.obj)
                0x00000000000095fc                CC_HalMaskInterrupt
 .text.CC_PalInit
                0x0000000000009608       0x5c C:/ncs/v3.1.1/nrfxlib/crypto/nrf_cc310_platform/lib/cortex-m4/soft-float/no-interrupts/libnrf_cc310_platform_0.9.19.a(cc_pal.c.obj)
                0x0000000000009608                CC_PalInit
 .text.CC_PalTerminate
                0x0000000000009664       0x34 C:/ncs/v3.1.1/nrfxlib/crypto/nrf_cc310_platform/lib/cortex-m4/soft-float/no-interrupts/libnrf_cc310_platform_0.9.19.a(cc_pal.c.obj)
                0x0000000000009664                CC_PalTerminate
 .text.CC_PalDmaInit
                0x0000000000009698        0x4 C:/ncs/v3.1.1/nrfxlib/crypto/nrf_cc310_platform/lib/cortex-m4/soft-float/no-interrupts/libnrf_cc310_platform_0.9.19.a(cc_pal_dma.c.obj)
                0x0000000000009698                CC_PalDmaInit
 .text.CC_PalDmaTerminate
                0x000000000000969c        0x4 C:/ncs/v3.1.1/nrfxlib/crypto/nrf_cc310_platform/lib/cortex-m4/soft-float/no-interrupts/libnrf_cc310_platform_0.9.19.a(cc_pal_dma.c.obj)
                0x000000000000969c                CC_PalDmaTerminate
 .text.CC_PalMutexCreate
                0x00000000000096a0       0x14 C:/ncs/v3.1.1/nrfxlib/crypto/nrf_cc310_platform/lib/cortex-m4/soft-float/no-interrupts/libnrf_cc310_platform_0.9.19.a(cc_pal_mutex.c.obj)
                0x00000000000096a0                CC_PalMutexCreate
 .text.CC_PalMutexDestroy
                0x00000000000096b4       0x14 C:/ncs/v3.1.1/nrfxlib/crypto/nrf_cc310_platform/lib/cortex-m4/soft-float/no-interrupts/libnrf_cc310_platform_0.9.19.a(cc_pal_mutex.c.obj)
                0x00000000000096b4                CC_PalMutexDestroy
 .text.CC_PalPowerSaveModeInit
                0x00000000000096c8       0x3c C:/ncs/v3.1.1/nrfxlib/crypto/nrf_cc310_platform/lib/cortex-m4/soft-float/no-interrupts/libnrf_cc310_platform_0.9.19.a(cc_pal_pm.c.obj)
                0x00000000000096c8                CC_PalPowerSaveModeInit
 .text.CC_PalPowerSaveModeSelect
                0x0000000000009704       0x84 C:/ncs/v3.1.1/nrfxlib/crypto/nrf_cc310_platform/lib/cortex-m4/soft-float/no-interrupts/libnrf_cc310_platform_0.9.19.a(cc_pal_pm.c.obj)
                0x0000000000009704                CC_PalPowerSaveModeSelect
 .text.__l_vfprintf
                0x0000000000009788      0x4b8 c:\ncs\toolchains\c1a76fddb2\opt\zephyr-sdk\arm-zephyr-eabi\bin\../lib/gcc/../../picolibc/arm-zephyr-eabi/lib/thumb/v7e-m/nofp\libc.a(libc_tinystdio_vflprintf.c.o)
                0x0000000000009788                __l_vfprintf
 .text._OffsetAbsSyms
                0x0000000000009c40        0x2 zephyr/CMakeFiles/offsets.dir/./arch/arm/core/offsets/offsets.c.obj
                0x0000000000009c40                _OffsetAbsSyms
 .text.k_sleep.isra.0
                0x0000000000009c42        0x4 app/libapp.a(main.c.obj)
 .text.chunk_size
                0x0000000000009c46        0xa zephyr/libzephyr.a(heap.c.obj)
 .text.free_list_add
                0x0000000000009c50       0x4e zephyr/libzephyr.a(heap.c.obj)
 .text.arch_printk_char_out
                0x0000000000009c9e        0x4 zephyr/libzephyr.a(printk.c.obj)
                0x0000000000009c9e                arch_printk_char_out
 .text.printk   0x0000000000009ca2       0x1a zephyr/libzephyr.a(printk.c.obj)
                0x0000000000009ca2                printk
 .text.assert_post_action
                0x0000000000009cbc       0x12 zephyr/libzephyr.a(assert.c.obj)
                0x0000000000009cbc                assert_post_action
 .text.assert_print
                0x0000000000009cce       0x1a zephyr/libzephyr.a(assert.c.obj)
                0x0000000000009cce                assert_print
 .text.process_recheck
                0x0000000000009ce8       0x38 zephyr/libzephyr.a(onoff.c.obj)
 .text.validate_args
                0x0000000000009d20       0x20 zephyr/libzephyr.a(onoff.c.obj)
 .text.notify_one
                0x0000000000009d40       0x2c zephyr/libzephyr.a(onoff.c.obj)
 .text.onoff_manager_init
                0x0000000000009d6c       0x26 zephyr/libzephyr.a(onoff.c.obj)
                0x0000000000009d6c                onoff_manager_init
 .text.sys_notify_validate
                0x0000000000009d92       0x22 zephyr/libzephyr.a(notify.c.obj)
                0x0000000000009d92                sys_notify_validate
 .text._ConfigAbsSyms
                0x0000000000009db4        0x2 zephyr/libzephyr.a(configs.c.obj)
                0x0000000000009db4                _ConfigAbsSyms
 .text.z_log_minimal_printk
                0x0000000000009db6       0x1a zephyr/libzephyr.a(log_minimal.c.obj)
                0x0000000000009db6                z_log_minimal_printk
 .text.abort_function
                0x0000000000009dd0        0x8 zephyr/libzephyr.a(nrf_cc3xx_platform_abort_zephyr.c.obj)
 .text.z_do_kernel_oops
                0x0000000000009dd8        0x8 zephyr/arch/arch/arm/core/libarch__arm__core.a(fatal.c.obj)
                0x0000000000009dd8                z_do_kernel_oops
 .text.z_arm_nmi
                0x0000000000009de0        0xe zephyr/arch/arch/arm/core/libarch__arm__core.a(nmi.c.obj)
                0x0000000000009de0                z_arm_nmi
 .text.z_irq_spurious
                0x0000000000009dee        0x8 zephyr/arch/arch/arm/core/cortex_m/libarch__arm__core__cortex_m.a(irq_manage.c.obj)
                0x0000000000009dee                z_irq_spurious
 .text.arch_irq_unlock_outlined
                0x0000000000009df6        0xe zephyr/arch/arch/arm/core/cortex_m/libarch__arm__core__cortex_m.a(thread.c.obj)
                0x0000000000009df6                arch_irq_unlock_outlined
 .text.arch_cpu_idle
                0x0000000000009e04       0x1a zephyr/arch/arch/arm/core/cortex_m/libarch__arm__core__cortex_m.a(cpu_idle.c.obj)
                0x0000000000009e04                arch_cpu_idle
 .text.arch_cpu_atomic_idle
                0x0000000000009e1e       0x1e zephyr/arch/arch/arm/core/cortex_m/libarch__arm__core__cortex_m.a(cpu_idle.c.obj)
                0x0000000000009e1e                arch_cpu_atomic_idle
 .text.size_to_mpu_rasr_size
                0x0000000000009e3c       0x20 zephyr/arch/arch/arm/core/mpu/libarch__arm__core__mpu.a(arm_mpu.c.obj)
 .text.picolibc_put
                0x0000000000009e5c        0xa zephyr/lib/libc/picolibc/liblib__libc__picolibc.a(stdio.c.obj)
 .text.async_start
                0x0000000000009e66       0x5a zephyr/drivers/clock_control/libdrivers__clock_control.a(clock_control_nrf.c.obj)
 .text.api_start
                0x0000000000009ec0        0xe zephyr/drivers/clock_control/libdrivers__clock_control.a(clock_control_nrf.c.obj)
 .text.onoff_started_callback
                0x0000000000009ece        0xc zephyr/drivers/clock_control/libdrivers__clock_control.a(clock_control_nrf.c.obj)
 .text.lfclk_start
                0x0000000000009eda        0x6 zephyr/drivers/clock_control/libdrivers__clock_control.a(clock_control_nrf.c.obj)
 .text.lfclk_stop
                0x0000000000009ee0        0x6 zephyr/drivers/clock_control/libdrivers__clock_control.a(clock_control_nrf.c.obj)
 .text.blocking_start_callback
                0x0000000000009ee6        0x6 zephyr/drivers/clock_control/libdrivers__clock_control.a(clock_control_nrf.c.obj)
 .text.api_stop
                0x0000000000009eec        0x6 zephyr/drivers/clock_control/libdrivers__clock_control.a(clock_control_nrf.c.obj)
 .text.gpio_nrfx_port_get_raw
                0x0000000000009ef2        0xe zephyr/drivers/gpio/libdrivers__gpio.a(gpio_nrfx.c.obj)
 .text.gpio_nrfx_port_set_masked_raw
                0x0000000000009f00       0x18 zephyr/drivers/gpio/libdrivers__gpio.a(gpio_nrfx.c.obj)
 .text.gpio_nrfx_port_set_bits_raw
                0x0000000000009f18        0xc zephyr/drivers/gpio/libdrivers__gpio.a(gpio_nrfx.c.obj)
 .text.gpio_nrfx_port_clear_bits_raw
                0x0000000000009f24        0xc zephyr/drivers/gpio/libdrivers__gpio.a(gpio_nrfx.c.obj)
 .text.gpio_nrfx_port_toggle_bits
                0x0000000000009f30       0x1a zephyr/drivers/gpio/libdrivers__gpio.a(gpio_nrfx.c.obj)
 .text.z_impl_hwinfo_get_device_id
                0x0000000000009f4a       0x28 zephyr/drivers/hwinfo/libdrivers__hwinfo.a(hwinfo_nrf.c.obj)
                0x0000000000009f4a                z_impl_hwinfo_get_device_id
 .text.pinctrl_lookup_state
                0x0000000000009f72       0x26 zephyr/drivers/pinctrl/libdrivers__pinctrl.a(common.c.obj)
                0x0000000000009f72                pinctrl_lookup_state
 .text.uarte_nrfx_err_check
                0x0000000000009f98        0xe zephyr/drivers/serial/libdrivers__serial.a(uart_nrfx_uarte.c.obj)
 .text.uarte_nrfx_poll_in
                0x0000000000009fa6       0x26 zephyr/drivers/serial/libdrivers__serial.a(uart_nrfx_uarte.c.obj)
 .text.is_tx_ready.isra.0
                0x0000000000009fcc       0x20 zephyr/drivers/serial/libdrivers__serial.a(uart_nrfx_uarte.c.obj)
 .text.uarte_nrfx_isr_int
                0x0000000000009fec       0x42 zephyr/drivers/serial/libdrivers__serial.a(uart_nrfx_uarte.c.obj)
 .text.pinctrl_apply_state.isra.0
                0x000000000000a02e       0x1e zephyr/drivers/serial/libdrivers__serial.a(uart_nrfx_uarte.c.obj)
 .text.dk_set_leds_state
                0x000000000000a04c       0x12 modules/nrf/lib/dk_buttons_and_leds/lib..__nrf__lib__dk_buttons_and_leds.a(dk_buttons_and_leds.c.obj)
                0x000000000000a04c                dk_set_leds_state
 .text.dk_set_leds
                0x000000000000a05e        0x6 modules/nrf/lib/dk_buttons_and_leds/lib..__nrf__lib__dk_buttons_and_leds.a(dk_buttons_and_leds.c.obj)
                0x000000000000a05e                dk_set_leds
 .text.bytewise_bit_swap
                0x000000000000a064       0x1e modules/nrf/subsys/esb/lib..__nrf__subsys__esb.a(esb.c.obj)
 .text.mpsl_fem_api_init
                0x000000000000a082        0xa modules/nrf/subsys/mpsl/fem/lib..__nrf__subsys__mpsl__fem.a(mpsl_fem_api_init.c.obj)
 .text.model_update_work_handler
                0x000000000000a08c       0x2e modules/nrf/subsys/mpsl/fem/lib..__nrf__subsys__mpsl__fem.a(mpsl_fem_nrf21540_power_model_builtin.c.obj)
 .text.mpsl_fem_power_model_to_use_get
                0x000000000000a0ba        0x4 modules/nrf/subsys/mpsl/fem/lib..__nrf__subsys__mpsl__fem.a(mpsl_fem_nrf21540_power_model_builtin.c.obj)
                0x000000000000a0ba                mpsl_fem_power_model_to_use_get
 .text.hw_cc3xx_init_internal
                0x000000000000a0be        0x4 modules/nrf/drivers/hw_cc3xx/lib..__nrf__drivers__hw_cc3xx.a(hw_cc3xx.c.obj)
 .text.hw_cc3xx_init
                0x000000000000a0c2       0x12 modules/nrf/drivers/hw_cc3xx/lib..__nrf__drivers__hw_cc3xx.a(hw_cc3xx.c.obj)
 .text.nrfx_isr
                0x000000000000a0d4        0x2 modules/hal_nordic/modules/hal_nordic/nrfx/libmodules__hal_nordic__nrfx.a(nrfx_glue.c.obj)
                0x000000000000a0d4                nrfx_isr
 .text.nrfx_busy_wait
                0x000000000000a0d6        0x4 modules/hal_nordic/modules/hal_nordic/nrfx/libmodules__hal_nordic__nrfx.a(nrfx_glue.c.obj)
                0x000000000000a0d6                nrfx_busy_wait
 .text.nrfx_gppi_channel_endpoints_setup
                0x000000000000a0da       0x14 modules/hal_nordic/modules/hal_nordic/nrfx/libmodules__hal_nordic__nrfx.a(nrfx_gppi_ppi.c.obj)
                0x000000000000a0da                nrfx_gppi_channel_endpoints_setup
 .text.nrfx_gppi_channel_alloc
                0x000000000000a0ee        0x4 modules/hal_nordic/modules/hal_nordic/nrfx/libmodules__hal_nordic__nrfx.a(nrfx_gppi_ppi.c.obj)
                0x000000000000a0ee                nrfx_gppi_channel_alloc
 .text.nrf_gpio_pin_present_check
                0x000000000000a0f2       0x24 modules/hal_nordic/modules/hal_nordic/nrfx/libmodules__hal_nordic__nrfx.a(nrfx_gpiote.c.obj)
 .text.nrf_gpio_reconfigure