Archive member included to satisfy reference by file (symbol)

app/libapp.a(main.c.obj)      (--whole-archive)
zephyr/libzephyr.a(heap.c.obj)
                              (--whole-archive)
zephyr/libzephyr.a(cbprintf_packaged.c.obj)
                              (--whole-archive)
zephyr/libzephyr.a(printk.c.obj)
                              (--whole-archive)
zephyr/libzephyr.a(sem.c.obj)
                              (--whole-archive)
zephyr/libzephyr.a(thread_entry.c.obj)
                              (--whole-archive)
zephyr/libzephyr.a(cbprintf_complete.c.obj)
                              (--whole-archive)
zephyr/libzephyr.a(assert.c.obj)
                              (--whole-archive)
zephyr/libzephyr.a(reboot.c.obj)
                              (--whole-archive)
zephyr/libzephyr.a(dec.c.obj)
                              (--whole-archive)
zephyr/libzephyr.a(hex.c.obj)
                              (--whole-archive)
zephyr/libzephyr.a(rb.c.obj)  (--whole-archive)
zephyr/libzephyr.a(timeutil.c.obj)
                              (--whole-archive)
zephyr/libzephyr.a(bitarray.c.obj)
                              (--whole-archive)
zephyr/libzephyr.a(onoff.c.obj)
                              (--whole-archive)
zephyr/libzephyr.a(notify.c.obj)
                              (--whole-archive)
zephyr/libzephyr.a(ring_buffer.c.obj)
                              (--whole-archive)
zephyr/libzephyr.a(last_section_id.c.obj)
                              (--whole-archive)
zephyr/libzephyr.a(configs.c.obj)
                              (--whole-archive)
zephyr/libzephyr.a(log_minimal.c.obj)
                              (--whole-archive)
zephyr/libzephyr.a(mem_attr.c.obj)
                              (--whole-archive)
zephyr/libzephyr.a(tracing_none.c.obj)
                              (--whole-archive)
zephyr/libzephyr.a(usb_device.c.obj)
                              (--whole-archive)
zephyr/libzephyr.a(usb_descriptor.c.obj)
                              (--whole-archive)
zephyr/libzephyr.a(usb_transfer.c.obj)
                              (--whole-archive)
zephyr/libzephyr.a(cdc_acm.c.obj)
                              (--whole-archive)
zephyr/libzephyr.a(usb_work_q.c.obj)
                              (--whole-archive)
zephyr/libzephyr.a(banner.c.obj)
                              (--whole-archive)
zephyr/libzephyr.a(nrf_cc3xx_platform_abort_zephyr.c.obj)
                              (--whole-archive)
zephyr/libzephyr.a(nrf_cc3xx_platform_mutex_zephyr.c.obj)
                              (--whole-archive)
zephyr/arch/common/libarch__common.a(sw_isr_common.c.obj)
                              (--whole-archive)
zephyr/arch/arch/arm/core/libarch__arm__core.a(fatal.c.obj)
                              (--whole-archive)
zephyr/arch/arch/arm/core/libarch__arm__core.a(nmi.c.obj)
                              (--whole-archive)
zephyr/arch/arch/arm/core/libarch__arm__core.a(nmi_on_reset.S.obj)
                              (--whole-archive)
zephyr/arch/arch/arm/core/libarch__arm__core.a(tls.c.obj)
                              (--whole-archive)
zephyr/arch/arch/arm/core/cortex_m/libarch__arm__core__cortex_m.a(exc_exit.c.obj)
                              (--whole-archive)
zephyr/arch/arch/arm/core/cortex_m/libarch__arm__core__cortex_m.a(fault.c.obj)
                              (--whole-archive)
zephyr/arch/arch/arm/core/cortex_m/libarch__arm__core__cortex_m.a(fault_s.S.obj)
                              (--whole-archive)
zephyr/arch/arch/arm/core/cortex_m/libarch__arm__core__cortex_m.a(fpu.c.obj)
                              (--whole-archive)
zephyr/arch/arch/arm/core/cortex_m/libarch__arm__core__cortex_m.a(reset.S.obj)
                              (--whole-archive)
zephyr/arch/arch/arm/core/cortex_m/libarch__arm__core__cortex_m.a(scb.c.obj)
                              (--whole-archive)
zephyr/arch/arch/arm/core/cortex_m/libarch__arm__core__cortex_m.a(thread_abort.c.obj)
                              (--whole-archive)
zephyr/arch/arch/arm/core/cortex_m/libarch__arm__core__cortex_m.a(vector_table.S.obj)
                              (--whole-archive)
zephyr/arch/arch/arm/core/cortex_m/libarch__arm__core__cortex_m.a(swap_helper.S.obj)
                              (--whole-archive)
zephyr/arch/arch/arm/core/cortex_m/libarch__arm__core__cortex_m.a(irq_manage.c.obj)
                              (--whole-archive)
zephyr/arch/arch/arm/core/cortex_m/libarch__arm__core__cortex_m.a(prep_c.c.obj)
                              (--whole-archive)
zephyr/arch/arch/arm/core/cortex_m/libarch__arm__core__cortex_m.a(thread.c.obj)
                              (--whole-archive)
zephyr/arch/arch/arm/core/cortex_m/libarch__arm__core__cortex_m.a(cpu_idle.c.obj)
                              (--whole-archive)
zephyr/arch/arch/arm/core/cortex_m/libarch__arm__core__cortex_m.a(irq_init.c.obj)
                              (--whole-archive)
zephyr/arch/arch/arm/core/cortex_m/libarch__arm__core__cortex_m.a(isr_wrapper.c.obj)
[...]
Memory Configuration

Name             Origin             Length             Attributes
FLASH            0x0000000000027000 0x00000000000c5000 xr
RAM              0x0000000020000000 0x0000000000040000 xw
IDT_LIST         0x00000000ffff7fff 0x0000000000008000 xw
*default*        0x0000000000000000 0xffffffffffffffff

Linker script and memory map

                0x0000000000033300                vfprintf = __l_vfprintf
                0x0000000000000000                vfscanf = __l_vfscanf
LOAD zephyr/CMakeFiles/zephyr_pre0.dir/misc/empty_file.c.obj
LOAD zephyr/CMakeFiles/offsets.dir/./arch/arm/core/offsets/offsets.c.obj
LOAD app/libapp.a
LOAD zephyr/libzephyr.a
LOAD zephyr/arch/common/libarch__common.a
LOAD zephyr/arch/arch/arm/core/libarch__arm__core.a
LOAD zephyr/arch/arch/arm/core/cortex_m/libarch__arm__core__cortex_m.a
LOAD zephyr/arch/arch/arm/core/mpu/libarch__arm__core__mpu.a
LOAD zephyr/lib/libc/picolibc/liblib__libc__picolibc.a
LOAD zephyr/lib/libc/common/liblib__libc__common.a
LOAD zephyr/soc/soc/nrf52840/libsoc__nordic.a
LOAD zephyr/drivers/usb/device/libdrivers__usb__device.a
LOAD zephyr/drivers/usb/common/nrf_usbd_common/libdrivers__usb__common__nrf_usbd_common.a
LOAD zephyr/drivers/clock_control/libdrivers__clock_control.a
LOAD zephyr/drivers/console/libdrivers__console.a
LOAD zephyr/drivers/gpio/libdrivers__gpio.a
LOAD zephyr/drivers/hwinfo/libdrivers__hwinfo.a
LOAD zephyr/drivers/pinctrl/libdrivers__pinctrl.a
LOAD zephyr/drivers/regulator/libdrivers__regulator.a
LOAD zephyr/drivers/serial/libdrivers__serial.a
LOAD zephyr/drivers/timer/libdrivers__timer.a
LOAD modules/nrf/lib/dk_buttons_and_leds/lib..__nrf__lib__dk_buttons_and_leds.a
LOAD modules/nrf/lib/multithreading_lock/lib..__nrf__lib__multithreading_lock.a
LOAD modules/nrf/lib/fatal_error/lib..__nrf__lib__fatal_error.a
LOAD modules/nrf/subsys/esb/lib..__nrf__subsys__esb.a
LOAD modules/nrf/subsys/mpsl/fem/lib..__nrf__subsys__mpsl__fem.a
LOAD modules/nrf/subsys/mpsl/hwres/lib..__nrf__subsys__mpsl__hwres.a
LOAD modules/nrf/drivers/hw_cc3xx/lib..__nrf__drivers__hw_cc3xx.a
LOAD modules/hal_nordic/modules/hal_nordic/nrfx/libmodules__hal_nordic__nrfx.a
LOAD zephyr/kernel/libkernel.a
LOAD zephyr/arch/common/libisr_tables.a
LOAD C:/ncs/v3.1.1/nrfxlib/crypto/nrf_cc310_platform/lib/cortex-m4/soft-float/no-interrupts/libnrf_cc310_platform_0.9.19.a
LOAD C:/ncs/v3.1.1/nrfxlib/mpsl/fem/common/lib/nrf52/soft-float/libmpsl_fem_common.a
LOAD C:/ncs/v3.1.1/nrfxlib/mpsl/fem/nrf21540_gpio/lib/nrf52/soft-float/libmpsl_fem_nrf21540_gpio.a
LOAD C:/ncs/v3.1.1/nrfxlib/mpsl/fem/nrf21540_gpio_spi/lib/nrf52/soft-float/libmpsl_fem_nrf21540_gpio_spi.a
LOAD C:/ncs/v3.1.1/nrfxlib/mpsl/fem/nrf2220/lib/nrf52/soft-float/libmpsl_fem_nrf2220.a
LOAD C:/ncs/v3.1.1/nrfxlib/mpsl/fem/nrf2240/lib/nrf52/soft-float/libmpsl_fem_nrf2240.a
LOAD C:/ncs/v3.1.1/nrfxlib/mpsl/fem/nrf22xx/lib/nrf52/soft-float/libmpsl_fem_nrf22xx.a
LOAD C:/ncs/v3.1.1/nrfxlib/mpsl/fem/simple_gpio/lib/nrf52/soft-float/libmpsl_fem_simple_gpio.a
LOAD C:/ncs/v3.1.1/nrfxlib/mpsl/lib/nrf52/soft-float/libmpsl.a
LOAD c:\ncs\toolchains\c1a76fddb2\opt\zephyr-sdk\arm-zephyr-eabi\bin\../lib/gcc/../../picolibc/arm-zephyr-eabi/lib/thumb/v7e-m/nofp\libc.a
LOAD c:/ncs/toolchains/c1a76fddb2/opt/zephyr-sdk/arm-zephyr-eabi/bin/../lib/gcc/arm-zephyr-eabi/12.2.0/thumb/v7e-m/nofp\libgcc.a
                0x0000000000000020                _region_min_align = 0x20

.rel.plt        0x0000000000027000        0x0
 *(SORT_BY_ALIGNMENT(.rel.plt))
                [!provide]                        PROVIDE (__rel_iplt_start = .)
 *(SORT_BY_ALIGNMENT(.rel.iplt))
 .rel.iplt      0x0000000000027000        0x0 app/libapp.a(main.c.obj)
                [!provide]                        PROVIDE (__rel_iplt_end = .)

.rela.plt       0x0000000000000000        0x0
 *(SORT_BY_ALIGNMENT(.rela.plt))
                [!provide]                        PROVIDE (__rela_iplt_start = .)
 *(SORT_BY_ALIGNMENT(.rela.iplt))
                [!provide]                        PROVIDE (__rela_iplt_end = .)

.rel.dyn
 *(SORT_BY_ALIGNMENT(.rel.*))

.rela.dyn
 *(SORT_BY_ALIGNMENT(.rela.*))

/DISCARD/
 *(SORT_BY_ALIGNMENT(.plt))

/DISCARD/
 *(SORT_BY_ALIGNMENT(.iplt))
                0x0000000000027000                __rom_region_start = 0x27000

rom_start       0x0000000000027000      0x100
                0x0000000000027000                __rom_start_address = .
 FILL mask 0x00
                0x0000000000027000                . = (. + (0x0 - (. - __rom_start_address)))
                0x0000000000027000                . = ALIGN (0x4)
                0x0000000000027000                . = ALIGN (0x80)
                0x0000000000027000                . = ALIGN (0x100)
                0x0000000000027000                _vector_start = .
 *(SORT_BY_ALIGNMENT(.exc_vector_table))
 *(SORT_BY_ALIGNMENT(.exc_vector_table.*))
 .exc_vector_table._vector_table_section
                0x0000000000027000       0x40 zephyr/arch/arch/arm/core/cortex_m/libarch__arm__core__cortex_m.a(vector_table.S.obj)
                0x0000000000027000                _vector_table
 *(SORT_BY_ALIGNMENT(.vectors))
                0x0000000000027100                _vector_end = .
                0x0000000000027040                . = ALIGN (0x4)
 *(SORT_BY_ALIGNMENT(.gnu.linkonce.irq_vector_table*))
 .gnu.linkonce.irq_vector_table
                0x0000000000027040       0xc0 zephyr/arch/common/libisr_tables.a(isr_tables.c.obj)
                0x0000000000027040                _irq_vector_table
                0x0000000000027100                _vector_end = .

text            0x0000000000027100     0xd97c
                0x0000000000027100                __text_region_start = .
 *(SORT_BY_ALIGNMENT(.text))
 .text          0x0000000000027100        0xc C:/ncs/v3.1.1/nrfxlib/mpsl/fem/common/lib/nrf52/soft-float/libmpsl_fem_common.a(libmpsl_fem_common_debug_soft__obfuscated.elf)
                0x0000000000027100                mpsl_fem_enable
 .text          0x000000000002710c        0xc C:/ncs/v3.1.1/nrfxlib/mpsl/fem/common/lib/nrf52/soft-float/libmpsl_fem_common.a(libmpsl_fem_common_debug_soft__obfuscated.elf)
                0x000000000002710c                mpsl_fem_disable
 .text          0x0000000000027118        0xc C:/ncs/v3.1.1/nrfxlib/mpsl/fem/common/lib/nrf52/soft-float/libmpsl_fem_common.a(libmpsl_fem_common_debug_soft__obfuscated.elf)
                0x0000000000027118                mpsl_fem_pa_configuration_set
 .text          0x0000000000027124        0xc C:/ncs/v3.1.1/nrfxlib/mpsl/fem/common/lib/nrf52/soft-float/libmpsl_fem_common.a(libmpsl_fem_common_debug_soft__obfuscated.elf)
                0x0000000000027124                mpsl_fem_lna_configuration_set
 .text          0x0000000000027130        0xc C:/ncs/v3.1.1/nrfxlib/mpsl/fem/common/lib/nrf52/soft-float/libmpsl_fem_common.a(libmpsl_fem_common_debug_soft__obfuscated.elf)
                0x0000000000027130                mpsl_fem_pa_configuration_clear
 .text          0x000000000002713c        0xc C:/ncs/v3.1.1/nrfxlib/mpsl/fem/common/lib/nrf52/soft-float/libmpsl_fem_common.a(libmpsl_fem_common_debug_soft__obfuscated.elf)
                0x000000000002713c                mpsl_fem_lna_configuration_clear
 .text          0x0000000000027148        0xc C:/ncs/v3.1.1/nrfxlib/mpsl/fem/common/lib/nrf52/soft-float/libmpsl_fem_common.a(libmpsl_fem_common_debug_soft__obfuscated.elf)
                0x0000000000027148                mpsl_fem_deactivate_now
 .text          0x0000000000027154        0xc C:/ncs/v3.1.1/nrfxlib/mpsl/fem/common/lib/nrf52/soft-float/libmpsl_fem_common.a(libmpsl_fem_common_debug_soft__obfuscated.elf)
                0x0000000000027154                mpsl_fem_pa_power_control_set
 .text          0x0000000000027160       0x18 C:/ncs/v3.1.1/nrfxlib/mpsl/fem/common/lib/nrf52/soft-float/libmpsl_fem_common.a(libmpsl_fem_common_debug_soft__obfuscated.elf)
                0x0000000000027160                mpsl_fem_tx_power_split
 .text          0x0000000000027178       0x54 C:/ncs/v3.1.1/nrfxlib/mpsl/lib/nrf52/soft-float/libmpsl.a(libmpsl_debug_soft__obfuscated.elf)
                0x0000000000027178                sym_VWOYI7XCNXBFVPWSS6WFJ2CWKPJYCMRRQTU7QWQ
 .text          0x00000000000271cc       0x20 C:/ncs/v3.1.1/nrfxlib/mpsl/lib/nrf52/soft-float/libmpsl.a(libmpsl_debug_soft__obfuscated.elf)
                0x00000000000271cc                mpsl_tx_power_radio_supported_power_adjust
 .text          0x00000000000271ec       0x80 C:/ncs/v3.1.1/nrfxlib/mpsl/lib/nrf52/soft-float/libmpsl.a(libmpsl_debug_soft__obfuscated.elf)
                0x00000000000271ec                sym_JBMIQXYLJQQB56KLSIZ2WVKBMEMRZHLRBGLEPTA
 .text          0x000000000002726c       0x24 C:/ncs/v3.1.1/nrfxlib/mpsl/lib/nrf52/soft-float/libmpsl.a(libmpsl_debug_soft__obfuscated.elf)
 .text          0x0000000000027290       0x58 C:/ncs/v3.1.1/nrfxlib/mpsl/lib/nrf52/soft-float/libmpsl.a(libmpsl_debug_soft__obfuscated.elf)
                0x0000000000027290                sym_S2UAPMFVIQXDUOA6CV7GJMB33TYHEUH5D6LHO5Q
 .text          0x00000000000272e8       0x18 C:/ncs/v3.1.1/nrfxlib/mpsl/lib/nrf52/soft-float/libmpsl.a(libmpsl_debug_soft__obfuscated.elf)
                0x00000000000272e8                sym_CG4RHEKAJT5SDDAMNZDGCGOIJ7U3JN5EOJ5RYKA
 .text          0x0000000000027300       0x14 C:/ncs/v3.1.1/nrfxlib/mpsl/lib/nrf52/soft-float/libmpsl.a(libmpsl_debug_soft__obfuscated.elf)
                0x0000000000027300                sym_BN6ZO2NBHRGKZ2NRQYWFBXVGKNG6Y5K55UNAWGA
 .text          0x0000000000027314       0x14 C:/ncs/v3.1.1/nrfxlib/mpsl/lib/nrf52/soft-float/libmpsl.a(libmpsl_debug_soft__obfuscated.elf)
                0x0000000000027314                sym_5EMXP3L6SPQSCAJKKRH62ZOKJCCSKLI3WEX2WHY
 .text          0x0000000000027328       0x14 C:/ncs/v3.1.1/nrfxlib/mpsl/lib/nrf52/soft-float/libmpsl.a(libmpsl_debug_soft__obfuscated.elf)
                0x0000000000027328                sym_H2QJCU2ORTYAFBAQQ2FHUYIAZO4HCXEKCQ4SS2Q
 .text          0x000000000002733c       0x14 C:/ncs/v3.1.1/nrfxlib/mpsl/lib/nrf52/soft-float/libmpsl.a(libmpsl_debug_soft__obfuscated.elf)
                0x000000000002733c                sym_SWIBDSDMHUYNCG5ZWLB52J7NETJIUBPCO5IIQFA
 .text          0x0000000000027350       0x18 C:/ncs/v3.1.1/nrfxlib/mpsl/lib/nrf52/soft-float/libmpsl.a(libmpsl_debug_soft__obfuscated.elf)
                0x0000000000027350                sym_QPP3IZFSWHUV4JQ6ODMIVIARPB4PQYUFESV7BRQ
 .text          0x0000000000027368       0x14 C:/ncs/v3.1.1/nrfxlib/mpsl/lib/nrf52/soft-float/libmpsl.a(libmpsl_debug_soft__obfuscated.elf)
                0x0000000000027368                sym_6PVOPWDLWTXOTRZZ7LP36TLYTLPTQHNAUQNFHEA
 .text          0x000000000002737c       0x14 C:/ncs/v3.1.1/nrfxlib/mpsl/lib/nrf52/soft-float/libmpsl.a(libmpsl_debug_soft__obfuscated.elf)
                0x000000000002737c                sym_USR4MDT6VMTQLOGKNN4MALBZ3GJPD2KOEY4HFAQ
 .text          0x0000000000027390       0x30 c:/ncs/toolchains/c1a76fddb2/opt/zephyr-sdk/arm-zephyr-eabi/bin/../lib/gcc/arm-zephyr-eabi/12.2.0/thumb/v7e-m/nofp\libgcc.a(_aeabi_uldivmod.o)
                0x0000000000027390                __aeabi_uldivmod
 .text          0x00000000000273c0        0x4 c:/ncs/toolchains/c1a76fddb2/opt/zephyr-sdk/arm-zephyr-eabi/bin/../lib/gcc/arm-zephyr-eabi/12.2.0/thumb/v7e-m/nofp\libgcc.a(_dvmd_tls.o)
                0x00000000000273c0                __aeabi_idiv0
                0x00000000000273c0                __aeabi_ldiv0
 .text          0x00000000000273c4        0xe C:/ncs/v3.1.1/nrfxlib/mpsl/fem/common/lib/nrf52/soft-float/libmpsl_fem_common.a(libmpsl_fem_common_debug_soft__obfuscated.elf)
                0x00000000000273c4                mpsl_fem_init
 .text          0x00000000000273d2       0x20 C:/ncs/v3.1.1/nrfxlib/mpsl/fem/common/lib/nrf52/soft-float/libmpsl_fem_common.a(libmpsl_fem_common_debug_soft__obfuscated.elf)
                0x00000000000273d2                sym_PX4SKXGNX25XLMGGWQM65ZRFHI6666YGHL6AYMA
 .text          0x00000000000273f2        0x6 C:/ncs/v3.1.1/nrfxlib/mpsl/fem/common/lib/nrf52/soft-float/libmpsl_fem_common.a(libmpsl_fem_common_debug_soft__obfuscated.elf)
 .text          0x00000000000273f8        0x2 C:/ncs/v3.1.1/nrfxlib/mpsl/fem/common/lib/nrf52/soft-float/libmpsl_fem_common.a(libmpsl_fem_common_debug_soft__obfuscated.elf)
 .text          0x00000000000273fa        0x4 C:/ncs/v3.1.1/nrfxlib/mpsl/fem/common/lib/nrf52/soft-float/libmpsl_fem_common.a(libmpsl_fem_common_debug_soft__obfuscated.elf)
 .text          0x00000000000273fe        0x6 C:/ncs/v3.1.1/nrfxlib/mpsl/fem/common/lib/nrf52/soft-float/libmpsl_fem_common.a(libmpsl_fem_common_debug_soft__obfuscated.elf)
 .text          0x0000000000027404        0x6 C:/ncs/v3.1.1/nrfxlib/mpsl/fem/common/lib/nrf52/soft-float/libmpsl_fem_common.a(libmpsl_fem_common_debug_soft__obfuscated.elf)
 .text          0x000000000002740a        0x2 C:/ncs/v3.1.1/nrfxlib/mpsl/fem/common/lib/nrf52/soft-float/libmpsl_fem_common.a(libmpsl_fem_common_debug_soft__obfuscated.elf)
 .text          0x000000000002740c        0x6 C:/ncs/v3.1.1/nrfxlib/mpsl/fem/common/lib/nrf52/soft-float/libmpsl_fem_common.a(libmpsl_fem_common_debug_soft__obfuscated.elf)
 .text          0x0000000000027412        0x4 C:/ncs/v3.1.1/nrfxlib/mpsl/fem/common/lib/nrf52/soft-float/libmpsl_fem_common.a(libmpsl_fem_common_debug_soft__obfuscated.elf)
 .text          0x0000000000027416        0x4 C:/ncs/v3.1.1/nrfxlib/mpsl/fem/common/lib/nrf52/soft-float/libmpsl_fem_common.a(libmpsl_fem_common_debug_soft__obfuscated.elf)
 .text          0x000000000002741a        0x6 C:/ncs/v3.1.1/nrfxlib/mpsl/fem/common/lib/nrf52/soft-float/libmpsl_fem_common.a(libmpsl_fem_common_debug_soft__obfuscated.elf)
 .text          0x0000000000027420        0xa C:/ncs/v3.1.1/nrfxlib/mpsl/fem/common/lib/nrf52/soft-float/libmpsl_fem_common.a(libmpsl_fem_common_debug_soft__obfuscated.elf)
 .text          0x000000000002742a        0x4 C:/ncs/v3.1.1/nrfxlib/mpsl/fem/common/lib/nrf52/soft-float/libmpsl_fem_common.a(libmpsl_fem_common_debug_soft__obfuscated.elf)
 .text          0x000000000002742e        0x6 C:/ncs/v3.1.1/nrfxlib/mpsl/fem/common/lib/nrf52/soft-float/libmpsl_fem_common.a(libmpsl_fem_common_debug_soft__obfuscated.elf)
 .text          0x0000000000027434        0x6 C:/ncs/v3.1.1/nrfxlib/mpsl/fem/common/lib/nrf52/soft-float/libmpsl_fem_common.a(libmpsl_fem_common_debug_soft__obfuscated.elf)
 .text          0x000000000002743a        0x6 C:/ncs/v3.1.1/nrfxlib/mpsl/fem/common/lib/nrf52/soft-float/libmpsl_fem_common.a(libmpsl_fem_common_debug_soft__obfuscated.elf)
 .text          0x0000000000027440        0x2 C:/ncs/v3.1.1/nrfxlib/mpsl/fem/common/lib/nrf52/soft-float/libmpsl_fem_common.a(libmpsl_fem_common_debug_soft__obfuscated.elf)
 .text          0x0000000000027442        0xc C:/ncs/v3.1.1/nrfxlib/mpsl/lib/nrf52/soft-float/libmpsl.a(libmpsl_debug_soft__obfuscated.elf)
 .text          0x000000000002744e        0x4 C:/ncs/v3.1.1/nrfxlib/mpsl/lib/nrf52/soft-float/libmpsl.a(libmpsl_debug_soft__obfuscated.elf)
 .text          0x0000000000027452        0x8 C:/ncs/v3.1.1/nrfxlib/mpsl/lib/nrf52/soft-float/libmpsl.a(libmpsl_debug_soft__obfuscated.elf)
 .text          0x000000000002745a        0x4 C:/ncs/v3.1.1/nrfxlib/mpsl/lib/nrf52/soft-float/libmpsl.a(libmpsl_debug_soft__obfuscated.elf)
 .text          0x000000000002745e        0x4 C:/ncs/v3.1.1/nrfxlib/mpsl/lib/nrf52/soft-float/libmpsl.a(libmpsl_debug_soft__obfuscated.elf)
 .text          0x0000000000027462       0x10 c:\ncs\toolchains\c1a76fddb2\opt\zephyr-sdk\arm-zephyr-eabi\bin\../lib/gcc/../../picolibc/arm-zephyr-eabi/lib/thumb/v7e-m/nofp\libc.a(strlen.S.o)
                0x0000000000027462                strlen
 .text          0x0000000000027472      0x2a0 c:/ncs/toolchains/c1a76fddb2/opt/zephyr-sdk/arm-zephyr-eabi/bin/../lib/gcc/arm-zephyr-eabi/12.2.0/thumb/v7e-m/nofp\libgcc.a(_udivmoddi4.o)
                0x0000000000027472                __udivmoddi4
 *(SORT_BY_ALIGNMENT(.text.*))
 *fill*         0x0000000000027712        0x2 
 .text.log_and_validate_bitrate
                0x0000000000027714       0x28 app/libapp.a(main.c.obj)
                0x0000000000027714                log_and_validate_bitrate
 .text.init_device_info
                0x000000000002773c       0x34 app/libapp.a(main.c.obj)
                0x000000000002773c                init_device_info
 .text.rssi_quality_description
                0x0000000000027770       0x88 app/libapp.a(main.c.obj)
                0x0000000000027770                rssi_quality_description
 .text.event_handler
                0x00000000000277f8       0xf8 app/libapp.a(main.c.obj)
                0x00000000000277f8                event_handler
 .text.clocks_start
                0x00000000000278f0       0x60 app/libapp.a(main.c.obj)
                0x00000000000278f0                clocks_start
 .text.esb_initialize
                0x0000000000027950       0x94 app/libapp.a(main.c.obj)
                0x0000000000027950                esb_initialize
 .text.main     0x00000000000279e4      0x12c app/libapp.a(main.c.obj)
                0x00000000000279e4                main
 .text.sys_heap_free
                0x0000000000027b10       0x64 zephyr/libzephyr.a(heap.c.obj)
                0x0000000000027b10                sys_heap_free
 .text.sys_heap_init
                0x0000000000027b74       0xe4 zephyr/libzephyr.a(heap.c.obj)
                0x0000000000027b74                sys_heap_init
 .text.char_out
                0x0000000000027c58        0xc zephyr/libzephyr.a(printk.c.obj)
 .text.__printk_hook_install
                0x0000000000027c64        0xc zephyr/libzephyr.a(printk.c.obj)
                0x0000000000027c64                __printk_hook_install
 .text.vprintk  0x0000000000027c70       0x30 zephyr/libzephyr.a(printk.c.obj)
                0x0000000000027c70                vprintk
 .text.z_thread_entry
                0x0000000000027ca0       0x34 zephyr/libzephyr.a(thread_entry.c.obj)
                0x0000000000027ca0                z_thread_entry
 .text.sys_reboot
                0x0000000000027cd4       0x2c zephyr/libzephyr.a(reboot.c.obj)
                0x0000000000027cd4                sys_reboot
 .text.process_event
                0x0000000000027d00      0x338 zephyr/libzephyr.a(onoff.c.obj)
 .text.transition_complete
                0x0000000000028038       0x50 zephyr/libzephyr.a(onoff.c.obj)
 .text.onoff_request
                0x0000000000028088      0x108 zephyr/libzephyr.a(onoff.c.obj)
                0x0000000000028088                onoff_request
 .text.onoff_release
                0x0000000000028190       0xac zephyr/libzephyr.a(onoff.c.obj)
                0x0000000000028190                onoff_release
 .text.onoff_cancel
                0x000000000002823c       0xac zephyr/libzephyr.a(onoff.c.obj)
                0x000000000002823c                onoff_cancel
 .text.sys_notify_finalize
                0x00000000000282e8       0x38 zephyr/libzephyr.a(notify.c.obj)
                0x00000000000282e8                sys_notify_finalize
 .text.ring_buf_put
                0x0000000000028320       0x5c zephyr/libzephyr.a(ring_buffer.c.obj)
                0x0000000000028320                ring_buf_put
 .text.ring_buf_get
                0x000000000002837c       0x60 zephyr/libzephyr.a(ring_buffer.c.obj)
                0x000000000002837c                ring_buf_get
 .text.mem_attr_get_regions
                0x00000000000283dc        0xc zephyr/libzephyr.a(mem_attr.c.obj)
                0x00000000000283dc                mem_attr_get_regions
 .text.disable_endpoint
                0x00000000000283e8       0x2c zephyr/libzephyr.a(usb_device.c.obj)
 .text.custom_handler
                0x0000000000028414       0x84 zephyr/libzephyr.a(usb_device.c.obj)
 .text.class_handler
                0x0000000000028498       0x68 zephyr/libzephyr.a(usb_device.c.obj)
 .text.usb_reset_alt_setting
                0x0000000000028500       0x10 zephyr/libzephyr.a(usb_device.c.obj)
 .text.vendor_handler
                0x0000000000028510       0x5c zephyr/libzephyr.a(usb_device.c.obj)
 .text.is_ep_valid
                0x000000000002856c       0x5c zephyr/libzephyr.a(usb_device.c.obj)
 .text.usb_halt_endpoint_req
                0x00000000000285c8       0x58 zephyr/libzephyr.a(usb_device.c.obj)
 .text.usb_handle_request.constprop.0
                0x0000000000028620       0x2c zephyr/libzephyr.a(usb_device.c.obj)
 .text.forward_status_cb
                0x000000000002864c       0xe0 zephyr/libzephyr.a(usb_device.c.obj)
 .text.set_endpoint
                0x000000000002872c       0x84 zephyr/libzephyr.a(usb_device.c.obj)
 .text.usb_handle_standard_request
                0x00000000000287b0      0x2f4 zephyr/libzephyr.a(usb_device.c.obj)
 .text.usb_data_to_host
                0x0000000000028aa4       0x60 zephyr/libzephyr.a(usb_device.c.obj)
 .text.usb_handle_control_transfer
                0x0000000000028b04       0xf8 zephyr/libzephyr.a(usb_device.c.obj)
 .text.usb_set_config
                0x0000000000028bfc       0x2c zephyr/libzephyr.a(usb_device.c.obj)
                0x0000000000028bfc                usb_set_config
 .text.usb_enable
                0x0000000000028c28      0x15c zephyr/libzephyr.a(usb_device.c.obj)
                0x0000000000028c28                usb_enable
 .text.usb_update_sn_string_descriptor
                0x0000000000028d84       0x88 zephyr/libzephyr.a(usb_descriptor.c.obj)
                0x0000000000028d84                usb_update_sn_string_descriptor
 .text.usb_get_device_descriptor
                0x0000000000028e0c      0x230 zephyr/libzephyr.a(usb_descriptor.c.obj)
                0x0000000000028e0c                usb_get_device_descriptor
 .text.usb_ep_get_transfer
                0x000000000002903c       0x2c zephyr/libzephyr.a(usb_transfer.c.obj)
 .text.usb_transfer_work
                0x0000000000029068      0x100 zephyr/libzephyr.a(usb_transfer.c.obj)
 .text.usb_transfer_ep_callback
                0x0000000000029168       0x5c zephyr/libzephyr.a(usb_transfer.c.obj)
                0x0000000000029168                usb_transfer_ep_callback
 .text.usb_transfer
                0x00000000000291c4       0xe0 zephyr/libzephyr.a(usb_transfer.c.obj)
                0x00000000000291c4                usb_transfer
 .text.usb_cancel_transfer
                0x00000000000292a4       0x3c zephyr/libzephyr.a(usb_transfer.c.obj)
                0x00000000000292a4                usb_cancel_transfer
 .text.usb_cancel_transfers
                0x00000000000292e0       0x44 zephyr/libzephyr.a(usb_transfer.c.obj)
                0x00000000000292e0                usb_cancel_transfers
 .text.usb_transfer_init
                0x0000000000029324       0x34 zephyr/libzephyr.a(usb_transfer.c.obj)
                0x0000000000029324                usb_transfer_init
 .text.cdc_acm_irq_rx_enable
                0x0000000000029358       0x20 zephyr/libzephyr.a(cdc_acm.c.obj)
 .text.cdc_acm_irq_tx_enable
                0x0000000000029378       0x20 zephyr/libzephyr.a(cdc_acm.c.obj)
 .text.cdc_acm_fifo_fill
                0x0000000000029398       0x3c zephyr/libzephyr.a(cdc_acm.c.obj)
 .text.cdc_acm_write_cb
                0x00000000000293d4       0x54 zephyr/libzephyr.a(cdc_acm.c.obj)
 .text.cdc_acm_class_handle_req
                0x0000000000029428       0x64 zephyr/libzephyr.a(cdc_acm.c.obj)
                0x0000000000029428                cdc_acm_class_handle_req
 .text.cdc_acm_int_in
                0x000000000002948c       0x18 zephyr/libzephyr.a(cdc_acm.c.obj)
 .text.cdc_acm_reset_port
                0x00000000000294a4       0x3c zephyr/libzephyr.a(cdc_acm.c.obj)
 .text.cdc_acm_init
                0x00000000000294e0       0x48 zephyr/libzephyr.a(cdc_acm.c.obj)
 .text.cdc_acm_poll_out
                0x0000000000029528       0x70 zephyr/libzephyr.a(cdc_acm.c.obj)
 .text.tx_work_handler
                0x0000000000029598       0x78 zephyr/libzephyr.a(cdc_acm.c.obj)
 .text.cdc_acm_read_cb
                0x0000000000029610       0x74 zephyr/libzephyr.a(cdc_acm.c.obj)
 .text.cdc_acm_dev_status_cb
                0x0000000000029684       0x84 zephyr/libzephyr.a(cdc_acm.c.obj)
 .text.z_usb_work_q_init
                0x0000000000029708       0x34 zephyr/libzephyr.a(usb_work_q.c.obj)
 .text.boot_banner
                0x000000000002973c       0x1c zephyr/libzephyr.a(banner.c.obj)
                0x000000000002973c                boot_banner
 .text.nrf_cc3xx_platform_abort_init
                0x0000000000029758        0xc zephyr/libzephyr.a(nrf_cc3xx_platform_abort_zephyr.c.obj)
                0x0000000000029758                nrf_cc3xx_platform_abort_init
 .text.mutex_free_platform
                0x0000000000029764       0x54 zephyr/libzephyr.a(nrf_cc3xx_platform_mutex_zephyr.c.obj)
 .text.mutex_lock_platform
                0x00000000000297b8       0x60 zephyr/libzephyr.a(nrf_cc3xx_platform_mutex_zephyr.c.obj)
 .text.mutex_unlock_platform
                0x0000000000029818       0x58 zephyr/libzephyr.a(nrf_cc3xx_platform_mutex_zephyr.c.obj)
 .text.mutex_init_platform
                0x0000000000029870       0x94 zephyr/libzephyr.a(nrf_cc3xx_platform_mutex_zephyr.c.obj)
 .text.nrf_cc3xx_platform_mutex_init
                0x0000000000029904       0x2c zephyr/libzephyr.a(nrf_cc3xx_platform_mutex_zephyr.c.obj)
                0x0000000000029904                nrf_cc3xx_platform_mutex_init
 .text.z_arm_fatal_error
                0x0000000000029930       0x70 zephyr/arch/arch/arm/core/libarch__arm__core.a(fatal.c.obj)
                0x0000000000029930                z_arm_fatal_error
 .text.z_SysNmiOnReset
                0x00000000000299a0        0x8 zephyr/arch/arch/arm/core/libarch__arm__core.a(nmi_on_reset.S.obj)
                0x00000000000299a0                z_SysNmiOnReset
 .text.arch_tls_stack_setup
                0x00000000000299a8       0x40 zephyr/arch/arch/arm/core/libarch__arm__core.a(tls.c.obj)
                0x00000000000299a8                arch_tls_stack_setup
 .text._HandlerModeExit
                0x00000000000299e8       0x20 zephyr/arch/arch/arm/core/cortex_m/libarch__arm__core__cortex_m.a(exc_exit.c.obj)
                0x00000000000299e8                z_arm_int_exit
                0x00000000000299e8                z_arm_exc_exit
 .text.mem_manage_fault
                0x0000000000029a08      0x124 zephyr/arch/arch/arm/core/cortex_m/libarch__arm__core__cortex_m.a(fault.c.obj)
 .text.usage_fault.constprop.0
                0x0000000000029b2c       0xa4 zephyr/arch/arch/arm/core/cortex_m/libarch__arm__core__cortex_m.a(fault.c.obj)
 .text.bus_fault.constprop.0
                0x0000000000029bd0       0xc8 zephyr/arch/arch/arm/core/cortex_m/libarch__arm__core__cortex_m.a(fault.c.obj)
 .text.z_arm_fault
                0x0000000000029c98      0x1ec zephyr/arch/arch/arm/core/cortex_m/libarch__arm__core__cortex_m.a(fault.c.obj)
                0x0000000000029c98                z_arm_fault
 .text.z_arm_fault_init
                0x0000000000029e84       0x18 zephyr/arch/arch/arm/core/cortex_m/libarch__arm__core__cortex_m.a(fault.c.obj)
                0x0000000000029e84                z_arm_fault_init
 .text.__fault  0x0000000000029e9c       0x14 zephyr/arch/arch/arm/core/cortex_m/libarch__arm__core__cortex_m.a(fault_s.S.obj)
                0x0000000000029e9c                z_arm_usage_fault
                0x0000000000029e9c                z_arm_mpu_fault
                0x0000000000029e9c                z_arm_exc_spurious
                0x0000000000029e9c                z_arm_debug_monitor
                0x0000000000029e9c                z_arm_hard_fault
                0x0000000000029e9c                z_arm_bus_fault
 .text._reset_section
                0x0000000000029eb0       0x54 zephyr/arch/arch/arm/core/cortex_m/libarch__arm__core__cortex_m.a(reset.S.obj)
                0x0000000000029eb0                __start
                0x0000000000029eb0                z_arm_reset
 .text.z_arm_clear_arm_mpu_config
                0x0000000000029f04       0x24 zephyr/arch/arch/arm/core/cortex_m/libarch__arm__core__cortex_m.a(scb.c.obj)
                0x0000000000029f04                z_arm_clear_arm_mpu_config
 .text.z_arm_init_arch_hw_at_boot
                0x0000000000029f28       0x64 zephyr/arch/arch/arm/core/cortex_m/libarch__arm__core__cortex_m.a(scb.c.obj)
                0x0000000000029f28                z_arm_init_arch_hw_at_boot
 .text.z_impl_k_thread_abort
                0x0000000000029f8c       0x2c zephyr/arch/arch/arm/core/cortex_m/libarch__arm__core__cortex_m.a(thread_abort.c.obj)
                0x0000000000029f8c                z_impl_k_thread_abort
 .text.z_arm_pendsv
                0x0000000000029fb8       0x60 zephyr/arch/arch/arm/core/cortex_m/libarch__arm__core__cortex_m.a(swap_helper.S.obj)
                0x0000000000029fb8                z_arm_pendsv
 .text.z_arm_svc
                0x000000000002a018       0x24 zephyr/arch/arch/arm/core/cortex_m/libarch__arm__core__cortex_m.a(swap_helper.S.obj)
                0x000000000002a018                z_arm_svc
 .text.arm_irq_enable
                0x000000000002a03c       0x1c zephyr/arch/arch/arm/core/cortex_m/libarch__arm__core__cortex_m.a(irq_manage.c.obj)
                0x000000000002a03c                arm_irq_enable
 .text.arm_irq_disable
                0x000000000002a058       0x28 zephyr/arch/arch/arm/core/cortex_m/libarch__arm__core__cortex_m.a(irq_manage.c.obj)
                0x000000000002a058                arm_irq_disable
 .text.arm_irq_is_enabled
                0x000000000002a080       0x1c zephyr/arch/arch/arm/core/cortex_m/libarch__arm__core__cortex_m.a(irq_manage.c.obj)
                0x000000000002a080                arm_irq_is_enabled
 .text.arm_irq_priority_set
                0x000000000002a09c       0x54 zephyr/arch/arch/arm/core/cortex_m/libarch__arm__core__cortex_m.a(irq_manage.c.obj)
                0x000000000002a09c                arm_irq_priority_set
 .text.relocate_vector_table
                0x000000000002a0f0       0x1c zephyr/arch/arch/arm/core/cortex_m/libarch__arm__core__cortex_m.a(prep_c.c.obj)
                0x000000000002a0f0                relocate_vector_table
 .text.z_prep_c
                0x000000000002a10c       0x28 zephyr/arch/arch/arm/core/cortex_m/libarch__arm__core__cortex_m.a(prep_c.c.obj)
                0x000000000002a10c                z_prep_c
 .text.arch_new_thread
                0x000000000002a134       0x38 zephyr/arch/arch/arm/core/cortex_m/libarch__arm__core__cortex_m.a(thread.c.obj)
                0x000000000002a134                arch_new_thread
 .text.z_check_thread_stack_fail
                0x000000000002a16c       0x2c zephyr/arch/arch/arm/core/cortex_m/libarch__arm__core__cortex_m.a(thread.c.obj)
                0x000000000002a16c                z_check_thread_stack_fail
 .text.arch_switch_to_main_thread
                0x000000000002a198       0x3c zephyr/arch/arch/arm/core/cortex_m/libarch__arm__core__cortex_m.a(thread.c.obj)
                0x000000000002a198                arch_switch_to_main_thread
 .text.z_arm_cpu_idle_init
                0x000000000002a1d4        0xc zephyr/arch/arch/arm/core/cortex_m/libarch__arm__core__cortex_m.a(cpu_idle.c.obj)
                0x000000000002a1d4                z_arm_cpu_idle_init
 .text.z_arm_interrupt_init
                0x000000000002a1e0       0x18 zephyr/arch/arch/arm/core/cortex_m/libarch__arm__core__cortex_m.a(irq_init.c.obj)
                0x000000000002a1e0                z_arm_interrupt_init
 .text._isr_wrapper
                0x000000000002a1f8       0x24 zephyr/arch/arch/arm/core/cortex_m/libarch__arm__core__cortex_m.a(isr_wrapper.c.obj)
                0x000000000002a1f8                _isr_wrapper
 .text.z_arm_configure_static_mpu_regions
                0x000000000002a21c       0x18 zephyr/arch/arch/arm/core/mpu/libarch__arm__core__mpu.a(arm_core_mpu.c.obj)
                0x000000000002a21c                z_arm_configure_static_mpu_regions
 .text.z_arm_configure_dynamic_mpu_regions
                0x000000000002a234       0x20 zephyr/arch/arch/arm/core/mpu/libarch__arm__core__mpu.a(arm_core_mpu.c.obj)
                0x000000000002a234                z_arm_configure_dynamic_mpu_regions
 .text.region_allocate_and_init
                0x000000000002a254       0x4c zephyr/arch/arch/arm/core/mpu/libarch__arm__core__mpu.a(arm_mpu.c.obj)
 .text.mpu_configure_regions
                0x000000000002a2a0       0x64 zephyr/arch/arch/arm/core/mpu/libarch__arm__core__mpu.a(arm_mpu.c.obj)
 .text.arm_core_mpu_enable
                0x000000000002a304       0x18 zephyr/arch/arch/arm/core/mpu/libarch__arm__core__mpu.a(arm_mpu.c.obj)
                0x000000000002a304                arm_core_mpu_enable
 .text.arm_core_mpu_disable
                0x000000000002a31c       0x14 zephyr/arch/arch/arm/core/mpu/libarch__arm__core__mpu.a(arm_mpu.c.obj)
                0x000000000002a31c                arm_core_mpu_disable
 .text.arm_core_mpu_configure_static_mpu_regions
                0x000000000002a330       0x38 zephyr/arch/arch/arm/core/mpu/libarch__arm__core__mpu.a(arm_mpu.c.obj)
                0x000000000002a330                arm_core_mpu_configure_static_mpu_regions
 .text.arm_core_mpu_configure_dynamic_mpu_regions
                0x000000000002a368       0x58 zephyr/arch/arch/arm/core/mpu/libarch__arm__core__mpu.a(arm_mpu.c.obj)
                0x000000000002a368                arm_core_mpu_configure_dynamic_mpu_regions
 .text.z_arm_mpu_init
                0x000000000002a3c0      0x1e8 zephyr/arch/arch/arm/core/mpu/libarch__arm__core__mpu.a(arm_mpu.c.obj)
                0x000000000002a3c0                z_arm_mpu_init
 .text.z_impl_zephyr_fputc
                0x000000000002a5a8       0x10 zephyr/lib/libc/picolibc/liblib__libc__picolibc.a(stdio.c.obj)
                0x000000000002a5a8                z_impl_zephyr_fputc
 .text.__stdout_hook_install
                0x000000000002a5b8       0x18 zephyr/lib/libc/picolibc/liblib__libc__picolibc.a(stdio.c.obj)
                0x000000000002a5b8                __stdout_hook_install
 .text.malloc_prepare
                0x000000000002a5d0       0x24 zephyr/lib/libc/common/liblib__libc__common.a(malloc.c.obj)
 .text.nordicsemi_nrf52_init
                0x000000000002a5f4       0x44 zephyr/soc/soc/nrf52840/libsoc__nordic.a(soc.c.obj)
 .text.arch_busy_wait
                0x000000000002a638       0x14 zephyr/soc/soc/nrf52840/libsoc__nordic.a(soc.c.obj)
                0x000000000002a638                arch_busy_wait
 .text.sys_arch_reboot
                0x000000000002a64c       0x24 zephyr/soc/soc/nrf52840/libsoc__nordic.a(reboot.c.obj)
                0x000000000002a64c                sys_arch_reboot
 .text.endpoint_ctx
                0x000000000002a670       0x60 zephyr/drivers/usb/device/libdrivers__usb__device.a(usb_dc_nrfx.c.obj)
 .text.usbd_work_schedule
                0x000000000002a6d0       0x10 zephyr/drivers/usb/device/libdrivers__usb__device.a(usb_dc_nrfx.c.obj)
 .text.usbd_evt_put
                0x000000000002a6e0        0xc zephyr/drivers/usb/device/libdrivers__usb__device.a(usb_dc_nrfx.c.obj)
 .text.hfxo_stop.constprop.0
                0x000000000002a6ec       0x48 zephyr/drivers/usb/device/libdrivers__usb__device.a(usb_dc_nrfx.c.obj)
 .text.usbd_evt_get
                0x000000000002a734       0x10 zephyr/drivers/usb/device/libdrivers__usb__device.a(usb_dc_nrfx.c.obj)
 .text.usb_init
                0x000000000002a744       0x70 zephyr/drivers/usb/device/libdrivers__usb__device.a(usb_dc_nrfx.c.obj)
 .text.eps_ctx_init
                0x000000000002a7b4       0x9c zephyr/drivers/usb/device/libdrivers__usb__device.a(usb_dc_nrfx.c.obj)
 .text.usbd_evt_flush
                0x000000000002a850       0x1c zephyr/drivers/usb/device/libdrivers__usb__device.a(usb_dc_nrfx.c.obj)
 .text.usbd_evt_alloc
                0x000000000002a86c       0x7c zephyr/drivers/usb/device/libdrivers__usb__device.a(usb_dc_nrfx.c.obj)
 .text.usb_dc_power_event_handler
                0x000000000002a8e8       0x48 zephyr/drivers/usb/device/libdrivers__usb__device.a(usb_dc_nrfx.c.obj)
 .text.usbd_event_transfer_data
                0x000000000002a930       0xc0 zephyr/drivers/usb/device/libdrivers__usb__device.a(usb_dc_nrfx.c.obj)
 .text.usbd_event_handler
                0x000000000002a9f0      0x164 zephyr/drivers/usb/device/libdrivers__usb__device.a(usb_dc_nrfx.c.obj)
 .text.usbd_work_handler
                0x000000000002ab54      0x3f8 zephyr/drivers/usb/device/libdrivers__usb__device.a(usb_dc_nrfx.c.obj)
 .text.usb_dc_attach
                0x000000000002af4c       0x64 zephyr/drivers/usb/device/libdrivers__usb__device.a(usb_dc_nrfx.c.obj)
                0x000000000002af4c                usb_dc_attach
 .text.usb_dc_set_address
                0x000000000002afb0       0x4c zephyr/drivers/usb/device/libdrivers__usb__device.a(usb_dc_nrfx.c.obj)
                0x000000000002afb0                usb_dc_set_address
 .text.usb_dc_ep_check_cap
                0x000000000002affc       0x54 zephyr/drivers/usb/device/libdrivers__usb__device.a(usb_dc_nrfx.c.obj)
                0x000000000002affc                usb_dc_ep_check_cap
 .text.usb_dc_ep_configure
                0x000000000002b050       0x54 zephyr/drivers/usb/device/libdrivers__usb__device.a(usb_dc_nrfx.c.obj)
                0x000000000002b050                usb_dc_ep_configure
 .text.usb_dc_ep_set_stall
                0x000000000002b0a4       0x60 zephyr/drivers/usb/device/libdrivers__usb__device.a(usb_dc_nrfx.c.obj)
                0x000000000002b0a4                usb_dc_ep_set_stall
 .text.usb_dc_ep_clear_stall
                0x000000000002b104       0x40 zephyr/drivers/usb/device/libdrivers__usb__device.a(usb_dc_nrfx.c.obj)
                0x000000000002b104                usb_dc_ep_clear_stall
 .text.usb_dc_ep_is_stalled
                0x000000000002b144       0x38 zephyr/drivers/usb/device/libdrivers__usb__device.a(usb_dc_nrfx.c.obj)
                0x000000000002b144                usb_dc_ep_is_stalled
 .text.usb_dc_ep_enable
                0x000000000002b17c       0x54 zephyr/drivers/usb/device/libdrivers__usb__device.a(usb_dc_nrfx.c.obj)
                0x000000000002b17c                usb_dc_ep_enable
 .text.usb_dc_ep_write
                0x000000000002b1d0      0x10c zephyr/drivers/usb/device/libdrivers__usb__device.a(usb_dc_nrfx.c.obj)
                0x000000000002b1d0                usb_dc_ep_write
 .text.usb_dc_ep_read_wait
                0x000000000002b2dc       0xac zephyr/drivers/usb/device/libdrivers__usb__device.a(usb_dc_nrfx.c.obj)
                0x000000000002b2dc                usb_dc_ep_read_wait
 .text.usb_dc_ep_read_continue
                0x000000000002b388       0x94 zephyr/drivers/usb/device/libdrivers__usb__device.a(usb_dc_nrfx.c.obj)
                0x000000000002b388                usb_dc_ep_read_continue
 .text.usb_dc_ep_set_callback
                0x000000000002b41c       0x28 zephyr/drivers/usb/device/libdrivers__usb__device.a(usb_dc_nrfx.c.obj)
                0x000000000002b41c                usb_dc_ep_set_callback
 .text.usb_dc_set_status_callback
                0x000000000002b444        0xc zephyr/drivers/usb/device/libdrivers__usb__device.a(usb_dc_nrfx.c.obj)
                0x000000000002b444                usb_dc_set_status_callback
 .text.usb_dc_ep_mps
                0x000000000002b450       0x24 zephyr/drivers/usb/device/libdrivers__usb__device.a(usb_dc_nrfx.c.obj)
                0x000000000002b450                usb_dc_ep_mps
 .text.nrf52_errata_187
                0x000000000002b474       0x28 zephyr/drivers/usb/common/nrf_usbd_common/libdrivers__usb__common__nrf_usbd_common.a(nrf_usbd_common.c.obj)
 .text.usbd_errata_187_211_begin
                0x000000000002b49c       0x3c zephyr/drivers/usb/common/nrf_usbd_common/libdrivers__usb__common__nrf_usbd_common.a(nrf_usbd_common.c.obj)
 .text.usbd_errata_187_211_end
                0x000000000002b4d8       0x3c zephyr/drivers/usb/common/nrf_usbd_common/libdrivers__usb__common__nrf_usbd_common.a(nrf_usbd_common.c.obj)
 .text.ep_state_access
                0x000000000002b514       0x44 zephyr/drivers/usb/common/nrf_usbd_common/libdrivers__usb__common__nrf_usbd_common.a(nrf_usbd_common.c.obj)
 .text.ep2bit   0x000000000002b558       0x34 zephyr/drivers/usb/common/nrf_usbd_common/libdrivers__usb__common__nrf_usbd_common.a(nrf_usbd_common.c.obj)
 .text.usbd_dma_pending_clear
                0x000000000002b58c       0x1c zephyr/drivers/usb/common/nrf_usbd_common/libdrivers__usb__common__nrf_usbd_common.a(nrf_usbd_common.c.obj)
 .text.nrf_usbd_common_uninit
                0x000000000002b5a8       0x3c zephyr/drivers/usb/common/nrf_usbd_common/libdrivers__usb__common__nrf_usbd_common.a(nrf_usbd_common.c.obj)
                0x000000000002b5a8                nrf_usbd_common_uninit
 .text.nrf_usbd_common_enable
                0x000000000002b5e4      0x188 zephyr/drivers/usb/common/nrf_usbd_common/libdrivers__usb__common__nrf_usbd_common.a(nrf_usbd_common.c.obj)
                0x000000000002b5e4                nrf_usbd_common_enable
 .text.nrf_usbd_common_start
                0x000000000002b76c       0x60 zephyr/drivers/usb/common/nrf_usbd_common/libdrivers__usb__common__nrf_usbd_common.a(nrf_usbd_common.c.obj)
                0x000000000002b76c                nrf_usbd_common_start
 .text.nrf_usbd_common_is_enabled
                0x000000000002b7cc       0x14 zephyr/drivers/usb/common/nrf_usbd_common/libdrivers__usb__common__nrf_usbd_common.a(nrf_usbd_common.c.obj)
                0x000000000002b7cc                nrf_usbd_common_is_enabled
 .text.nrf_usbd_common_suspend
                0x000000000002b7e0       0x6c zephyr/drivers/usb/common/nrf_usbd_common/libdrivers__usb__common__nrf_usbd_common.a(nrf_usbd_common.c.obj)
                0x000000000002b7e0                nrf_usbd_common_suspend
 .text.nrf_usbd_common_ep_max_packet_size_set
                0x000000000002b84c       0x8c zephyr/drivers/usb/common/nrf_usbd_common/libdrivers__usb__common__nrf_usbd_common.a(nrf_usbd_common.c.obj)
                0x000000000002b84c                nrf_usbd_common_ep_max_packet_size_set
 .text.nrf_usbd_common_init
                0x000000000002b8d8       0xa4 zephyr/drivers/usb/common/nrf_usbd_common/libdrivers__usb__common__nrf_usbd_common.a(nrf_usbd_common.c.obj)
                0x000000000002b8d8                nrf_usbd_common_init
 .text.nrf_usbd_common_ep_enable_check
                0x000000000002b97c       0x4c zephyr/drivers/usb/common/nrf_usbd_common/libdrivers__usb__common__nrf_usbd_common.a(nrf_usbd_common.c.obj)
                0x000000000002b97c                nrf_usbd_common_ep_enable_check
 .text.nrf_usbd_common_ep_transfer
                0x000000000002b9c8       0xdc zephyr/drivers/usb/common/nrf_usbd_common/libdrivers__usb__common__nrf_usbd_common.a(nrf_usbd_common.c.obj)
                0x000000000002b9c8                nrf_usbd_common_ep_transfer
 .text.nrf_usbd_common_epout_size_get
                0x000000000002baa4       0x28 zephyr/drivers/usb/common/nrf_usbd_common/libdrivers__usb__common__nrf_usbd_common.a(nrf_usbd_common.c.obj)
                0x000000000002baa4                nrf_usbd_common_epout_size_get
 .text.nrf_usbd_common_irq_handler
                0x000000000002bacc      0x59c zephyr/drivers/usb/common/nrf_usbd_common/libdrivers__usb__common__nrf_usbd_common.a(nrf_usbd_common.c.obj)
                0x000000000002bacc                nrf_usbd_common_irq_handler
 .text.nrf_usbd_common_ep_stall
                0x000000000002c068       0x34 zephyr/drivers/usb/common/nrf_usbd_common/libdrivers__usb__common__nrf_usbd_common.a(nrf_usbd_common.c.obj)
                0x000000000002c068                nrf_usbd_common_ep_stall
 .text.nrf_usbd_common_ep_stall_check
                0x000000000002c09c       0x34 zephyr/drivers/usb/common/nrf_usbd_common/libdrivers__usb__common__nrf_usbd_common.a(nrf_usbd_common.c.obj)
                0x000000000002c09c                nrf_usbd_common_ep_stall_check
 .text.nrf_usbd_common_ep_dtoggle_clear
                0x000000000002c0d0       0x38 zephyr/drivers/usb/common/nrf_usbd_common/libdrivers__usb__common__nrf_usbd_common.a(nrf_usbd_common.c.obj)
                0x000000000002c0d0                nrf_usbd_common_ep_dtoggle_clear
 .text.nrf_usbd_common_setup_get
                0x000000000002c108       0x44 zephyr/drivers/usb/common/nrf_usbd_common/libdrivers__usb__common__nrf_usbd_common.a(nrf_usbd_common.c.obj)
                0x000000000002c108                nrf_usbd_common_setup_get
 .text.nrf_usbd_common_setup_data_clear
                0x000000000002c14c        0xc zephyr/drivers/usb/common/nrf_usbd_common/libdrivers__usb__common__nrf_usbd_common.a(nrf_usbd_common.c.obj)
                0x000000000002c14c                nrf_usbd_common_setup_data_clear
 .text.nrf_usbd_common_setup_clear
                0x000000000002c158        0xc zephyr/drivers/usb/common/nrf_usbd_common/libdrivers__usb__common__nrf_usbd_common.a(nrf_usbd_common.c.obj)
                0x000000000002c158                nrf_usbd_common_setup_clear
 .text.nrf_usbd_common_setup_stall
                0x000000000002c164        0xc zephyr/drivers/usb/common/nrf_usbd_common/libdrivers__usb__common__nrf_usbd_common.a(nrf_usbd_common.c.obj)
                0x000000000002c164                nrf_usbd_common_setup_stall
 .text.nrf_usbd_common_last_setup_dir_get
                0x000000000002c170        0xc zephyr/drivers/usb/common/nrf_usbd_common/libdrivers__usb__common__nrf_usbd_common.a(nrf_usbd_common.c.obj)
                0x000000000002c170                nrf_usbd_common_last_setup_dir_get
 .text.nrf_usbd_common_transfer_out_drop
                0x000000000002c17c       0x70 zephyr/drivers/usb/common/nrf_usbd_common/libdrivers__usb__common__nrf_usbd_common.a(nrf_usbd_common.c.obj)
                0x000000000002c17c                nrf_usbd_common_transfer_out_drop
 .text.usbd_ep_abort
                0x000000000002c1ec      0x134 zephyr/drivers/usb/common/nrf_usbd_common/libdrivers__usb__common__nrf_usbd_common.a(nrf_usbd_common.c.obj)
 .text.nrf_usbd_common_ep_abort
                0x000000000002c320       0x34 zephyr/drivers/usb/common/nrf_usbd_common/libdrivers__usb__common__nrf_usbd_common.a(nrf_usbd_common.c.obj)
                0x000000000002c320                nrf_usbd_common_ep_abort
 .text.nrf_usbd_common_disable
                0x000000000002c354      0x114 zephyr/drivers/usb/common/nrf_usbd_common/libdrivers__usb__common__nrf_usbd_common.a(nrf_usbd_common.c.obj)
                0x000000000002c354                nrf_usbd_common_disable
 .text.nrf_usbd_common_ep_disable
                0x000000000002c468       0x60 zephyr/drivers/usb/common/nrf_usbd_common/libdrivers__usb__common__nrf_usbd_common.a(nrf_usbd_common.c.obj)
                0x000000000002c468                nrf_usbd_common_ep_disable
 .text.nrf_usbd_common_ep_enable
                0x000000000002c4c8       0x70 zephyr/drivers/usb/common/nrf_usbd_common/libdrivers__usb__common__nrf_usbd_common.a(nrf_usbd_common.c.obj)
                0x000000000002c4c8                nrf_usbd_common_ep_enable
 .text.nrf_usbd_common_ep_stall_clear
                0x000000000002c538       0x44 zephyr/drivers/usb/common/nrf_usbd_common/libdrivers__usb__common__nrf_usbd_common.a(nrf_usbd_common.c.obj)
                0x000000000002c538                nrf_usbd_common_ep_stall_clear
 .text.onoff_start
                0x000000000002c57c       0x3c zephyr/drivers/clock_control/libdrivers__clock_control.a(clock_control_nrf.c.obj)
 .text.get_status
                0x000000000002c5b8       0x34 zephyr/drivers/clock_control/libdrivers__clock_control.a(clock_control_nrf.c.obj)
 .text.stop     0x000000000002c5ec       0x74 zephyr/drivers/clock_control/libdrivers__clock_control.a(clock_control_nrf.c.obj)
 .text.onoff_stop
                0x000000000002c660       0x28 zephyr/drivers/clock_control/libdrivers__clock_control.a(clock_control_nrf.c.obj)
 .text.clk_init
                0x000000000002c688       0x58 zephyr/drivers/clock_control/libdrivers__clock_control.a(clock_control_nrf.c.obj)
 .text.api_blocking_start
                0x000000000002c6e0       0x34 zephyr/drivers/clock_control/libdrivers__clock_control.a(clock_control_nrf.c.obj)
 .text.generic_hfclk_stop
                0x000000000002c714       0x34 zephyr/drivers/clock_control/libdrivers__clock_control.a(clock_control_nrf.c.obj)
 .text.clkstarted_handle.constprop.0
                0x000000000002c748       0x4c zephyr/drivers/clock_control/libdrivers__clock_control.a(clock_control_nrf.c.obj)
 .text.clock_event_handler
                0x000000000002c794       0x54 zephyr/drivers/clock_control/libdrivers__clock_control.a(clock_control_nrf.c.obj)
 .text.generic_hfclk_start
                0x000000000002c7e8       0x78 zephyr/drivers/clock_control/libdrivers__clock_control.a(clock_control_nrf.c.obj)
 .text.z_nrf_clock_control_get_onoff
                0x000000000002c860       0x10 zephyr/drivers/clock_control/libdrivers__clock_control.a(clock_control_nrf.c.obj)
                0x000000000002c860                z_nrf_clock_control_get_onoff
 .text.z_nrf_clock_control_lf_on
                0x000000000002c870      0x130 zephyr/drivers/clock_control/libdrivers__clock_control.a(clock_control_nrf.c.obj)
                0x000000000002c870                z_nrf_clock_control_lf_on
 .text.uart_console_init
                0x000000000002c9a0       0x28 zephyr/drivers/console/libdrivers__console.a(uart_console.c.obj)
 .text.console_out
                0x000000000002c9c8       0x28 zephyr/drivers/console/libdrivers__console.a(uart_console.c.obj)
 .text.gpio_nrfx_manage_callback
                0x000000000002c9f0       0x80 zephyr/drivers/gpio/libdrivers__gpio.a(gpio_nrfx.c.obj)
 .text.nrf_gpio_pin_port_decode
                0x000000000002ca70       0x54 zephyr/drivers/gpio/libdrivers__gpio.a(gpio_nrfx.c.obj)
 .text.gpio_nrfx_pin_interrupt_configure
                0x000000000002cac4      0x124 zephyr/drivers/gpio/libdrivers__gpio.a(gpio_nrfx.c.obj)
 .text.gpio_nrfx_pin_configure
                0x000000000002cbe8      0x198 zephyr/drivers/gpio/libdrivers__gpio.a(gpio_nrfx.c.obj)
 .text.nrfx_gpio_handler
                0x000000000002cd80       0x68 zephyr/drivers/gpio/libdrivers__gpio.a(gpio_nrfx.c.obj)
 .text.gpio_nrfx_init
                0x000000000002cde8       0x48 zephyr/drivers/gpio/libdrivers__gpio.a(gpio_nrfx.c.obj)
 .text.nrf_gpio_pin_port_decode
                0x000000000002ce30       0x54 zephyr/drivers/pinctrl/libdrivers__pinctrl.a(pinctrl_nrf.c.obj)
 .text.pinctrl_configure_pins
                0x000000000002ce84      0x1a0 zephyr/drivers/pinctrl/libdrivers__pinctrl.a(pinctrl_nrf.c.obj)
                0x000000000002ce84                pinctrl_configure_pins
 .text.regulator_delay
                0x000000000002d024       0x2c zephyr/drivers/regulator/libdrivers__regulator.a(regulator_common.c.obj)
 .text.gpio_pin_set
                0x000000000002d050       0x4c zephyr/drivers/regulator/libdrivers__regulator.a(regulator_fixed.c.obj)
 .text.regulator_fixed_init
                0x000000000002d09c       0xbc zephyr/drivers/regulator/libdrivers__regulator.a(regulator_fixed.c.obj)
 .text.uarte_nrfx_poll_out
                0x000000000002d158       0xb4 zephyr/drivers/serial/libdrivers__serial.a(uart_nrfx_uarte.c.obj)
 .text.uarte_0_init
                0x000000000002d20c      0x114 zephyr/drivers/serial/libdrivers__serial.a(uart_nrfx_uarte.c.obj)
 .text.sys_clock_timeout_handler
                0x000000000002d320       0x48 zephyr/drivers/timer/libdrivers__timer.a(nrf_rtc_timer.c.obj)
 .text.z_nrf_rtc_timer_read
                0x000000000002d368       0x44 zephyr/drivers/timer/libdrivers__timer.a(nrf_rtc_timer.c.obj)
                0x000000000002d368                z_nrf_rtc_timer_read
 .text.rtc_nrf_isr
                0x000000000002d3ac       0xc4 zephyr/drivers/timer/libdrivers__timer.a(nrf_rtc_timer.c.obj)
                0x000000000002d3ac                rtc_nrf_isr
 .text.compare_set.constprop.0.isra.0
                0x000000000002d470      0x154 zephyr/drivers/timer/libdrivers__timer.a(nrf_rtc_timer.c.obj)
 .text.sys_clock_driver_init
                0x000000000002d5c4       0x80 zephyr/drivers/timer/libdrivers__timer.a(nrf_rtc_timer.c.obj)
 .text.sys_clock_set_timeout
                0x000000000002d644       0x4c zephyr/drivers/timer/libdrivers__timer.a(nrf_rtc_timer.c.obj)
                0x000000000002d644                sys_clock_set_timeout
 .text.sys_clock_elapsed
                0x000000000002d690       0x14 zephyr/drivers/timer/libdrivers__timer.a(nrf_rtc_timer.c.obj)
                0x000000000002d690                sys_clock_elapsed
 .text.sys_clock_disable
                0x000000000002d6a4       0x30 zephyr/drivers/timer/libdrivers__timer.a(nrf_rtc_timer.c.obj)
                0x000000000002d6a4                sys_clock_disable
 .text.gpio_pin_set
                0x000000000002d6d4       0x4c modules/nrf/lib/dk_buttons_and_leds/lib..__nrf__lib__dk_buttons_and_leds.a(dk_buttons_and_leds.c.obj)
 .text.dk_set_leds_state.part.0
                0x000000000002d720       0x54 modules/nrf/lib/dk_buttons_and_leds/lib..__nrf__lib__dk_buttons_and_leds.a(dk_buttons_and_leds.c.obj)
 .text.dk_leds_init
                0x000000000002d774       0xc8 modules/nrf/lib/dk_buttons_and_leds/lib..__nrf__lib__dk_buttons_and_leds.a(dk_buttons_and_leds.c.obj)
                0x000000000002d774                dk_leds_init
 .text.k_sys_fatal_error_handler
                0x000000000002d83c       0x14 modules/nrf/lib/fatal_error/lib..__nrf__lib__fatal_error.a(fatal_error.c.obj)
                0x000000000002d83c                k_sys_fatal_error_handler
 .text.update_radio_bitrate
                0x000000000002d850       0x3c modules/nrf/subsys/esb/lib..__nrf__subsys__esb.a(esb.c.obj)
 .text.reset_fifos
                0x000000000002d88c       0x1c modules/nrf/subsys/esb/lib..__nrf__subsys__esb.a(esb.c.obj)
 .text.esb_timer_handler
                0x000000000002d8a8       0x1c modules/nrf/subsys/esb/lib..__nrf__subsys__esb.a(esb.c.obj)
 .text.on_radio_disabled_rx_ack
                0x000000000002d8c4       0x5c modules/nrf/subsys/esb/lib..__nrf__subsys__esb.a(esb.c.obj)
 .text.esb_fem_reset
                0x000000000002d920       0x28 modules/nrf/subsys/esb/lib..__nrf__subsys__esb.a(esb.c.obj)
 .text.esb_fem_for_tx_set
                0x000000000002d948       0x50 modules/nrf/subsys/esb/lib..__nrf__subsys__esb.a(esb.c.obj)
 .text.tx_fifo_remove_last.part.0
                0x000000000002d998       0x30 modules/nrf/subsys/esb/lib..__nrf__subsys__esb.a(esb.c.obj)
 .text.rx_fifo_push_rfbuf.part.0
                0x000000000002d9c8       0xa4 modules/nrf/subsys/esb/lib..__nrf__subsys__esb.a(esb.c.obj)
 .text.update_radio_tx_power
                0x000000000002da6c       0x78 modules/nrf/subsys/esb/lib..__nrf__subsys__esb.a(esb.c.obj)
 .text.esb_fem_for_rx_set
                0x000000000002dae4       0x30 modules/nrf/subsys/esb/lib..__nrf__subsys__esb.a(esb.c.obj)
 .text.clear_events_restart_rx
                0x000000000002db14       0x88 modules/nrf/subsys/esb/lib..__nrf__subsys__esb.a(esb.c.obj)
 .text.nrf_radio_packet_configure.constprop.0
                0x000000000002db9c       0x58 modules/nrf/subsys/esb/lib..__nrf__subsys__esb.a(esb.c.obj)
 .text.update_rf_payload_format_esb
                0x000000000002dbf4       0x40 modules/nrf/subsys/esb/lib..__nrf__subsys__esb.a(esb.c.obj)
 .text.update_rf_payload_format_esb_dpl
                0x000000000002dc34       0x58 modules/nrf/subsys/esb/lib..__nrf__subsys__esb.a(esb.c.obj)
 .text.start_tx_transaction
                0x000000000002dc8c      0x1d8 modules/nrf/subsys/esb/lib..__nrf__subsys__esb.a(esb.c.obj)
 .text.esb_radio_direct_irq_handler
                0x000000000002de64       0x64 modules/nrf/subsys/esb/lib..__nrf__subsys__esb.a(esb.c.obj)
                0x000000000002de64                esb_radio_direct_irq_handler
 .text.esb_evt_direct_irq_handler
                0x000000000002dec8       0x7c modules/nrf/subsys/esb/lib..__nrf__subsys__esb.a(esb.c.obj)
                0x000000000002dec8                esb_evt_direct_irq_handler
 .text.update_radio_addresses
                0x000000000002df44       0xec modules/nrf/subsys/esb/lib..__nrf__subsys__esb.a(esb.c.obj)
 .text.on_radio_disabled_tx_noack
                0x000000000002e030       0x70 modules/nrf/subsys/esb/lib..__nrf__subsys__esb.a(esb.c.obj)
 .text.on_radio_disabled_rx
                0x000000000002e0a0      0x240 modules/nrf/subsys/esb/lib..__nrf__subsys__esb.a(esb.c.obj)
 .text.esb_fem_for_rx_ack
                0x000000000002e2e0       0x30 modules/nrf/subsys/esb/lib..__nrf__subsys__esb.a(esb.c.obj)
                0x000000000002e2e0                esb_fem_for_rx_ack
 .text.on_radio_disabled_tx
                0x000000000002e310       0xbc modules/nrf/subsys/esb/lib..__nrf__subsys__esb.a(esb.c.obj)
 .text.esb_fem_for_tx_retry
                0x000000000002e3cc       0x38 modules/nrf/subsys/esb/lib..__nrf__subsys__esb.a(esb.c.obj)
                0x000000000002e3cc                esb_fem_for_tx_retry
 .text.esb_fem_for_tx_retry_clear
                0x000000000002e404       0x2c modules/nrf/subsys/esb/lib..__nrf__subsys__esb.a(esb.c.obj)
                0x000000000002e404                esb_fem_for_tx_retry_clear
 .text.on_radio_disabled_tx_wait_for_ack
                0x000000000002e430      0x18c modules/nrf/subsys/esb/lib..__nrf__subsys__esb.a(esb.c.obj)
 .text.esb_disable
                0x000000000002e5bc       0xa4 modules/nrf/subsys/esb/lib..__nrf__subsys__esb.a(esb.c.obj)
                0x000000000002e5bc                esb_disable
 .text.esb_init
                0x000000000002e660      0x228 modules/nrf/subsys/esb/lib..__nrf__subsys__esb.a(esb.c.obj)
                0x000000000002e660                esb_init
 .text.esb_write_payload
                0x000000000002e888      0x174 modules/nrf/subsys/esb/lib..__nrf__subsys__esb.a(esb.c.obj)
                0x000000000002e888                esb_write_payload
 .text.esb_read_rx_payload
                0x000000000002e9fc       0xa0 modules/nrf/subsys/esb/lib..__nrf__subsys__esb.a(esb.c.obj)
                0x000000000002e9fc                esb_read_rx_payload
 .text.esb_start_rx
                0x000000000002ea9c       0xf8 modules/nrf/subsys/esb/lib..__nrf__subsys__esb.a(esb.c.obj)
                0x000000000002ea9c                esb_start_rx
 .text.esb_set_base_address_0
                0x000000000002eb94       0x34 modules/nrf/subsys/esb/lib..__nrf__subsys__esb.a(esb.c.obj)
                0x000000000002eb94                esb_set_base_address_0
 .text.esb_set_base_address_1
                0x000000000002ebc8       0x34 modules/nrf/subsys/esb/lib..__nrf__subsys__esb.a(esb.c.obj)
                0x000000000002ebc8                esb_set_base_address_1
 .text.esb_set_prefixes
                0x000000000002ebfc       0x50 modules/nrf/subsys/esb/lib..__nrf__subsys__esb.a(esb.c.obj)
                0x000000000002ebfc                esb_set_prefixes
 .text.esb_set_rf_channel
                0x000000000002ec4c       0x2c modules/nrf/subsys/esb/lib..__nrf__subsys__esb.a(esb.c.obj)
                0x000000000002ec4c                esb_set_rf_channel
 .text.esb_set_tx_power
                0x000000000002ec78       0x20 modules/nrf/subsys/esb/lib..__nrf__subsys__esb.a(esb.c.obj)
                0x000000000002ec78                esb_set_tx_power
 .text.esb_ppi_for_fem_set
                0x000000000002ec98       0x38 modules/nrf/subsys/esb/lib..__nrf__subsys__esb.a(esb_ppi.c.obj)
                0x000000000002ec98                esb_ppi_for_fem_set
 .text.esb_ppi_for_fem_clear
                0x000000000002ecd0       0x2c modules/nrf/subsys/esb/lib..__nrf__subsys__esb.a(esb_ppi.c.obj)
                0x000000000002ecd0                esb_ppi_for_fem_clear
 .text.esb_ppi_for_txrx_set
                0x000000000002ecfc       0xd8 modules/nrf/subsys/esb/lib..__nrf__subsys__esb.a(esb_ppi.c.obj)
                0x000000000002ecfc                esb_ppi_for_txrx_set
 .text.esb_ppi_for_txrx_clear
                0x000000000002edd4       0xbc modules/nrf/subsys/esb/lib..__nrf__subsys__esb.a(esb_ppi.c.obj)
                0x000000000002edd4                esb_ppi_for_txrx_clear
 .text.esb_ppi_for_retransmission_set
                0x000000000002ee90       0x74 modules/nrf/subsys/esb/lib..__nrf__subsys__esb.a(esb_ppi.c.obj)
                0x000000000002ee90                esb_ppi_for_retransmission_set
 .text.esb_ppi_for_retransmission_clear
                0x000000000002ef04       0x4c modules/nrf/subsys/esb/lib..__nrf__subsys__esb.a(esb_ppi.c.obj)
                0x000000000002ef04                esb_ppi_for_retransmission_clear
 .text.esb_ppi_for_wait_for_ack_set
                0x000000000002ef50       0x64 modules/nrf/subsys/esb/lib..__nrf__subsys__esb.a(esb_ppi.c.obj)
                0x000000000002ef50                esb_ppi_for_wait_for_ack_set
 .text.esb_ppi_for_wait_for_ack_clear
                0x000000000002efb4       0x4c modules/nrf/subsys/esb/lib..__nrf__subsys__esb.a(esb_ppi.c.obj)
                0x000000000002efb4                esb_ppi_for_wait_for_ack_clear
 .text.esb_ppi_init
                0x000000000002f000       0x9c modules/nrf/subsys/esb/lib..__nrf__subsys__esb.a(esb_ppi.c.obj)
                0x000000000002f000                esb_ppi_init
 .text.esb_ppi_radio_disabled_get
                0x000000000002f09c        0x8 modules/nrf/subsys/esb/lib..__nrf__subsys__esb.a(esb_ppi.c.obj)
                0x000000000002f09c                esb_ppi_radio_disabled_get
 .text.esb_ppi_disable_all
                0x000000000002f0a4       0x54 modules/nrf/subsys/esb/lib..__nrf__subsys__esb.a(esb_ppi.c.obj)
                0x000000000002f0a4                esb_ppi_disable_all
 .text.esb_ppi_deinit
                0x000000000002f0f8       0xa4 modules/nrf/subsys/esb/lib..__nrf__subsys__esb.a(esb_ppi.c.obj)
                0x000000000002f0f8                esb_ppi_deinit
 .text.nrf52_errata_98
                0x000000000002f19c       0x24 modules/hal_nordic/modules/hal_nordic/nrfx/libmodules__hal_nordic__nrfx.a(system_nrf52840.c.obj)
 .text.nvmc_wait
                0x000000000002f1c0       0x10 modules/hal_nordic/modules/hal_nordic/nrfx/libmodules__hal_nordic__nrfx.a(system_nrf52840.c.obj)
                0x000000000002f1c0                nvmc_wait
 .text.SystemInit
                0x000000000002f1d0      0x1bc modules/hal_nordic/modules/hal_nordic/nrfx/libmodules__hal_nordic__nrfx.a(system_nrf52840.c.obj)
                0x000000000002f1d0                SystemInit
 .text.nrfx_flag32_alloc
                0x000000000002f38c       0x48 modules/hal_nordic/modules/hal_nordic/nrfx/libmodules__hal_nordic__nrfx.a(nrfx_flag32_allocator.c.obj)
                0x000000000002f38c                nrfx_flag32_alloc
 .text.nrfx_flag32_free
                0x000000000002f3d4       0x40 modules/hal_nordic/modules/hal_nordic/nrfx/libmodules__hal_nordic__nrfx.a(nrfx_flag32_allocator.c.obj)
                0x000000000002f3d4                nrfx_flag32_free
 .text.nrfx_gppi_channels_enable
                0x000000000002f414        0xc modules/hal_nordic/modules/hal_nordic/nrfx/libmodules__hal_nordic__nrfx.a(nrfx_gppi_ppi.c.obj)
                0x000000000002f414                nrfx_gppi_channels_enable
 .text.clock_stop
                0x000000000002f420       0xf4 modules/hal_nordic/modules/hal_nordic/nrfx/libmodules__hal_nordic__nrfx.a(nrfx_clock.c.obj)
 .text.nrfx_clock_init
                0x000000000002f514       0x20 modules/hal_nordic/modules/hal_nordic/nrfx/libmodules__hal_nordic__nrfx.a(nrfx_clock.c.obj)
                0x000000000002f514                nrfx_clock_init
 .text.nrfx_clock_enable
                0x000000000002f534       0x50 modules/hal_nordic/modules/hal_nordic/nrfx/libmodules__hal_nordic__nrfx.a(nrfx_clock.c.obj)
                0x000000000002f534                nrfx_clock_enable
 .text.nrfx_clock_start
                0x000000000002f584       0xd8 modules/hal_nordic/modules/hal_nordic/nrfx/libmodules__hal_nordic__nrfx.a(nrfx_clock.c.obj)
                0x000000000002f584                nrfx_clock_start
 .text.nrfx_clock_stop
                0x000000000002f65c       0x34 modules/hal_nordic/modules/hal_nordic/nrfx/libmodules__hal_nordic__nrfx.a(nrfx_clock.c.obj)
                0x000000000002f65c                nrfx_clock_stop
 .text.nrfx_clock_irq_handler
                0x000000000002f690       0x98 modules/hal_nordic/modules/hal_nordic/nrfx/libmodules__hal_nordic__nrfx.a(nrfx_clock.c.obj)
                0x000000000002f690                nrfx_clock_irq_handler
 .text.get_pin_idx
                0x000000000002f728       0x14 modules/hal_nordic/modules/hal_nordic/nrfx/libmodules__hal_nordic__nrfx.a(nrfx_gpiote.c.obj)
 .text.nrf_gpio_pin_port_decode
                0x000000000002f73c       0x5c modules/hal_nordic/modules/hal_nordic/nrfx/libmodules__hal_nordic__nrfx.a(nrfx_gpiote.c.obj)
 .text.nrf_gpiote_in_event_get
                0x000000000002f798       0x2c modules/hal_nordic/modules/hal_nordic/nrfx/libmodules__hal_nordic__nrfx.a(nrfx_gpiote.c.obj)
 .text.call_handler.constprop.0
                0x000000000002f7c4       0x40 modules/hal_nordic/modules/hal_nordic/nrfx/libmodules__hal_nordic__nrfx.a(nrfx_gpiote.c.obj)
 .text.pin_te_get.constprop.0
                0x000000000002f804       0x18 modules/hal_nordic/modules/hal_nordic/nrfx/libmodules__hal_nordic__nrfx.a(nrfx_gpiote.c.obj)
 .text.pin_is_output.constprop.0
                0x000000000002f81c       0x18 modules/hal_nordic/modules/hal_nordic/nrfx/libmodules__hal_nordic__nrfx.a(nrfx_gpiote.c.obj)
 .text.pin_has_trigger.constprop.0
                0x000000000002f834       0x1c modules/hal_nordic/modules/hal_nordic/nrfx/libmodules__hal_nordic__nrfx.a(nrfx_gpiote.c.obj)
 .text.pin_in_use_by_te.constprop.0
                0x000000000002f850       0x18 modules/hal_nordic/modules/hal_nordic/nrfx/libmodules__hal_nordic__nrfx.a(nrfx_gpiote.c.obj)
 .text.latch_pending_read_and_check
                0x000000000002f868       0x40 modules/hal_nordic/modules/hal_nordic/nrfx/libmodules__hal_nordic__nrfx.a(nrfx_gpiote.c.obj)
 .text.release_handler.isra.0
                0x000000000002f8a8       0x7c modules/hal_nordic/modules/hal_nordic/nrfx/libmodules__hal_nordic__nrfx.a(nrfx_gpiote.c.obj)
 .text.__nrfy_internal_gpiote_events_process.constprop.0
                0x000000000002f924       0x64 modules/hal_nordic/modules/hal_nordic/nrfx/libmodules__hal_nordic__nrfx.a(nrfx_gpiote.c.obj)
 .text.pin_uninit
                0x000000000002f988       0x80 modules/hal_nordic/modules/hal_nordic/nrfx/libmodules__hal_nordic__nrfx.a(nrfx_gpiote.c.obj)
 .text.nrfx_gpiote_input_configure
                0x000000000002fa08      0x178 modules/hal_nordic/modules/hal_nordic/nrfx/libmodules__hal_nordic__nrfx.a(nrfx_gpiote.c.obj)
                0x000000000002fa08                nrfx_gpiote_input_configure
 .text.nrfx_gpiote_output_configure
                0x000000000002fb80       0xf8 modules/hal_nordic/modules/hal_nordic/nrfx/libmodules__hal_nordic__nrfx.a(nrfx_gpiote.c.obj)
                0x000000000002fb80                nrfx_gpiote_output_configure
 .text.nrfx_gpiote_global_callback_set
                0x000000000002fc78        0xc modules/hal_nordic/modules/hal_nordic/nrfx/libmodules__hal_nordic__nrfx.a(nrfx_gpiote.c.obj)
                0x000000000002fc78                nrfx_gpiote_global_callback_set
 .text.nrfx_gpiote_channel_get
                0x000000000002fc84       0x54 modules/hal_nordic/modules/hal_nordic/nrfx/libmodules__hal_nordic__nrfx.a(nrfx_gpiote.c.obj)
                0x000000000002fc84                nrfx_gpiote_channel_get
 .text.nrfx_gpiote_init
                0x000000000002fcd8       0x68 modules/hal_nordic/modules/hal_nordic/nrfx/libmodules__hal_nordic__nrfx.a(nrfx_gpiote.c.obj)
                0x000000000002fcd8                nrfx_gpiote_init
 .text.nrfx_gpiote_init_check
                0x000000000002fd40       0x14 modules/hal_nordic/modules/hal_nordic/nrfx/libmodules__hal_nordic__nrfx.a(nrfx_gpiote.c.obj)
                0x000000000002fd40                nrfx_gpiote_init_check
 .text.nrfx_gpiote_channel_free
                0x000000000002fd54       0x10 modules/hal_nordic/modules/hal_nordic/nrfx/libmodules__hal_nordic__nrfx.a(nrfx_gpiote.c.obj)
                0x000000000002fd54                nrfx_gpiote_channel_free
 .text.nrfx_gpiote_channel_alloc
                0x000000000002fd64       0x10 modules/hal_nordic/modules/hal_nordic/nrfx/libmodules__hal_nordic__nrfx.a(nrfx_gpiote.c.obj)
                0x000000000002fd64                nrfx_gpiote_channel_alloc
 .text.nrfx_gpiote_trigger_enable
                0x000000000002fd74       0xe8 modules/hal_nordic/modules/hal_nordic/nrfx/libmodules__hal_nordic__nrfx.a(nrfx_gpiote.c.obj)
                0x000000000002fd74                nrfx_gpiote_trigger_enable
 .text.nrfx_gpiote_0_irq_handler
                0x000000000002fe5c      0x1b0 modules/hal_nordic/modules/hal_nordic/nrfx/libmodules__hal_nordic__nrfx.a(nrfx_gpiote.c.obj)
                0x000000000002fe5c                nrfx_gpiote_0_irq_handler
 .text.nrfx_power_init
                0x000000000003000c       0x90 modules/hal_nordic/modules/hal_nordic/nrfx/libmodules__hal_nordic__nrfx.a(nrfx_power.c.obj)
                0x000000000003000c                nrfx_power_init
 .text.nrfx_power_usbevt_uninit
                0x000000000003009c       0x18 modules/hal_nordic/modules/hal_nordic/nrfx/libmodules__hal_nordic__nrfx.a(nrfx_power.c.obj)
                0x000000000003009c                nrfx_power_usbevt_uninit
 .text.nrfx_power_usbevt_init
                0x00000000000300b4       0x34 modules/hal_nordic/modules/hal_nordic/nrfx/libmodules__hal_nordic__nrfx.a(nrfx_power.c.obj)
                0x00000000000300b4                nrfx_power_usbevt_init
 .text.nrfx_power_irq_handler
                0x00000000000300e8      0x124 modules/hal_nordic/modules/hal_nordic/nrfx/libmodules__hal_nordic__nrfx.a(nrfx_power.c.obj)
                0x00000000000300e8                nrfx_power_irq_handler
 .text.nrfx_ppi_channel_alloc
                0x000000000003020c        0xc modules/hal_nordic/modules/hal_nordic/nrfx/libmodules__hal_nordic__nrfx.a(nrfx_ppi.c.obj)
                0x000000000003020c                nrfx_ppi_channel_alloc
 .text.nrfx_ppi_channel_free
                0x0000000000030218       0x28 modules/hal_nordic/modules/hal_nordic/nrfx/libmodules__hal_nordic__nrfx.a(nrfx_ppi.c.obj)
                0x0000000000030218                nrfx_ppi_channel_free
 .text.nrfx_ppi_group_alloc
                0x0000000000030240        0xc modules/hal_nordic/modules/hal_nordic/nrfx/libmodules__hal_nordic__nrfx.a(nrfx_ppi.c.obj)
                0x0000000000030240                nrfx_ppi_group_alloc
 .text.nrfx_ppi_group_free
                0x000000000003024c       0x1c modules/hal_nordic/modules/hal_nordic/nrfx/libmodules__hal_nordic__nrfx.a(nrfx_ppi.c.obj)
                0x000000000003024c                nrfx_ppi_group_free
 .text.timer_configure
                0x0000000000030268       0x84 modules/hal_nordic/modules/hal_nordic/nrfx/libmodules__hal_nordic__nrfx.a(nrfx_timer.c.obj)
 .text.nrfx_timer_init
                0x00000000000302ec       0x98 modules/hal_nordic/modules/hal_nordic/nrfx/libmodules__hal_nordic__nrfx.a(nrfx_timer.c.obj)
                0x00000000000302ec                nrfx_timer_init
 .text.nrfx_timer_disable
                0x0000000000030384       0x40 modules/hal_nordic/modules/hal_nordic/nrfx/libmodules__hal_nordic__nrfx.a(nrfx_timer.c.obj)
                0x0000000000030384                nrfx_timer_disable
 .text.nrfx_timer_uninit
                0x00000000000303c4       0x60 modules/hal_nordic/modules/hal_nordic/nrfx/libmodules__hal_nordic__nrfx.a(nrfx_timer.c.obj)
                0x00000000000303c4                nrfx_timer_uninit
 .text.nrfx_timer_compare
                0x0000000000030424       0x60 modules/hal_nordic/modules/hal_nordic/nrfx/libmodules__hal_nordic__nrfx.a(nrfx_timer.c.obj)
                0x0000000000030424                nrfx_timer_compare
 .text.nrfx_timer_2_irq_handler
                0x0000000000030484       0x6c modules/hal_nordic/modules/hal_nordic/nrfx/libmodules__hal_nordic__nrfx.a(nrfx_timer.c.obj)
                0x0000000000030484                nrfx_timer_2_irq_handler
 .text.z_device_state_init
                0x00000000000304f0       0x34 zephyr/kernel/libkernel.a(device.c.obj)
                0x00000000000304f0                z_device_state_init
 .text.z_fatal_error
                0x0000000000030524       0xb8 zephyr/kernel/libkernel.a(fatal.c.obj)
                0x0000000000030524                z_fatal_error
 .text.z_sys_init_run_level
                0x00000000000305dc       0x30 zephyr/kernel/libkernel.a(init.c.obj)
 .text.bg_thread_main
                0x000000000003060c       0xf0 zephyr/kernel/libkernel.a(init.c.obj)
 .text.z_bss_zero
                0x00000000000306fc       0x18 zephyr/kernel/libkernel.a(init.c.obj)
                0x00000000000306fc                z_bss_zero
 .text.z_init_cpu
                0x0000000000030714       0x70 zephyr/kernel/libkernel.a(init.c.obj)
                0x0000000000030714                z_init_cpu
 .text.z_cstart
                0x0000000000030784       0xd4 zephyr/kernel/libkernel.a(init.c.obj)
                0x0000000000030784                z_cstart
 .text.init_mem_slab_obj_core_list
                0x0000000000030858       0x40 zephyr/kernel/libkernel.a(mem_slab.c.obj)
 .text.k_mem_slab_alloc
                0x0000000000030898       0xe4 zephyr/kernel/libkernel.a(mem_slab.c.obj)
                0x0000000000030898                k_mem_slab_alloc
 .text.k_mem_slab_free
                0x000000000003097c      0x124 zephyr/kernel/libkernel.a(mem_slab.c.obj)
                0x000000000003097c                k_mem_slab_free
 .text.idle     0x0000000000030aa0       0x40 zephyr/kernel/libkernel.a(idle.c.obj)
                0x0000000000030aa0                idle
 .text.z_impl_k_mutex_lock
                0x0000000000030ae0      0x16c zephyr/kernel/libkernel.a(mutex.c.obj)
                0x0000000000030ae0                z_impl_k_mutex_lock
 .text.z_impl_k_mutex_unlock
                0x0000000000030c4c      0x148 zephyr/kernel/libkernel.a(mutex.c.obj)
                0x0000000000030c4c                z_impl_k_mutex_unlock
 .text.unpend_thread_no_timeout
                0x0000000000030d94       0x3c zephyr/kernel/libkernel.a(queue.c.obj)
 .text.queue_insert
                0x0000000000030dd0      0x148 zephyr/kernel/libkernel.a(queue.c.obj)
 .text.z_impl_k_queue_get
                0x0000000000030f18       0xb0 zephyr/kernel/libkernel.a(queue.c.obj)
                0x0000000000030f18                z_impl_k_queue_get
 .text.unpend_thread_no_timeout
                0x0000000000030fc8       0x3c zephyr/kernel/libkernel.a(sem.c.obj)
 .text.z_impl_k_sem_give
                0x0000000000031004       0xc4 zephyr/kernel/libkernel.a(sem.c.obj)
                0x0000000000031004                z_impl_k_sem_give
 .text.z_impl_k_sem_take
                0x00000000000310c8       0xc0 zephyr/kernel/libkernel.a(sem.c.obj)
                0x00000000000310c8                z_impl_k_sem_take
 .text.work_queue_main
                0x0000000000031188      0x1e0 zephyr/kernel/libkernel.a(work.c.obj)
 .text.submit_to_queue_locked
                0x0000000000031368       0xd8 zephyr/kernel/libkernel.a(work.c.obj)
 .text.work_timeout
                0x0000000000031440       0x84 zephyr/kernel/libkernel.a(work.c.obj)
 .text.k_work_init
                0x00000000000314c4       0x40 zephyr/kernel/libkernel.a(work.c.obj)
                0x00000000000314c4                k_work_init
 .text.z_work_submit_to_queue
                0x0000000000031504       0xa4 zephyr/kernel/libkernel.a(work.c.obj)
                0x0000000000031504                z_work_submit_to_queue
 .text.k_work_queue_start
                0x00000000000315a8       0xcc zephyr/kernel/libkernel.a(work.c.obj)
                0x00000000000315a8                k_work_queue_start
 .text.k_work_init_delayable
                0x0000000000031674       0x4c zephyr/kernel/libkernel.a(work.c.obj)
                0x0000000000031674                k_work_init_delayable
 .text.k_work_schedule_for_queue
                0x00000000000316c0       0xd8 zephyr/kernel/libkernel.a(work.c.obj)
                0x00000000000316c0                k_work_schedule_for_queue
 .text.z_setup_new_thread
                0x0000000000031798       0xcc zephyr/kernel/libkernel.a(thread.c.obj)
                0x0000000000031798                z_setup_new_thread
 .text.z_impl_k_thread_create
                0x0000000000031864       0x7c zephyr/kernel/libkernel.a(thread.c.obj)
                0x0000000000031864                z_impl_k_thread_create
 .text.z_dummy_thread_init
                0x00000000000318e0       0x18 zephyr/kernel/libkernel.a(thread.c.obj)
                0x00000000000318e0                z_dummy_thread_init
 .text.z_swap_irqlock
                0x00000000000318f8       0x30 zephyr/kernel/libkernel.a(sched.c.obj)
 .text.unready_thread
                0x0000000000031928       0x8c zephyr/kernel/libkernel.a(sched.c.obj)
 .text.unpend_thread_no_timeout
                0x00000000000319b4       0x34 zephyr/kernel/libkernel.a(sched.c.obj)
 .text.ready_thread
                0x00000000000319e8       0xc0 zephyr/kernel/libkernel.a(sched.c.obj)
 .text.move_thread_to_end_of_prio_q
                0x0000000000031aa8       0xdc zephyr/kernel/libkernel.a(sched.c.obj)
                0x0000000000031aa8                move_thread_to_end_of_prio_q
 .text.z_ready_thread
                0x0000000000031b84       0x68 zephyr/kernel/libkernel.a(sched.c.obj)
                0x0000000000031b84                z_ready_thread
 .text.z_unpend_thread_no_timeout
                0x0000000000031bec       0x6c zephyr/kernel/libkernel.a(sched.c.obj)
                0x0000000000031bec                z_unpend_thread_no_timeout
 .text.z_sched_wake_thread
                0x0000000000031c58       0x84 zephyr/kernel/libkernel.a(sched.c.obj)
                0x0000000000031c58                z_sched_wake_thread
 .text.z_pend_curr
                0x0000000000031cdc       0xd4 zephyr/kernel/libkernel.a(sched.c.obj)
                0x0000000000031cdc                z_pend_curr
 .text.z_thread_prio_set
                0x0000000000031db0      0x17c zephyr/kernel/libkernel.a(sched.c.obj)
                0x0000000000031db0                z_thread_prio_set
 .text.z_reschedule
                0x0000000000031f2c       0x70 zephyr/kernel/libkernel.a(sched.c.obj)
                0x0000000000031f2c                z_reschedule
 .text.z_reschedule_irqlock
                0x0000000000031f9c       0x28 zephyr/kernel/libkernel.a(sched.c.obj)
                0x0000000000031f9c                z_reschedule_irqlock
 .text.k_sched_lock
                0x0000000000031fc4       0x9c zephyr/kernel/libkernel.a(sched.c.obj)
                0x0000000000031fc4                k_sched_lock
 .text.k_sched_unlock
                0x0000000000032060       0xe0 zephyr/kernel/libkernel.a(sched.c.obj)
                0x0000000000032060                k_sched_unlock
 .text.z_sched_init
                0x0000000000032140       0x10 zephyr/kernel/libkernel.a(sched.c.obj)
                0x0000000000032140                z_sched_init
 .text.z_impl_k_yield
                0x0000000000032150       0xec zephyr/kernel/libkernel.a(sched.c.obj)
                0x0000000000032150                z_impl_k_yield
 .text.z_tick_sleep
                0x000000000003223c       0xe0 zephyr/kernel/libkernel.a(sched.c.obj)
 .text.z_impl_k_sleep
                0x000000000003231c       0x78 zephyr/kernel/libkernel.a(sched.c.obj)
                0x000000000003231c                z_impl_k_sleep
 .text.z_impl_k_usleep
                0x0000000000032394       0x3c zephyr/kernel/libkernel.a(sched.c.obj)
                0x0000000000032394                z_impl_k_usleep
 .text.z_impl_k_wakeup
                0x00000000000323d0       0x8c zephyr/kernel/libkernel.a(sched.c.obj)
                0x00000000000323d0                z_impl_k_wakeup
 .text.z_impl_k_sched_current_thread_query
                0x000000000003245c        0xc zephyr/kernel/libkernel.a(sched.c.obj)
                0x000000000003245c                z_impl_k_sched_current_thread_query
 .text.z_thread_abort
                0x0000000000032468      0x1f4 zephyr/kernel/libkernel.a(sched.c.obj)
                0x0000000000032468                z_thread_abort
 .text.z_sched_wake
                0x000000000003265c       0x98 zephyr/kernel/libkernel.a(sched.c.obj)
                0x000000000003265c                z_sched_wake
 .text.z_sched_wait
                0x00000000000326f4       0x24 zephyr/kernel/libkernel.a(sched.c.obj)
                0x00000000000326f4                z_sched_wait
 .text.slice_timeout
                0x0000000000032718       0x54 zephyr/kernel/libkernel.a(timeslicing.c.obj)
 .text.thread_is_sliceable
                0x000000000003276c       0x3c zephyr/kernel/libkernel.a(timeslicing.c.obj)
                0x000000000003276c                thread_is_sliceable
 .text.z_reset_time_slice
                0x00000000000327a8       0x50 zephyr/kernel/libkernel.a(timeslicing.c.obj)
                0x00000000000327a8                z_reset_time_slice
 .text.z_time_slice
                0x00000000000327f8       0xa4 zephyr/kernel/libkernel.a(timeslicing.c.obj)
                0x00000000000327f8                z_time_slice
 .text.z_spin_lock_valid
                0x000000000003289c       0x1c zephyr/kernel/libkernel.a(spinlock_validate.c.obj)
                0x000000000003289c                z_spin_lock_valid
 .text.z_spin_unlock_valid
                0x00000000000328b8       0x2c zephyr/kernel/libkernel.a(spinlock_validate.c.obj)
                0x00000000000328b8                z_spin_unlock_valid
 .text.z_spin_lock_set_owner
                0x00000000000328e4       0x10 zephyr/kernel/libkernel.a(spinlock_validate.c.obj)
                0x00000000000328e4                z_spin_lock_set_owner
 .text.z_data_copy
                0x00000000000328f4       0x38 zephyr/kernel/libkernel.a(xip.c.obj)
                0x00000000000328f4                z_data_copy
 .text.first    0x000000000003292c       0x10 zephyr/kernel/libkernel.a(timeout.c.obj)
 .text.elapsed  0x000000000003293c       0x14 zephyr/kernel/libkernel.a(timeout.c.obj)
 .text.remove_timeout
                0x0000000000032950       0x38 zephyr/kernel/libkernel.a(timeout.c.obj)
 .text.z_add_timeout
                0x0000000000032988      0x194 zephyr/kernel/libkernel.a(timeout.c.obj)
                0x0000000000032988                z_add_timeout
 .text.z_abort_timeout
                0x0000000000032b1c       0x98 zephyr/kernel/libkernel.a(timeout.c.obj)
                0x0000000000032b1c                z_abort_timeout
 .text.sys_clock_announce
                0x0000000000032bb4      0x128 zephyr/kernel/libkernel.a(timeout.c.obj)
                0x0000000000032bb4                sys_clock_announce
 .text.sys_clock_tick_get
                0x0000000000032cdc       0x78 zephyr/kernel/libkernel.a(timeout.c.obj)
                0x0000000000032cdc                sys_clock_tick_get
 .text.z_thread_alloc_helper
                0x0000000000032d54       0xcc zephyr/kernel/libkernel.a(mempool.c.obj)
 .text.z_thread_malloc
                0x0000000000032e20       0x10 zephyr/kernel/libkernel.a(mempool.c.obj)
                0x0000000000032e20                z_thread_malloc
 .text.statics_init
                0x0000000000032e30       0x40 zephyr/kernel/libkernel.a(kheap.c.obj)
 .text.k_heap_free
                0x0000000000032e70       0x84 zephyr/kernel/libkernel.a(kheap.c.obj)
                0x0000000000032e70                k_heap_free
 .text.k_sys_work_q_init
                0x0000000000032ef4       0x2c zephyr/kernel/libkernel.a(system_work_q.c.obj)
 .text.nrf_cc3xx_platform_init_no_rng
                0x0000000000032f20       0x38 C:/ncs/v3.1.1/nrfxlib/crypto/nrf_cc310_platform/lib/cortex-m4/soft-float/no-interrupts/libnrf_cc310_platform_0.9.19.a(nrf_cc3xx_platform.c.obj)
                0x0000000000032f20                nrf_cc3xx_platform_init_no_rng
 .text.nrf_cc3xx_platform_abort
                0x0000000000032f58       0x24 C:/ncs/v3.1.1/nrfxlib/crypto/nrf_cc310_platform/lib/cortex-m4/soft-float/no-interrupts/libnrf_cc310_platform_0.9.19.a(nrf_cc3xx_platform_abort.c.obj)
 .text.CC_PalAbort
                0x0000000000032f7c       0x34 C:/ncs/v3.1.1/nrfxlib/crypto/nrf_cc310_platform/lib/cortex-m4/soft-float/no-interrupts/libnrf_cc310_platform_0.9.19.a(nrf_cc3xx_platform_abort.c.obj)
                0x0000000000032f7c                CC_PalAbort
 .text.nrf_cc3xx_platform_set_abort
                0x0000000000032fb0       0x10 C:/ncs/v3.1.1/nrfxlib/crypto/nrf_cc310_platform/lib/cortex-m4/soft-float/no-interrupts/libnrf_cc310_platform_0.9.19.a(nrf_cc3xx_platform_abort.c.obj)
                0x0000000000032fb0                nrf_cc3xx_platform_set_abort
 .text.mutex_free
                0x0000000000032fc0       0x34 C:/ncs/v3.1.1/nrfxlib/crypto/nrf_cc310_platform/lib/cortex-m4/soft-float/no-interrupts/libnrf_cc310_platform_0.9.19.a(nrf_cc3xx_platform_mutex.c.obj)
 .text.mutex_lock
                0x0000000000032ff4       0x48 C:/ncs/v3.1.1/nrfxlib/crypto/nrf_cc310_platform/lib/cortex-m4/soft-float/no-interrupts/libnrf_cc310_platform_0.9.19.a(nrf_cc3xx_platform_mutex.c.obj)
 .text.mutex_unlock
                0x000000000003303c       0x38 C:/ncs/v3.1.1/nrfxlib/crypto/nrf_cc310_platform/lib/cortex-m4/soft-float/no-interrupts/libnrf_cc310_platform_0.9.19.a(nrf_cc3xx_platform_mutex.c.obj)
 .text.mutex_init
                0x0000000000033074       0x20 C:/ncs/v3.1.1/nrfxlib/crypto/nrf_cc310_platform/lib/cortex-m4/soft-float/no-interrupts/libnrf_cc310_platform_0.9.19.a(nrf_cc3xx_platform_mutex.c.obj)
 .text.nrf_cc3xx_platform_set_mutexes
                0x0000000000033094       0x74 C:/ncs/v3.1.1/nrfxlib/crypto/nrf_cc310_platform/lib/cortex-m4/soft-float/no-interrupts/libnrf_cc310_platform_0.9.19.a(nrf_cc3xx_platform_mutex.c.obj)
                0x0000000000033094                nrf_cc3xx_platform_set_mutexes
 .text.CC_LibInitNoRng
                0x0000000000033108       0x64 C:/ncs/v3.1.1/nrfxlib/crypto/nrf_cc310_platform/lib/cortex-m4/soft-float/no-interrupts/libnrf_cc310_platform_0.9.19.a(cc_lib.c.obj)
                0x0000000000033108                CC_LibInitNoRng
 .text.CC_HalInit
                0x000000000003316c        0x4 C:/ncs/v3.1.1/nrfxlib/crypto/nrf_cc310_platform/lib/cortex-m4/soft-float/no-interrupts/libnrf_cc310_platform_0.9.19.a(cc_hal.c.obj)
                0x000000000003316c                CC_HalInit
 .text.CC_HalTerminate
                0x0000000000033170        0x4 C:/ncs/v3.1.1/nrfxlib/crypto/nrf_cc310_platform/lib/cortex-m4/soft-float/no-interrupts/libnrf_cc310_platform_0.9.19.a(cc_hal.c.obj)
                0x0000000000033170                CC_HalTerminate
 .text.CC_HalMaskInterrupt
                0x0000000000033174        0xc C:/ncs/v3.1.1/nrfxlib/crypto/nrf_cc310_platform/lib/cortex-m4/soft-float/no-interrupts/libnrf_cc310_platform_0.9.19.a(cc_hal.c.obj)
                0x0000000000033174                CC_HalMaskInterrupt
 .text.CC_PalInit
                0x0000000000033180       0x5c C:/ncs/v3.1.1/nrfxlib/crypto/nrf_cc310_platform/lib/cortex-m4/soft-float/no-interrupts/libnrf_cc310_platform_0.9.19.a(cc_pal.c.obj)
                0x0000000000033180                CC_PalInit
 .text.CC_PalTerminate
                0x00000000000331dc       0x34 C:/ncs/v3.1.1/nrfxlib/crypto/nrf_cc310_platform/lib/cortex-m4/soft-float/no-interrupts/libnrf_cc310_platform_0.9.19.a(cc_pal.c.obj)
                0x00000000000331dc                CC_PalTerminate
 .text.CC_PalDmaInit
                0x0000000000033210        0x4 C:/ncs/v3.1.1/nrfxlib/crypto/nrf_cc310_platform/lib/cortex-m4/soft-float/no-interrupts/libnrf_cc310_platform_0.9.19.a(cc_pal_dma.c.obj)
                0x0000000000033210                CC_PalDmaInit
 .text.CC_PalDmaTerminate
                0x0000000000033214        0x4 C:/ncs/v3.1.1/nrfxlib/crypto/nrf_cc310_platform/lib/cortex-m4/soft-float/no-interrupts/libnrf_cc310_platform_0.9.19.a(cc_pal_dma.c.obj)
                0x0000000000033214                CC_PalDmaTerminate
 .text.CC_PalMutexCreate
                0x0000000000033218       0x14 C:/ncs/v3.1.1/nrfxlib/crypto/nrf_cc310_platform/lib/cortex-m4/soft-float/no-interrupts/libnrf_cc310_platform_0.9.19.a(cc_pal_mutex.c.obj)
                0x0000000000033218                CC_PalMutexCreate
 .text.CC_PalMutexDestroy
                0x000000000003322c       0x14 C:/ncs/v3.1.1/nrfxlib/crypto/nrf_cc310_platform/lib/cortex-m4/soft-float/no-interrupts/libnrf_cc310_platform_0.9.19.a(cc_pal_mutex.c.obj)
                0x000000000003322c                CC_PalMutexDestroy
 .text.CC_PalPowerSaveModeInit
                0x0000000000033240       0x3c C:/ncs/v3.1.1/nrfxlib/crypto/nrf_cc310_platform/lib/cortex-m4/soft-float/no-interrupts/libnrf_cc310_platform_0.9.19.a(cc_pal_pm.c.obj)
                0x0000000000033240                CC_PalPowerSaveModeInit
 .text.CC_PalPowerSaveModeSelect
                0x000000000003327c       0x84 C:/ncs/v3.1.1/nrfxlib/crypto/nrf_cc310_platform/lib/cortex-m4/soft-float/no-interrupts/libnrf_cc310_platform_0.9.19.a(cc_pal_pm.c.obj)
                0x000000000003327c                CC_PalPowerSaveModeSelect
 .text.__l_vfprintf
                0x0000000000033300      0x4b8 c:\ncs\toolchains\c1a76fddb2\opt\zephyr-sdk\arm-zephyr-eabi\bin\../lib/gcc/../../picolibc/arm-zephyr-eabi/lib/thumb/v7e-m/nofp\libc.a(libc_tinystdio_vflprintf.c.o)
                0x0000000000033300                __l_vfprintf
 .text._OffsetAbsSyms
                0x00000000000337b8        0x2 zephyr/CMakeFiles/offsets.dir/./arch/arm/core/offsets/offsets.c.obj
                0x00000000000337b8                _OffsetAbsSyms
 .text.sys_get_le32
                0x00000000000337ba        0x4 app/libapp.a(main.c.obj)
 .text.chunk_size
                0x00000000000337be        0xa zephyr/libzephyr.a(heap.c.obj)
 .text.free_list_add
                0x00000000000337c8       0x4e zephyr/libzephyr.a(heap.c.obj)
 .text.free_list_remove_bidx
                0x0000000000033816       0x3a zephyr/libzephyr.a(heap.c.obj)
 .text.free_list_remove
                0x0000000000033850       0x1a zephyr/libzephyr.a(heap.c.obj)
 .text.alloc_chunk
                0x000000000003386a       0x6e zephyr/libzephyr.a(heap.c.obj)
 .text.merge_chunks
                0x00000000000338d8       0x2c zephyr/libzephyr.a(heap.c.obj)
 .text.split_chunks
                0x0000000000033904       0x34 zephyr/libzephyr.a(heap.c.obj)
 .text.free_chunk
                0x0000000000033938       0x62 zephyr/libzephyr.a(heap.c.obj)
 .text.sys_heap_alloc
                0x000000000003399a       0x52 zephyr/libzephyr.a(heap.c.obj)
                0x000000000003399a                sys_heap_alloc
 .text.sys_heap_noalign_alloc
                0x00000000000339ec        0x6 zephyr/libzephyr.a(heap.c.obj)
                0x00000000000339ec                sys_heap_noalign_alloc
 .text.arch_printk_char_out
                0x00000000000339f2        0x4 zephyr/libzephyr.a(printk.c.obj)
                0x00000000000339f2                arch_printk_char_out
 .text.printk   0x00000000000339f6       0x1a zephyr/libzephyr.a(printk.c.obj)
                0x00000000000339f6                printk
 .text.assert_post_action
                0x0000000000033a10       0x12 zephyr/libzephyr.a(assert.c.obj)
                0x0000000000033a10                assert_post_action
 .text.assert_print
                0x0000000000033a22       0x1a zephyr/libzephyr.a(assert.c.obj)
                0x0000000000033a22                assert_print
 .text.sys_slist_find_and_remove
                0x0000000000033a3c       0x36 zephyr/libzephyr.a(onoff.c.obj)
 .text.process_recheck
                0x0000000000033a72       0x38 zephyr/libzephyr.a(onoff.c.obj)
 .text.validate_args
                0x0000000000033aaa       0x20 zephyr/libzephyr.a(onoff.c.obj)
 .text.notify_one
                0x0000000000033aca       0x2c zephyr/libzephyr.a(onoff.c.obj)
 .text.onoff_manager_init
                0x0000000000033af6       0x26 zephyr/libzephyr.a(onoff.c.obj)
                0x0000000000033af6                onoff_manager_init
 .text.sys_notify_validate
                0x0000000000033b1c       0x22 zephyr/libzephyr.a(notify.c.obj)
                0x0000000000033b1c                sys_notify_validate
 .text.ring_buf_area_claim
                0x0000000000033b3e       0x30 zephyr/libzephyr.a(ring_buffer.c.obj)
                0x0000000000033b3e                ring_buf_area_claim
 .text.ring_buf_put_claim
                0x0000000000033b6e       0x1e zephyr/libzephyr.a(ring_buffer.c.obj)
 .text.ring_buf_get_claim
                0x0000000000033b8c       0x1e zephyr/libzephyr.a(ring_buffer.c.obj)
 .text.ring_buf_area_finish
                0x0000000000033baa       0x32 zephyr/libzephyr.a(ring_buffer.c.obj)
                0x0000000000033baa                ring_buf_area_finish
 .text._ConfigAbsSyms
                0x0000000000033bdc        0x2 zephyr/libzephyr.a(configs.c.obj)
                0x0000000000033bdc                _ConfigAbsSyms
 .text.z_log_minimal_printk
                0x0000000000033bde       0x1a zephyr/libzephyr.a(log_minimal.c.obj)
                0x0000000000033bde                z_log_minimal_printk
 .text.get_ep_bm_from_addr
                0x0000000000033bf8       0x1c zephyr/libzephyr.a(usb_device.c.obj)
 .text.usb_write
                0x0000000000033c14       0x30 zephyr/libzephyr.a(usb_device.c.obj)
                0x0000000000033c14                usb_write
 .text.usb_device_init
                0x0000000000033c44        0x6 zephyr/libzephyr.a(usb_device.c.obj)
 .text.usb_get_dev_data_by_cfg
                0x0000000000033c4a       0x18 zephyr/libzephyr.a(usb_descriptor.c.obj)
                0x0000000000033c4a                usb_get_dev_data_by_cfg
 .text.usb_get_dev_data_by_iface
                0x0000000000033c62       0x1c zephyr/libzephyr.a(usb_descriptor.c.obj)
                0x0000000000033c62                usb_get_dev_data_by_iface
 .text.usb_get_dev_data_by_ep
                0x0000000000033c7e       0x2c zephyr/libzephyr.a(usb_descriptor.c.obj)
                0x0000000000033c7e                usb_get_dev_data_by_ep
 .text.usb_transfer_is_busy
                0x0000000000033caa       0x16 zephyr/libzephyr.a(usb_transfer.c.obj)