Archive member included to satisfy reference by file (symbol)

app/libapp.a(device_info.c.obj)
                              (--whole-archive)
app/libapp.a(main.c.obj)      (--whole-archive)
app/libapp.a(radio_utils.c.obj)
                              (--whole-archive)
zephyr/libzephyr.a(heap.c.obj)
                              (--whole-archive)
zephyr/libzephyr.a(cbprintf_packaged.c.obj)
                              (--whole-archive)
zephyr/libzephyr.a(printk.c.obj)
                              (--whole-archive)
zephyr/libzephyr.a(sem.c.obj)
                              (--whole-archive)
zephyr/libzephyr.a(thread_entry.c.obj)
                              (--whole-archive)
zephyr/libzephyr.a(cbprintf_complete.c.obj)
                              (--whole-archive)
zephyr/libzephyr.a(assert.c.obj)
                              (--whole-archive)
zephyr/libzephyr.a(reboot.c.obj)
                              (--whole-archive)
zephyr/libzephyr.a(dec.c.obj)
                              (--whole-archive)
zephyr/libzephyr.a(hex.c.obj)
                              (--whole-archive)
zephyr/libzephyr.a(rb.c.obj)  (--whole-archive)
zephyr/libzephyr.a(timeutil.c.obj)
                              (--whole-archive)
zephyr/libzephyr.a(bitarray.c.obj)
                              (--whole-archive)
zephyr/libzephyr.a(onoff.c.obj)
                              (--whole-archive)
zephyr/libzephyr.a(notify.c.obj)
                              (--whole-archive)
zephyr/libzephyr.a(ring_buffer.c.obj)
                              (--whole-archive)
zephyr/libzephyr.a(last_section_id.c.obj)
                              (--whole-archive)
zephyr/libzephyr.a(configs.c.obj)
                              (--whole-archive)
zephyr/libzephyr.a(log_minimal.c.obj)
                              (--whole-archive)
zephyr/libzephyr.a(mem_attr.c.obj)
                              (--whole-archive)
zephyr/libzephyr.a(tracing_none.c.obj)
                              (--whole-archive)
zephyr/libzephyr.a(usb_device.c.obj)
                              (--whole-archive)
zephyr/libzephyr.a(usb_descriptor.c.obj)
                              (--whole-archive)
zephyr/libzephyr.a(usb_transfer.c.obj)
                              (--whole-archive)
zephyr/libzephyr.a(cdc_acm.c.obj)
                              (--whole-archive)
zephyr/libzephyr.a(usb_work_q.c.obj)
                              (--whole-archive)
zephyr/libzephyr.a(banner.c.obj)
                              (--whole-archive)
zephyr/libzephyr.a(nrf_cc3xx_platform_abort_zephyr.c.obj)
                              (--whole-archive)
zephyr/libzephyr.a(nrf_cc3xx_platform_mutex_zephyr.c.obj)
                              (--whole-archive)
zephyr/arch/common/libarch__common.a(sw_isr_common.c.obj)
                              (--whole-archive)
zephyr/arch/arch/arm/core/libarch__arm__core.a(fatal.c.obj)
                              (--whole-archive)
zephyr/arch/arch/arm/core/libarch__arm__core.a(nmi.c.obj)
                              (--whole-archive)
zephyr/arch/arch/arm/core/libarch__arm__core.a(nmi_on_reset.S.obj)
                              (--whole-archive)
zephyr/arch/arch/arm/core/libarch__arm__core.a(tls.c.obj)
                              (--whole-archive)
zephyr/arch/arch/arm/core/cortex_m/libarch__arm__core__cortex_m.a(exc_exit.c.obj)
                              (--whole-archive)
zephyr/arch/arch/arm/core/cortex_m/libarch__arm__core__cortex_m.a(fault.c.obj)
                              (--whole-archive)
zephyr/arch/arch/arm/core/cortex_m/libarch__arm__core__cortex_m.a(fault_s.S.obj)
                              (--whole-archive)
zephyr/arch/arch/arm/core/cortex_m/libarch__arm__core__cortex_m.a(fpu.c.obj)
                              (--whole-archive)
zephyr/arch/arch/arm/core/cortex_m/libarch__arm__core__cortex_m.a(reset.S.obj)
                              (--whole-archive)
zephyr/arch/arch/arm/core/cortex_m/libarch__arm__core__cortex_m.a(scb.c.obj)
                              (--whole-archive)
zephyr/arch/arch/arm/core/cortex_m/libarch__arm__core__cortex_m.a(thread_abort.c.obj)
                              (--whole-archive)
zephyr/arch/arch/arm/core/cortex_m/libarch__arm__core__cortex_m.a(vector_table.S.obj)
                              (--whole-archive)
zephyr/arch/arch/arm/core/cortex_m/libarch__arm__core__cortex_m.a(swap_helper.S.obj)
                              (--whole-archive)
zephyr/arch/arch/arm/core/cortex_m/libarch__arm__core__cortex_m.a(irq_manage.c.obj)
                              (--whole-archive)
zephyr/arch/arch/arm/core/cortex_m/libarch__arm__core__cortex_m.a(prep_c.c.obj)
                              (--whole-archive)
zephyr/arch/arch/arm/core/cortex_m/libarch__arm__core__cortex_m.a(thread.c.obj)
                              (--whole-archive)
zephyr/arch/arch/arm/core/cortex_m/libarch__arm__core__cortex_m.a(cpu_idle.c.obj)
                              (--whole-archive)
[...]
Memory Configuration

Name             Origin             Length             Attributes
FLASH            0x0000000000027000 0x00000000000c5000 xr
RAM              0x0000000020000000 0x0000000000040000 xw
IDT_LIST         0x00000000ffff7fff 0x0000000000008000 xw
*default*        0x0000000000000000 0xffffffffffffffff

Linker script and memory map

                0x0000000000033130                vfprintf = __l_vfprintf
                0x0000000000000000                vfscanf = __l_vfscanf
LOAD zephyr/CMakeFiles/zephyr_pre0.dir/misc/empty_file.c.obj
LOAD zephyr/CMakeFiles/offsets.dir/./arch/arm/core/offsets/offsets.c.obj
LOAD app/libapp.a
LOAD zephyr/libzephyr.a
LOAD zephyr/arch/common/libarch__common.a
LOAD zephyr/arch/arch/arm/core/libarch__arm__core.a
LOAD zephyr/arch/arch/arm/core/cortex_m/libarch__arm__core__cortex_m.a
LOAD zephyr/arch/arch/arm/core/mpu/libarch__arm__core__mpu.a
LOAD zephyr/lib/libc/picolibc/liblib__libc__picolibc.a
LOAD zephyr/lib/libc/common/liblib__libc__common.a
LOAD zephyr/soc/soc/nrf52840/libsoc__nordic.a
LOAD zephyr/drivers/usb/device/libdrivers__usb__device.a
LOAD zephyr/drivers/usb/common/nrf_usbd_common/libdrivers__usb__common__nrf_usbd_common.a
LOAD zephyr/drivers/clock_control/libdrivers__clock_control.a
LOAD zephyr/drivers/console/libdrivers__console.a
LOAD zephyr/drivers/gpio/libdrivers__gpio.a
LOAD zephyr/drivers/hwinfo/libdrivers__hwinfo.a
LOAD zephyr/drivers/pinctrl/libdrivers__pinctrl.a
LOAD zephyr/drivers/regulator/libdrivers__regulator.a
LOAD zephyr/drivers/serial/libdrivers__serial.a
LOAD zephyr/drivers/timer/libdrivers__timer.a
LOAD modules/nrf/lib/dk_buttons_and_leds/lib..__nrf__lib__dk_buttons_and_leds.a
LOAD modules/nrf/lib/multithreading_lock/lib..__nrf__lib__multithreading_lock.a
LOAD modules/nrf/lib/fatal_error/lib..__nrf__lib__fatal_error.a
LOAD modules/nrf/subsys/esb/lib..__nrf__subsys__esb.a
LOAD modules/nrf/subsys/mpsl/fem/lib..__nrf__subsys__mpsl__fem.a
LOAD modules/nrf/subsys/mpsl/hwres/lib..__nrf__subsys__mpsl__hwres.a
LOAD modules/nrf/drivers/hw_cc3xx/lib..__nrf__drivers__hw_cc3xx.a
LOAD modules/hal_nordic/modules/hal_nordic/nrfx/libmodules__hal_nordic__nrfx.a
LOAD zephyr/kernel/libkernel.a
LOAD zephyr/arch/common/libisr_tables.a
LOAD C:/ncs/v3.1.1/nrfxlib/crypto/nrf_cc310_platform/lib/cortex-m4/soft-float/no-interrupts/libnrf_cc310_platform_0.9.19.a
LOAD C:/ncs/v3.1.1/nrfxlib/mpsl/fem/common/lib/nrf52/soft-float/libmpsl_fem_common.a
LOAD C:/ncs/v3.1.1/nrfxlib/mpsl/fem/nrf21540_gpio/lib/nrf52/soft-float/libmpsl_fem_nrf21540_gpio.a
LOAD C:/ncs/v3.1.1/nrfxlib/mpsl/fem/nrf21540_gpio_spi/lib/nrf52/soft-float/libmpsl_fem_nrf21540_gpio_spi.a
LOAD C:/ncs/v3.1.1/nrfxlib/mpsl/fem/nrf2220/lib/nrf52/soft-float/libmpsl_fem_nrf2220.a
LOAD C:/ncs/v3.1.1/nrfxlib/mpsl/fem/nrf2240/lib/nrf52/soft-float/libmpsl_fem_nrf2240.a
LOAD C:/ncs/v3.1.1/nrfxlib/mpsl/fem/nrf22xx/lib/nrf52/soft-float/libmpsl_fem_nrf22xx.a
LOAD C:/ncs/v3.1.1/nrfxlib/mpsl/fem/simple_gpio/lib/nrf52/soft-float/libmpsl_fem_simple_gpio.a
LOAD C:/ncs/v3.1.1/nrfxlib/mpsl/lib/nrf52/soft-float/libmpsl.a
LOAD c:\ncs\toolchains\c1a76fddb2\opt\zephyr-sdk\arm-zephyr-eabi\bin\../lib/gcc/../../picolibc/arm-zephyr-eabi/lib/thumb/v7e-m/nofp\libc.a
LOAD c:/ncs/toolchains/c1a76fddb2/opt/zephyr-sdk/arm-zephyr-eabi/bin/../lib/gcc/arm-zephyr-eabi/12.2.0/thumb/v7e-m/nofp\libgcc.a
                0x0000000000000020                _region_min_align = 0x20

.rel.plt        0x0000000000027000        0x0
 *(SORT_BY_ALIGNMENT(.rel.plt))
                [!provide]                        PROVIDE (__rel_iplt_start = .)
 *(SORT_BY_ALIGNMENT(.rel.iplt))
 .rel.iplt      0x0000000000027000        0x0 app/libapp.a(device_info.c.obj)
                [!provide]                        PROVIDE (__rel_iplt_end = .)

.rela.plt       0x0000000000000000        0x0
 *(SORT_BY_ALIGNMENT(.rela.plt))
                [!provide]                        PROVIDE (__rela_iplt_start = .)
 *(SORT_BY_ALIGNMENT(.rela.iplt))
                [!provide]                        PROVIDE (__rela_iplt_end = .)

.rel.dyn
 *(SORT_BY_ALIGNMENT(.rel.*))

.rela.dyn
 *(SORT_BY_ALIGNMENT(.rela.*))

/DISCARD/
 *(SORT_BY_ALIGNMENT(.plt))

/DISCARD/
 *(SORT_BY_ALIGNMENT(.iplt))
                0x0000000000027000                __rom_region_start = 0x27000

rom_start       0x0000000000027000      0x100
                0x0000000000027000                __rom_start_address = .
 FILL mask 0x00
                0x0000000000027000                . = (. + (0x0 - (. - __rom_start_address)))
                0x0000000000027000                . = ALIGN (0x4)
                0x0000000000027000                . = ALIGN (0x80)
                0x0000000000027000                . = ALIGN (0x100)
                0x0000000000027000                _vector_start = .
 *(SORT_BY_ALIGNMENT(.exc_vector_table))
 *(SORT_BY_ALIGNMENT(.exc_vector_table.*))
 .exc_vector_table._vector_table_section
                0x0000000000027000       0x40 zephyr/arch/arch/arm/core/cortex_m/libarch__arm__core__cortex_m.a(vector_table.S.obj)
                0x0000000000027000                _vector_table
 *(SORT_BY_ALIGNMENT(.vectors))
                0x0000000000027100                _vector_end = .
                0x0000000000027040                . = ALIGN (0x4)
 *(SORT_BY_ALIGNMENT(.gnu.linkonce.irq_vector_table*))
 .gnu.linkonce.irq_vector_table
                0x0000000000027040       0xc0 zephyr/arch/common/libisr_tables.a(isr_tables.c.obj)
                0x0000000000027040                _irq_vector_table
                0x0000000000027100                _vector_end = .

text            0x0000000000027100     0xd7ac
                0x0000000000027100                __text_region_start = .
 *(SORT_BY_ALIGNMENT(.text))
 .text          0x0000000000027100        0xc C:/ncs/v3.1.1/nrfxlib/mpsl/fem/common/lib/nrf52/soft-float/libmpsl_fem_common.a(libmpsl_fem_common_debug_soft__obfuscated.elf)
                0x0000000000027100                mpsl_fem_enable
 .text          0x000000000002710c        0xc C:/ncs/v3.1.1/nrfxlib/mpsl/fem/common/lib/nrf52/soft-float/libmpsl_fem_common.a(libmpsl_fem_common_debug_soft__obfuscated.elf)
                0x000000000002710c                mpsl_fem_disable
 .text          0x0000000000027118        0xc C:/ncs/v3.1.1/nrfxlib/mpsl/fem/common/lib/nrf52/soft-float/libmpsl_fem_common.a(libmpsl_fem_common_debug_soft__obfuscated.elf)
                0x0000000000027118                mpsl_fem_pa_configuration_set
 .text          0x0000000000027124        0xc C:/ncs/v3.1.1/nrfxlib/mpsl/fem/common/lib/nrf52/soft-float/libmpsl_fem_common.a(libmpsl_fem_common_debug_soft__obfuscated.elf)
                0x0000000000027124                mpsl_fem_lna_configuration_set
 .text          0x0000000000027130        0xc C:/ncs/v3.1.1/nrfxlib/mpsl/fem/common/lib/nrf52/soft-float/libmpsl_fem_common.a(libmpsl_fem_common_debug_soft__obfuscated.elf)
                0x0000000000027130                mpsl_fem_pa_configuration_clear
 .text          0x000000000002713c        0xc C:/ncs/v3.1.1/nrfxlib/mpsl/fem/common/lib/nrf52/soft-float/libmpsl_fem_common.a(libmpsl_fem_common_debug_soft__obfuscated.elf)
                0x000000000002713c                mpsl_fem_lna_configuration_clear
 .text          0x0000000000027148        0xc C:/ncs/v3.1.1/nrfxlib/mpsl/fem/common/lib/nrf52/soft-float/libmpsl_fem_common.a(libmpsl_fem_common_debug_soft__obfuscated.elf)
                0x0000000000027148                mpsl_fem_deactivate_now
 .text          0x0000000000027154        0xc C:/ncs/v3.1.1/nrfxlib/mpsl/fem/common/lib/nrf52/soft-float/libmpsl_fem_common.a(libmpsl_fem_common_debug_soft__obfuscated.elf)
                0x0000000000027154                mpsl_fem_pa_power_control_set
 .text          0x0000000000027160       0x18 C:/ncs/v3.1.1/nrfxlib/mpsl/fem/common/lib/nrf52/soft-float/libmpsl_fem_common.a(libmpsl_fem_common_debug_soft__obfuscated.elf)
                0x0000000000027160                mpsl_fem_tx_power_split
 .text          0x0000000000027178       0x54 C:/ncs/v3.1.1/nrfxlib/mpsl/lib/nrf52/soft-float/libmpsl.a(libmpsl_debug_soft__obfuscated.elf)
                0x0000000000027178                sym_VWOYI7XCNXBFVPWSS6WFJ2CWKPJYCMRRQTU7QWQ
 .text          0x00000000000271cc       0x20 C:/ncs/v3.1.1/nrfxlib/mpsl/lib/nrf52/soft-float/libmpsl.a(libmpsl_debug_soft__obfuscated.elf)
                0x00000000000271cc                mpsl_tx_power_radio_supported_power_adjust
 .text          0x00000000000271ec       0x80 C:/ncs/v3.1.1/nrfxlib/mpsl/lib/nrf52/soft-float/libmpsl.a(libmpsl_debug_soft__obfuscated.elf)
                0x00000000000271ec                sym_JBMIQXYLJQQB56KLSIZ2WVKBMEMRZHLRBGLEPTA
 .text          0x000000000002726c       0x24 C:/ncs/v3.1.1/nrfxlib/mpsl/lib/nrf52/soft-float/libmpsl.a(libmpsl_debug_soft__obfuscated.elf)
 .text          0x0000000000027290       0x58 C:/ncs/v3.1.1/nrfxlib/mpsl/lib/nrf52/soft-float/libmpsl.a(libmpsl_debug_soft__obfuscated.elf)
                0x0000000000027290                sym_S2UAPMFVIQXDUOA6CV7GJMB33TYHEUH5D6LHO5Q
 .text          0x00000000000272e8       0x18 C:/ncs/v3.1.1/nrfxlib/mpsl/lib/nrf52/soft-float/libmpsl.a(libmpsl_debug_soft__obfuscated.elf)
                0x00000000000272e8                sym_CG4RHEKAJT5SDDAMNZDGCGOIJ7U3JN5EOJ5RYKA
 .text          0x0000000000027300       0x14 C:/ncs/v3.1.1/nrfxlib/mpsl/lib/nrf52/soft-float/libmpsl.a(libmpsl_debug_soft__obfuscated.elf)
                0x0000000000027300                sym_BN6ZO2NBHRGKZ2NRQYWFBXVGKNG6Y5K55UNAWGA
 .text          0x0000000000027314       0x14 C:/ncs/v3.1.1/nrfxlib/mpsl/lib/nrf52/soft-float/libmpsl.a(libmpsl_debug_soft__obfuscated.elf)
                0x0000000000027314                sym_5EMXP3L6SPQSCAJKKRH62ZOKJCCSKLI3WEX2WHY
 .text          0x0000000000027328       0x14 C:/ncs/v3.1.1/nrfxlib/mpsl/lib/nrf52/soft-float/libmpsl.a(libmpsl_debug_soft__obfuscated.elf)
                0x0000000000027328                sym_H2QJCU2ORTYAFBAQQ2FHUYIAZO4HCXEKCQ4SS2Q
 .text          0x000000000002733c       0x14 C:/ncs/v3.1.1/nrfxlib/mpsl/lib/nrf52/soft-float/libmpsl.a(libmpsl_debug_soft__obfuscated.elf)
                0x000000000002733c                sym_SWIBDSDMHUYNCG5ZWLB52J7NETJIUBPCO5IIQFA
 .text          0x0000000000027350       0x18 C:/ncs/v3.1.1/nrfxlib/mpsl/lib/nrf52/soft-float/libmpsl.a(libmpsl_debug_soft__obfuscated.elf)
                0x0000000000027350                sym_QPP3IZFSWHUV4JQ6ODMIVIARPB4PQYUFESV7BRQ
 .text          0x0000000000027368       0x14 C:/ncs/v3.1.1/nrfxlib/mpsl/lib/nrf52/soft-float/libmpsl.a(libmpsl_debug_soft__obfuscated.elf)
                0x0000000000027368                sym_6PVOPWDLWTXOTRZZ7LP36TLYTLPTQHNAUQNFHEA
 .text          0x000000000002737c       0x14 C:/ncs/v3.1.1/nrfxlib/mpsl/lib/nrf52/soft-float/libmpsl.a(libmpsl_debug_soft__obfuscated.elf)
                0x000000000002737c                sym_USR4MDT6VMTQLOGKNN4MALBZ3GJPD2KOEY4HFAQ
 .text          0x0000000000027390       0x30 c:/ncs/toolchains/c1a76fddb2/opt/zephyr-sdk/arm-zephyr-eabi/bin/../lib/gcc/arm-zephyr-eabi/12.2.0/thumb/v7e-m/nofp\libgcc.a(_aeabi_uldivmod.o)
                0x0000000000027390                __aeabi_uldivmod
 .text          0x00000000000273c0        0x4 c:/ncs/toolchains/c1a76fddb2/opt/zephyr-sdk/arm-zephyr-eabi/bin/../lib/gcc/arm-zephyr-eabi/12.2.0/thumb/v7e-m/nofp\libgcc.a(_dvmd_tls.o)
                0x00000000000273c0                __aeabi_idiv0
                0x00000000000273c0                __aeabi_ldiv0
 .text          0x00000000000273c4        0xe C:/ncs/v3.1.1/nrfxlib/mpsl/fem/common/lib/nrf52/soft-float/libmpsl_fem_common.a(libmpsl_fem_common_debug_soft__obfuscated.elf)
                0x00000000000273c4                mpsl_fem_init
 .text          0x00000000000273d2       0x20 C:/ncs/v3.1.1/nrfxlib/mpsl/fem/common/lib/nrf52/soft-float/libmpsl_fem_common.a(libmpsl_fem_common_debug_soft__obfuscated.elf)
                0x00000000000273d2                sym_PX4SKXGNX25XLMGGWQM65ZRFHI6666YGHL6AYMA
 .text          0x00000000000273f2        0x6 C:/ncs/v3.1.1/nrfxlib/mpsl/fem/common/lib/nrf52/soft-float/libmpsl_fem_common.a(libmpsl_fem_common_debug_soft__obfuscated.elf)
 .text          0x00000000000273f8        0x2 C:/ncs/v3.1.1/nrfxlib/mpsl/fem/common/lib/nrf52/soft-float/libmpsl_fem_common.a(libmpsl_fem_common_debug_soft__obfuscated.elf)
 .text          0x00000000000273fa        0x4 C:/ncs/v3.1.1/nrfxlib/mpsl/fem/common/lib/nrf52/soft-float/libmpsl_fem_common.a(libmpsl_fem_common_debug_soft__obfuscated.elf)
 .text          0x00000000000273fe        0x6 C:/ncs/v3.1.1/nrfxlib/mpsl/fem/common/lib/nrf52/soft-float/libmpsl_fem_common.a(libmpsl_fem_common_debug_soft__obfuscated.elf)
 .text          0x0000000000027404        0x6 C:/ncs/v3.1.1/nrfxlib/mpsl/fem/common/lib/nrf52/soft-float/libmpsl_fem_common.a(libmpsl_fem_common_debug_soft__obfuscated.elf)
 .text          0x000000000002740a        0x2 C:/ncs/v3.1.1/nrfxlib/mpsl/fem/common/lib/nrf52/soft-float/libmpsl_fem_common.a(libmpsl_fem_common_debug_soft__obfuscated.elf)
 .text          0x000000000002740c        0x6 C:/ncs/v3.1.1/nrfxlib/mpsl/fem/common/lib/nrf52/soft-float/libmpsl_fem_common.a(libmpsl_fem_common_debug_soft__obfuscated.elf)
 .text          0x0000000000027412        0x4 C:/ncs/v3.1.1/nrfxlib/mpsl/fem/common/lib/nrf52/soft-float/libmpsl_fem_common.a(libmpsl_fem_common_debug_soft__obfuscated.elf)
 .text          0x0000000000027416        0x4 C:/ncs/v3.1.1/nrfxlib/mpsl/fem/common/lib/nrf52/soft-float/libmpsl_fem_common.a(libmpsl_fem_common_debug_soft__obfuscated.elf)
 .text          0x000000000002741a        0x6 C:/ncs/v3.1.1/nrfxlib/mpsl/fem/common/lib/nrf52/soft-float/libmpsl_fem_common.a(libmpsl_fem_common_debug_soft__obfuscated.elf)
 .text          0x0000000000027420        0xa C:/ncs/v3.1.1/nrfxlib/mpsl/fem/common/lib/nrf52/soft-float/libmpsl_fem_common.a(libmpsl_fem_common_debug_soft__obfuscated.elf)
 .text          0x000000000002742a        0x4 C:/ncs/v3.1.1/nrfxlib/mpsl/fem/common/lib/nrf52/soft-float/libmpsl_fem_common.a(libmpsl_fem_common_debug_soft__obfuscated.elf)
 .text          0x000000000002742e        0x6 C:/ncs/v3.1.1/nrfxlib/mpsl/fem/common/lib/nrf52/soft-float/libmpsl_fem_common.a(libmpsl_fem_common_debug_soft__obfuscated.elf)
 .text          0x0000000000027434        0x6 C:/ncs/v3.1.1/nrfxlib/mpsl/fem/common/lib/nrf52/soft-float/libmpsl_fem_common.a(libmpsl_fem_common_debug_soft__obfuscated.elf)
 .text          0x000000000002743a        0x6 C:/ncs/v3.1.1/nrfxlib/mpsl/fem/common/lib/nrf52/soft-float/libmpsl_fem_common.a(libmpsl_fem_common_debug_soft__obfuscated.elf)
 .text          0x0000000000027440        0x2 C:/ncs/v3.1.1/nrfxlib/mpsl/fem/common/lib/nrf52/soft-float/libmpsl_fem_common.a(libmpsl_fem_common_debug_soft__obfuscated.elf)
 .text          0x0000000000027442        0xc C:/ncs/v3.1.1/nrfxlib/mpsl/lib/nrf52/soft-float/libmpsl.a(libmpsl_debug_soft__obfuscated.elf)
 .text          0x000000000002744e        0x4 C:/ncs/v3.1.1/nrfxlib/mpsl/lib/nrf52/soft-float/libmpsl.a(libmpsl_debug_soft__obfuscated.elf)
 .text          0x0000000000027452        0x8 C:/ncs/v3.1.1/nrfxlib/mpsl/lib/nrf52/soft-float/libmpsl.a(libmpsl_debug_soft__obfuscated.elf)
 .text          0x000000000002745a        0x4 C:/ncs/v3.1.1/nrfxlib/mpsl/lib/nrf52/soft-float/libmpsl.a(libmpsl_debug_soft__obfuscated.elf)
 .text          0x000000000002745e        0x4 C:/ncs/v3.1.1/nrfxlib/mpsl/lib/nrf52/soft-float/libmpsl.a(libmpsl_debug_soft__obfuscated.elf)
 .text          0x0000000000027462       0x10 c:\ncs\toolchains\c1a76fddb2\opt\zephyr-sdk\arm-zephyr-eabi\bin\../lib/gcc/../../picolibc/arm-zephyr-eabi/lib/thumb/v7e-m/nofp\libc.a(strlen.S.o)
                0x0000000000027462                strlen
 .text          0x0000000000027472      0x2a0 c:/ncs/toolchains/c1a76fddb2/opt/zephyr-sdk/arm-zephyr-eabi/bin/../lib/gcc/arm-zephyr-eabi/12.2.0/thumb/v7e-m/nofp\libgcc.a(_udivmoddi4.o)
                0x0000000000027472                __udivmoddi4
 *(SORT_BY_ALIGNMENT(.text.*))
 *fill*         0x0000000000027712        0x2 
 .text.init_device_info
                0x0000000000027714       0x28 app/libapp.a(device_info.c.obj)
                0x0000000000027714                init_device_info
 .text.get_device_id
                0x000000000002773c        0xc app/libapp.a(device_info.c.obj)
                0x000000000002773c                get_device_id
 .text.event_handler
                0x0000000000027748       0x64 app/libapp.a(main.c.obj)
                0x0000000000027748                event_handler
 .text.log_and_validate_bitrate
                0x00000000000277ac       0x28 app/libapp.a(main.c.obj)
                0x00000000000277ac                log_and_validate_bitrate
 .text.clocks_start
                0x00000000000277d4       0x68 app/libapp.a(main.c.obj)
                0x00000000000277d4                clocks_start
 .text.esb_initialize
                0x000000000002783c       0x98 app/libapp.a(main.c.obj)
                0x000000000002783c                esb_initialize
 .text.main     0x00000000000278d4      0x398 app/libapp.a(main.c.obj)
                0x00000000000278d4                main
 .text.get_current_tx_power_dbm
                0x0000000000027c6c       0x8c app/libapp.a(radio_utils.c.obj)
                0x0000000000027c6c                get_current_tx_power_dbm
 .text.tx_power_supported
                0x0000000000027cf8       0x38 app/libapp.a(radio_utils.c.obj)
                0x0000000000027cf8                tx_power_supported
 .text.sys_heap_free
                0x0000000000027d30       0x64 zephyr/libzephyr.a(heap.c.obj)
                0x0000000000027d30                sys_heap_free
 .text.sys_heap_init
                0x0000000000027d94       0xe4 zephyr/libzephyr.a(heap.c.obj)
                0x0000000000027d94                sys_heap_init
 .text.char_out
                0x0000000000027e78        0xc zephyr/libzephyr.a(printk.c.obj)
 .text.__printk_hook_install
                0x0000000000027e84        0xc zephyr/libzephyr.a(printk.c.obj)
                0x0000000000027e84                __printk_hook_install
 .text.vprintk  0x0000000000027e90       0x30 zephyr/libzephyr.a(printk.c.obj)
                0x0000000000027e90                vprintk
 .text.z_thread_entry
                0x0000000000027ec0       0x34 zephyr/libzephyr.a(thread_entry.c.obj)
                0x0000000000027ec0                z_thread_entry
 .text.sys_reboot
                0x0000000000027ef4       0x2c zephyr/libzephyr.a(reboot.c.obj)
                0x0000000000027ef4                sys_reboot
 .text.process_event
                0x0000000000027f20      0x338 zephyr/libzephyr.a(onoff.c.obj)
 .text.transition_complete
                0x0000000000028258       0x50 zephyr/libzephyr.a(onoff.c.obj)
 .text.onoff_request
                0x00000000000282a8      0x108 zephyr/libzephyr.a(onoff.c.obj)
                0x00000000000282a8                onoff_request
 .text.onoff_release
                0x00000000000283b0       0xac zephyr/libzephyr.a(onoff.c.obj)
                0x00000000000283b0                onoff_release
 .text.onoff_cancel
                0x000000000002845c       0xac zephyr/libzephyr.a(onoff.c.obj)
                0x000000000002845c                onoff_cancel
 .text.sys_notify_finalize
                0x0000000000028508       0x38 zephyr/libzephyr.a(notify.c.obj)
                0x0000000000028508                sys_notify_finalize
 .text.ring_buf_put
                0x0000000000028540       0x5c zephyr/libzephyr.a(ring_buffer.c.obj)
                0x0000000000028540                ring_buf_put
 .text.ring_buf_get
                0x000000000002859c       0x60 zephyr/libzephyr.a(ring_buffer.c.obj)
                0x000000000002859c                ring_buf_get
 .text.mem_attr_get_regions
                0x00000000000285fc        0xc zephyr/libzephyr.a(mem_attr.c.obj)
                0x00000000000285fc                mem_attr_get_regions
 .text.disable_endpoint
                0x0000000000028608       0x2c zephyr/libzephyr.a(usb_device.c.obj)
 .text.custom_handler
                0x0000000000028634       0x84 zephyr/libzephyr.a(usb_device.c.obj)
 .text.class_handler
                0x00000000000286b8       0x68 zephyr/libzephyr.a(usb_device.c.obj)
 .text.usb_reset_alt_setting
                0x0000000000028720       0x10 zephyr/libzephyr.a(usb_device.c.obj)
 .text.vendor_handler
                0x0000000000028730       0x5c zephyr/libzephyr.a(usb_device.c.obj)
 .text.is_ep_valid
                0x000000000002878c       0x5c zephyr/libzephyr.a(usb_device.c.obj)
 .text.usb_halt_endpoint_req
                0x00000000000287e8       0x58 zephyr/libzephyr.a(usb_device.c.obj)
 .text.usb_handle_request.constprop.0
                0x0000000000028840       0x2c zephyr/libzephyr.a(usb_device.c.obj)
 .text.forward_status_cb
                0x000000000002886c       0xe0 zephyr/libzephyr.a(usb_device.c.obj)
 .text.set_endpoint
                0x000000000002894c       0x84 zephyr/libzephyr.a(usb_device.c.obj)
 .text.usb_handle_standard_request
                0x00000000000289d0      0x2f4 zephyr/libzephyr.a(usb_device.c.obj)
 .text.usb_data_to_host
                0x0000000000028cc4       0x60 zephyr/libzephyr.a(usb_device.c.obj)
 .text.usb_handle_control_transfer
                0x0000000000028d24       0xf8 zephyr/libzephyr.a(usb_device.c.obj)
 .text.usb_set_config
                0x0000000000028e1c       0x2c zephyr/libzephyr.a(usb_device.c.obj)
                0x0000000000028e1c                usb_set_config
 .text.usb_enable
                0x0000000000028e48      0x15c zephyr/libzephyr.a(usb_device.c.obj)
                0x0000000000028e48                usb_enable
 .text.usb_update_sn_string_descriptor
                0x0000000000028fa4       0x88 zephyr/libzephyr.a(usb_descriptor.c.obj)
                0x0000000000028fa4                usb_update_sn_string_descriptor
 .text.usb_get_device_descriptor
                0x000000000002902c      0x230 zephyr/libzephyr.a(usb_descriptor.c.obj)
                0x000000000002902c                usb_get_device_descriptor
 .text.usb_ep_get_transfer
                0x000000000002925c       0x2c zephyr/libzephyr.a(usb_transfer.c.obj)
 .text.usb_transfer_work
                0x0000000000029288      0x100 zephyr/libzephyr.a(usb_transfer.c.obj)
 .text.usb_transfer_ep_callback
                0x0000000000029388       0x5c zephyr/libzephyr.a(usb_transfer.c.obj)
                0x0000000000029388                usb_transfer_ep_callback
 .text.usb_transfer
                0x00000000000293e4       0xe0 zephyr/libzephyr.a(usb_transfer.c.obj)
                0x00000000000293e4                usb_transfer
 .text.usb_cancel_transfer
                0x00000000000294c4       0x3c zephyr/libzephyr.a(usb_transfer.c.obj)
                0x00000000000294c4                usb_cancel_transfer
 .text.usb_cancel_transfers
                0x0000000000029500       0x44 zephyr/libzephyr.a(usb_transfer.c.obj)
                0x0000000000029500                usb_cancel_transfers
 .text.usb_transfer_init
                0x0000000000029544       0x34 zephyr/libzephyr.a(usb_transfer.c.obj)
                0x0000000000029544                usb_transfer_init
 .text.cdc_acm_irq_rx_enable
                0x0000000000029578       0x20 zephyr/libzephyr.a(cdc_acm.c.obj)
 .text.cdc_acm_irq_tx_enable
                0x0000000000029598       0x20 zephyr/libzephyr.a(cdc_acm.c.obj)
 .text.cdc_acm_fifo_fill
                0x00000000000295b8       0x3c zephyr/libzephyr.a(cdc_acm.c.obj)
 .text.cdc_acm_write_cb
                0x00000000000295f4       0x54 zephyr/libzephyr.a(cdc_acm.c.obj)
 .text.cdc_acm_class_handle_req
                0x0000000000029648       0x64 zephyr/libzephyr.a(cdc_acm.c.obj)
                0x0000000000029648                cdc_acm_class_handle_req
 .text.cdc_acm_int_in
                0x00000000000296ac       0x18 zephyr/libzephyr.a(cdc_acm.c.obj)
 .text.cdc_acm_reset_port
                0x00000000000296c4       0x3c zephyr/libzephyr.a(cdc_acm.c.obj)
 .text.cdc_acm_init
                0x0000000000029700       0x48 zephyr/libzephyr.a(cdc_acm.c.obj)
 .text.cdc_acm_poll_out
                0x0000000000029748       0x70 zephyr/libzephyr.a(cdc_acm.c.obj)
 .text.tx_work_handler
                0x00000000000297b8       0x78 zephyr/libzephyr.a(cdc_acm.c.obj)
 .text.cdc_acm_read_cb
                0x0000000000029830       0x74 zephyr/libzephyr.a(cdc_acm.c.obj)
 .text.cdc_acm_dev_status_cb
                0x00000000000298a4       0x84 zephyr/libzephyr.a(cdc_acm.c.obj)
 .text.z_usb_work_q_init
                0x0000000000029928       0x34 zephyr/libzephyr.a(usb_work_q.c.obj)
 .text.boot_banner
                0x000000000002995c       0x1c zephyr/libzephyr.a(banner.c.obj)
                0x000000000002995c                boot_banner
 .text.nrf_cc3xx_platform_abort_init
                0x0000000000029978        0xc zephyr/libzephyr.a(nrf_cc3xx_platform_abort_zephyr.c.obj)
                0x0000000000029978                nrf_cc3xx_platform_abort_init
 .text.mutex_free_platform
                0x0000000000029984       0x54 zephyr/libzephyr.a(nrf_cc3xx_platform_mutex_zephyr.c.obj)
 .text.mutex_lock_platform
                0x00000000000299d8       0x60 zephyr/libzephyr.a(nrf_cc3xx_platform_mutex_zephyr.c.obj)
 .text.mutex_unlock_platform
                0x0000000000029a38       0x58 zephyr/libzephyr.a(nrf_cc3xx_platform_mutex_zephyr.c.obj)
 .text.mutex_init_platform
                0x0000000000029a90       0x94 zephyr/libzephyr.a(nrf_cc3xx_platform_mutex_zephyr.c.obj)
 .text.nrf_cc3xx_platform_mutex_init
                0x0000000000029b24       0x2c zephyr/libzephyr.a(nrf_cc3xx_platform_mutex_zephyr.c.obj)
                0x0000000000029b24                nrf_cc3xx_platform_mutex_init
 .text.z_arm_fatal_error
                0x0000000000029b50       0x70 zephyr/arch/arch/arm/core/libarch__arm__core.a(fatal.c.obj)
                0x0000000000029b50                z_arm_fatal_error
 .text.z_SysNmiOnReset
                0x0000000000029bc0        0x8 zephyr/arch/arch/arm/core/libarch__arm__core.a(nmi_on_reset.S.obj)
                0x0000000000029bc0                z_SysNmiOnReset
 .text.arch_tls_stack_setup
                0x0000000000029bc8       0x40 zephyr/arch/arch/arm/core/libarch__arm__core.a(tls.c.obj)
                0x0000000000029bc8                arch_tls_stack_setup
 .text._HandlerModeExit
                0x0000000000029c08       0x20 zephyr/arch/arch/arm/core/cortex_m/libarch__arm__core__cortex_m.a(exc_exit.c.obj)
                0x0000000000029c08                z_arm_int_exit
                0x0000000000029c08                z_arm_exc_exit
 .text.mem_manage_fault
                0x0000000000029c28      0x124 zephyr/arch/arch/arm/core/cortex_m/libarch__arm__core__cortex_m.a(fault.c.obj)
 .text.usage_fault.constprop.0
                0x0000000000029d4c       0xa4 zephyr/arch/arch/arm/core/cortex_m/libarch__arm__core__cortex_m.a(fault.c.obj)
 .text.bus_fault.constprop.0
                0x0000000000029df0       0xc8 zephyr/arch/arch/arm/core/cortex_m/libarch__arm__core__cortex_m.a(fault.c.obj)
 .text.z_arm_fault
                0x0000000000029eb8      0x1ec zephyr/arch/arch/arm/core/cortex_m/libarch__arm__core__cortex_m.a(fault.c.obj)
                0x0000000000029eb8                z_arm_fault
 .text.z_arm_fault_init
                0x000000000002a0a4       0x18 zephyr/arch/arch/arm/core/cortex_m/libarch__arm__core__cortex_m.a(fault.c.obj)
                0x000000000002a0a4                z_arm_fault_init
 .text.__fault  0x000000000002a0bc       0x14 zephyr/arch/arch/arm/core/cortex_m/libarch__arm__core__cortex_m.a(fault_s.S.obj)
                0x000000000002a0bc                z_arm_usage_fault
                0x000000000002a0bc                z_arm_mpu_fault
                0x000000000002a0bc                z_arm_exc_spurious
                0x000000000002a0bc                z_arm_debug_monitor
                0x000000000002a0bc                z_arm_hard_fault
                0x000000000002a0bc                z_arm_bus_fault
 .text._reset_section
                0x000000000002a0d0       0x54 zephyr/arch/arch/arm/core/cortex_m/libarch__arm__core__cortex_m.a(reset.S.obj)
                0x000000000002a0d0                __start
                0x000000000002a0d0                z_arm_reset
 .text.z_arm_clear_arm_mpu_config
                0x000000000002a124       0x24 zephyr/arch/arch/arm/core/cortex_m/libarch__arm__core__cortex_m.a(scb.c.obj)
                0x000000000002a124                z_arm_clear_arm_mpu_config
 .text.z_arm_init_arch_hw_at_boot
                0x000000000002a148       0x64 zephyr/arch/arch/arm/core/cortex_m/libarch__arm__core__cortex_m.a(scb.c.obj)
                0x000000000002a148                z_arm_init_arch_hw_at_boot
 .text.z_impl_k_thread_abort
                0x000000000002a1ac       0x2c zephyr/arch/arch/arm/core/cortex_m/libarch__arm__core__cortex_m.a(thread_abort.c.obj)
                0x000000000002a1ac                z_impl_k_thread_abort
 .text.z_arm_pendsv
                0x000000000002a1d8       0x60 zephyr/arch/arch/arm/core/cortex_m/libarch__arm__core__cortex_m.a(swap_helper.S.obj)
                0x000000000002a1d8                z_arm_pendsv
 .text.z_arm_svc
                0x000000000002a238       0x24 zephyr/arch/arch/arm/core/cortex_m/libarch__arm__core__cortex_m.a(swap_helper.S.obj)
                0x000000000002a238                z_arm_svc
 .text.arm_irq_enable
                0x000000000002a25c       0x1c zephyr/arch/arch/arm/core/cortex_m/libarch__arm__core__cortex_m.a(irq_manage.c.obj)
                0x000000000002a25c                arm_irq_enable
 .text.arm_irq_disable
                0x000000000002a278       0x28 zephyr/arch/arch/arm/core/cortex_m/libarch__arm__core__cortex_m.a(irq_manage.c.obj)
                0x000000000002a278                arm_irq_disable
 .text.arm_irq_is_enabled
                0x000000000002a2a0       0x1c zephyr/arch/arch/arm/core/cortex_m/libarch__arm__core__cortex_m.a(irq_manage.c.obj)
                0x000000000002a2a0                arm_irq_is_enabled
 .text.arm_irq_priority_set
                0x000000000002a2bc       0x54 zephyr/arch/arch/arm/core/cortex_m/libarch__arm__core__cortex_m.a(irq_manage.c.obj)
                0x000000000002a2bc                arm_irq_priority_set
 .text.relocate_vector_table
                0x000000000002a310       0x1c zephyr/arch/arch/arm/core/cortex_m/libarch__arm__core__cortex_m.a(prep_c.c.obj)
                0x000000000002a310                relocate_vector_table
 .text.z_prep_c
                0x000000000002a32c       0x28 zephyr/arch/arch/arm/core/cortex_m/libarch__arm__core__cortex_m.a(prep_c.c.obj)
                0x000000000002a32c                z_prep_c
 .text.arch_new_thread
                0x000000000002a354       0x38 zephyr/arch/arch/arm/core/cortex_m/libarch__arm__core__cortex_m.a(thread.c.obj)
                0x000000000002a354                arch_new_thread
 .text.z_check_thread_stack_fail
                0x000000000002a38c       0x2c zephyr/arch/arch/arm/core/cortex_m/libarch__arm__core__cortex_m.a(thread.c.obj)
                0x000000000002a38c                z_check_thread_stack_fail
 .text.arch_switch_to_main_thread
                0x000000000002a3b8       0x3c zephyr/arch/arch/arm/core/cortex_m/libarch__arm__core__cortex_m.a(thread.c.obj)
                0x000000000002a3b8                arch_switch_to_main_thread
 .text.z_arm_cpu_idle_init
                0x000000000002a3f4        0xc zephyr/arch/arch/arm/core/cortex_m/libarch__arm__core__cortex_m.a(cpu_idle.c.obj)
                0x000000000002a3f4                z_arm_cpu_idle_init
 .text.z_arm_interrupt_init
                0x000000000002a400       0x18 zephyr/arch/arch/arm/core/cortex_m/libarch__arm__core__cortex_m.a(irq_init.c.obj)
                0x000000000002a400                z_arm_interrupt_init
 .text._isr_wrapper
                0x000000000002a418       0x24 zephyr/arch/arch/arm/core/cortex_m/libarch__arm__core__cortex_m.a(isr_wrapper.c.obj)
                0x000000000002a418                _isr_wrapper
 .text.z_arm_configure_static_mpu_regions
                0x000000000002a43c       0x18 zephyr/arch/arch/arm/core/mpu/libarch__arm__core__mpu.a(arm_core_mpu.c.obj)
                0x000000000002a43c                z_arm_configure_static_mpu_regions
 .text.z_arm_configure_dynamic_mpu_regions
                0x000000000002a454       0x20 zephyr/arch/arch/arm/core/mpu/libarch__arm__core__mpu.a(arm_core_mpu.c.obj)
                0x000000000002a454                z_arm_configure_dynamic_mpu_regions
 .text.region_allocate_and_init
                0x000000000002a474       0x4c zephyr/arch/arch/arm/core/mpu/libarch__arm__core__mpu.a(arm_mpu.c.obj)
 .text.mpu_configure_regions
                0x000000000002a4c0       0x64 zephyr/arch/arch/arm/core/mpu/libarch__arm__core__mpu.a(arm_mpu.c.obj)
 .text.arm_core_mpu_enable
                0x000000000002a524       0x18 zephyr/arch/arch/arm/core/mpu/libarch__arm__core__mpu.a(arm_mpu.c.obj)
                0x000000000002a524                arm_core_mpu_enable
 .text.arm_core_mpu_disable
                0x000000000002a53c       0x14 zephyr/arch/arch/arm/core/mpu/libarch__arm__core__mpu.a(arm_mpu.c.obj)
                0x000000000002a53c                arm_core_mpu_disable
 .text.arm_core_mpu_configure_static_mpu_regions
                0x000000000002a550       0x38 zephyr/arch/arch/arm/core/mpu/libarch__arm__core__mpu.a(arm_mpu.c.obj)
                0x000000000002a550                arm_core_mpu_configure_static_mpu_regions
 .text.arm_core_mpu_configure_dynamic_mpu_regions
                0x000000000002a588       0x58 zephyr/arch/arch/arm/core/mpu/libarch__arm__core__mpu.a(arm_mpu.c.obj)
                0x000000000002a588                arm_core_mpu_configure_dynamic_mpu_regions
 .text.z_arm_mpu_init
                0x000000000002a5e0      0x1e8 zephyr/arch/arch/arm/core/mpu/libarch__arm__core__mpu.a(arm_mpu.c.obj)
                0x000000000002a5e0                z_arm_mpu_init
 .text.z_impl_zephyr_fputc
                0x000000000002a7c8       0x10 zephyr/lib/libc/picolibc/liblib__libc__picolibc.a(stdio.c.obj)
                0x000000000002a7c8                z_impl_zephyr_fputc
 .text.__stdout_hook_install
                0x000000000002a7d8       0x18 zephyr/lib/libc/picolibc/liblib__libc__picolibc.a(stdio.c.obj)
                0x000000000002a7d8                __stdout_hook_install
 .text.malloc_prepare
                0x000000000002a7f0       0x24 zephyr/lib/libc/common/liblib__libc__common.a(malloc.c.obj)
 .text.nordicsemi_nrf52_init
                0x000000000002a814       0x44 zephyr/soc/soc/nrf52840/libsoc__nordic.a(soc.c.obj)
 .text.arch_busy_wait
                0x000000000002a858       0x14 zephyr/soc/soc/nrf52840/libsoc__nordic.a(soc.c.obj)
                0x000000000002a858                arch_busy_wait
 .text.sys_arch_reboot
                0x000000000002a86c       0x24 zephyr/soc/soc/nrf52840/libsoc__nordic.a(reboot.c.obj)
                0x000000000002a86c                sys_arch_reboot
 .text.endpoint_ctx
                0x000000000002a890       0x60 zephyr/drivers/usb/device/libdrivers__usb__device.a(usb_dc_nrfx.c.obj)
 .text.usbd_work_schedule
                0x000000000002a8f0       0x10 zephyr/drivers/usb/device/libdrivers__usb__device.a(usb_dc_nrfx.c.obj)
 .text.usbd_evt_put
                0x000000000002a900        0xc zephyr/drivers/usb/device/libdrivers__usb__device.a(usb_dc_nrfx.c.obj)
 .text.hfxo_stop.constprop.0
                0x000000000002a90c       0x48 zephyr/drivers/usb/device/libdrivers__usb__device.a(usb_dc_nrfx.c.obj)
 .text.usbd_evt_get
                0x000000000002a954       0x10 zephyr/drivers/usb/device/libdrivers__usb__device.a(usb_dc_nrfx.c.obj)
 .text.usb_init
                0x000000000002a964       0x70 zephyr/drivers/usb/device/libdrivers__usb__device.a(usb_dc_nrfx.c.obj)
 .text.eps_ctx_init
                0x000000000002a9d4       0x9c zephyr/drivers/usb/device/libdrivers__usb__device.a(usb_dc_nrfx.c.obj)
 .text.usbd_evt_flush
                0x000000000002aa70       0x1c zephyr/drivers/usb/device/libdrivers__usb__device.a(usb_dc_nrfx.c.obj)
 .text.usbd_evt_alloc
                0x000000000002aa8c       0x7c zephyr/drivers/usb/device/libdrivers__usb__device.a(usb_dc_nrfx.c.obj)
 .text.usb_dc_power_event_handler
                0x000000000002ab08       0x48 zephyr/drivers/usb/device/libdrivers__usb__device.a(usb_dc_nrfx.c.obj)
 .text.usbd_event_transfer_data
                0x000000000002ab50       0xc0 zephyr/drivers/usb/device/libdrivers__usb__device.a(usb_dc_nrfx.c.obj)
 .text.usbd_event_handler
                0x000000000002ac10      0x164 zephyr/drivers/usb/device/libdrivers__usb__device.a(usb_dc_nrfx.c.obj)
 .text.usbd_work_handler
                0x000000000002ad74      0x3f8 zephyr/drivers/usb/device/libdrivers__usb__device.a(usb_dc_nrfx.c.obj)
 .text.usb_dc_attach
                0x000000000002b16c       0x64 zephyr/drivers/usb/device/libdrivers__usb__device.a(usb_dc_nrfx.c.obj)
                0x000000000002b16c                usb_dc_attach
 .text.usb_dc_set_address
                0x000000000002b1d0       0x4c zephyr/drivers/usb/device/libdrivers__usb__device.a(usb_dc_nrfx.c.obj)
                0x000000000002b1d0                usb_dc_set_address
 .text.usb_dc_ep_check_cap
                0x000000000002b21c       0x54 zephyr/drivers/usb/device/libdrivers__usb__device.a(usb_dc_nrfx.c.obj)
                0x000000000002b21c                usb_dc_ep_check_cap
 .text.usb_dc_ep_configure
                0x000000000002b270       0x54 zephyr/drivers/usb/device/libdrivers__usb__device.a(usb_dc_nrfx.c.obj)
                0x000000000002b270                usb_dc_ep_configure
 .text.usb_dc_ep_set_stall
                0x000000000002b2c4       0x60 zephyr/drivers/usb/device/libdrivers__usb__device.a(usb_dc_nrfx.c.obj)
                0x000000000002b2c4                usb_dc_ep_set_stall
 .text.usb_dc_ep_clear_stall
                0x000000000002b324       0x40 zephyr/drivers/usb/device/libdrivers__usb__device.a(usb_dc_nrfx.c.obj)
                0x000000000002b324                usb_dc_ep_clear_stall
 .text.usb_dc_ep_is_stalled
                0x000000000002b364       0x38 zephyr/drivers/usb/device/libdrivers__usb__device.a(usb_dc_nrfx.c.obj)
                0x000000000002b364                usb_dc_ep_is_stalled
 .text.usb_dc_ep_enable
                0x000000000002b39c       0x54 zephyr/drivers/usb/device/libdrivers__usb__device.a(usb_dc_nrfx.c.obj)
                0x000000000002b39c                usb_dc_ep_enable
 .text.usb_dc_ep_write
                0x000000000002b3f0      0x10c zephyr/drivers/usb/device/libdrivers__usb__device.a(usb_dc_nrfx.c.obj)
                0x000000000002b3f0                usb_dc_ep_write
 .text.usb_dc_ep_read_wait
                0x000000000002b4fc       0xac zephyr/drivers/usb/device/libdrivers__usb__device.a(usb_dc_nrfx.c.obj)
                0x000000000002b4fc                usb_dc_ep_read_wait
 .text.usb_dc_ep_read_continue
                0x000000000002b5a8       0x94 zephyr/drivers/usb/device/libdrivers__usb__device.a(usb_dc_nrfx.c.obj)
                0x000000000002b5a8                usb_dc_ep_read_continue
 .text.usb_dc_ep_set_callback
                0x000000000002b63c       0x28 zephyr/drivers/usb/device/libdrivers__usb__device.a(usb_dc_nrfx.c.obj)
                0x000000000002b63c                usb_dc_ep_set_callback
 .text.usb_dc_set_status_callback
                0x000000000002b664        0xc zephyr/drivers/usb/device/libdrivers__usb__device.a(usb_dc_nrfx.c.obj)
                0x000000000002b664                usb_dc_set_status_callback
 .text.usb_dc_ep_mps
                0x000000000002b670       0x24 zephyr/drivers/usb/device/libdrivers__usb__device.a(usb_dc_nrfx.c.obj)
                0x000000000002b670                usb_dc_ep_mps
 .text.nrf52_errata_187
                0x000000000002b694       0x28 zephyr/drivers/usb/common/nrf_usbd_common/libdrivers__usb__common__nrf_usbd_common.a(nrf_usbd_common.c.obj)
 .text.usbd_errata_187_211_begin
                0x000000000002b6bc       0x3c zephyr/drivers/usb/common/nrf_usbd_common/libdrivers__usb__common__nrf_usbd_common.a(nrf_usbd_common.c.obj)
 .text.usbd_errata_187_211_end
                0x000000000002b6f8       0x3c zephyr/drivers/usb/common/nrf_usbd_common/libdrivers__usb__common__nrf_usbd_common.a(nrf_usbd_common.c.obj)
 .text.ep_state_access
                0x000000000002b734       0x44 zephyr/drivers/usb/common/nrf_usbd_common/libdrivers__usb__common__nrf_usbd_common.a(nrf_usbd_common.c.obj)
 .text.ep2bit   0x000000000002b778       0x34 zephyr/drivers/usb/common/nrf_usbd_common/libdrivers__usb__common__nrf_usbd_common.a(nrf_usbd_common.c.obj)
 .text.usbd_dma_pending_clear
                0x000000000002b7ac       0x1c zephyr/drivers/usb/common/nrf_usbd_common/libdrivers__usb__common__nrf_usbd_common.a(nrf_usbd_common.c.obj)
 .text.nrf_usbd_common_uninit
                0x000000000002b7c8       0x3c zephyr/drivers/usb/common/nrf_usbd_common/libdrivers__usb__common__nrf_usbd_common.a(nrf_usbd_common.c.obj)
                0x000000000002b7c8                nrf_usbd_common_uninit
 .text.nrf_usbd_common_enable
                0x000000000002b804      0x188 zephyr/drivers/usb/common/nrf_usbd_common/libdrivers__usb__common__nrf_usbd_common.a(nrf_usbd_common.c.obj)
                0x000000000002b804                nrf_usbd_common_enable
 .text.nrf_usbd_common_start
                0x000000000002b98c       0x60 zephyr/drivers/usb/common/nrf_usbd_common/libdrivers__usb__common__nrf_usbd_common.a(nrf_usbd_common.c.obj)
                0x000000000002b98c                nrf_usbd_common_start
 .text.nrf_usbd_common_is_enabled
                0x000000000002b9ec       0x14 zephyr/drivers/usb/common/nrf_usbd_common/libdrivers__usb__common__nrf_usbd_common.a(nrf_usbd_common.c.obj)
                0x000000000002b9ec                nrf_usbd_common_is_enabled
 .text.nrf_usbd_common_suspend
                0x000000000002ba00       0x6c zephyr/drivers/usb/common/nrf_usbd_common/libdrivers__usb__common__nrf_usbd_common.a(nrf_usbd_common.c.obj)
                0x000000000002ba00                nrf_usbd_common_suspend
 .text.nrf_usbd_common_ep_max_packet_size_set
                0x000000000002ba6c       0x8c zephyr/drivers/usb/common/nrf_usbd_common/libdrivers__usb__common__nrf_usbd_common.a(nrf_usbd_common.c.obj)
                0x000000000002ba6c                nrf_usbd_common_ep_max_packet_size_set
 .text.nrf_usbd_common_init
                0x000000000002baf8       0xa4 zephyr/drivers/usb/common/nrf_usbd_common/libdrivers__usb__common__nrf_usbd_common.a(nrf_usbd_common.c.obj)
                0x000000000002baf8                nrf_usbd_common_init
 .text.nrf_usbd_common_ep_enable_check
                0x000000000002bb9c       0x4c zephyr/drivers/usb/common/nrf_usbd_common/libdrivers__usb__common__nrf_usbd_common.a(nrf_usbd_common.c.obj)
                0x000000000002bb9c                nrf_usbd_common_ep_enable_check
 .text.nrf_usbd_common_ep_transfer
                0x000000000002bbe8       0xdc zephyr/drivers/usb/common/nrf_usbd_common/libdrivers__usb__common__nrf_usbd_common.a(nrf_usbd_common.c.obj)
                0x000000000002bbe8                nrf_usbd_common_ep_transfer
 .text.nrf_usbd_common_epout_size_get
                0x000000000002bcc4       0x28 zephyr/drivers/usb/common/nrf_usbd_common/libdrivers__usb__common__nrf_usbd_common.a(nrf_usbd_common.c.obj)
                0x000000000002bcc4                nrf_usbd_common_epout_size_get
 .text.nrf_usbd_common_irq_handler
                0x000000000002bcec      0x59c zephyr/drivers/usb/common/nrf_usbd_common/libdrivers__usb__common__nrf_usbd_common.a(nrf_usbd_common.c.obj)
                0x000000000002bcec                nrf_usbd_common_irq_handler
 .text.nrf_usbd_common_ep_stall
                0x000000000002c288       0x34 zephyr/drivers/usb/common/nrf_usbd_common/libdrivers__usb__common__nrf_usbd_common.a(nrf_usbd_common.c.obj)
                0x000000000002c288                nrf_usbd_common_ep_stall
 .text.nrf_usbd_common_ep_stall_check
                0x000000000002c2bc       0x34 zephyr/drivers/usb/common/nrf_usbd_common/libdrivers__usb__common__nrf_usbd_common.a(nrf_usbd_common.c.obj)
                0x000000000002c2bc                nrf_usbd_common_ep_stall_check
 .text.nrf_usbd_common_ep_dtoggle_clear
                0x000000000002c2f0       0x38 zephyr/drivers/usb/common/nrf_usbd_common/libdrivers__usb__common__nrf_usbd_common.a(nrf_usbd_common.c.obj)
                0x000000000002c2f0                nrf_usbd_common_ep_dtoggle_clear
 .text.nrf_usbd_common_setup_get
                0x000000000002c328       0x44 zephyr/drivers/usb/common/nrf_usbd_common/libdrivers__usb__common__nrf_usbd_common.a(nrf_usbd_common.c.obj)
                0x000000000002c328                nrf_usbd_common_setup_get
 .text.nrf_usbd_common_setup_data_clear
                0x000000000002c36c        0xc zephyr/drivers/usb/common/nrf_usbd_common/libdrivers__usb__common__nrf_usbd_common.a(nrf_usbd_common.c.obj)
                0x000000000002c36c                nrf_usbd_common_setup_data_clear
 .text.nrf_usbd_common_setup_clear
                0x000000000002c378        0xc zephyr/drivers/usb/common/nrf_usbd_common/libdrivers__usb__common__nrf_usbd_common.a(nrf_usbd_common.c.obj)
                0x000000000002c378                nrf_usbd_common_setup_clear
 .text.nrf_usbd_common_setup_stall
                0x000000000002c384        0xc zephyr/drivers/usb/common/nrf_usbd_common/libdrivers__usb__common__nrf_usbd_common.a(nrf_usbd_common.c.obj)
                0x000000000002c384                nrf_usbd_common_setup_stall
 .text.nrf_usbd_common_last_setup_dir_get
                0x000000000002c390        0xc zephyr/drivers/usb/common/nrf_usbd_common/libdrivers__usb__common__nrf_usbd_common.a(nrf_usbd_common.c.obj)
                0x000000000002c390                nrf_usbd_common_last_setup_dir_get
 .text.nrf_usbd_common_transfer_out_drop
                0x000000000002c39c       0x70 zephyr/drivers/usb/common/nrf_usbd_common/libdrivers__usb__common__nrf_usbd_common.a(nrf_usbd_common.c.obj)
                0x000000000002c39c                nrf_usbd_common_transfer_out_drop
 .text.usbd_ep_abort
                0x000000000002c40c      0x134 zephyr/drivers/usb/common/nrf_usbd_common/libdrivers__usb__common__nrf_usbd_common.a(nrf_usbd_common.c.obj)
 .text.nrf_usbd_common_ep_abort
                0x000000000002c540       0x34 zephyr/drivers/usb/common/nrf_usbd_common/libdrivers__usb__common__nrf_usbd_common.a(nrf_usbd_common.c.obj)
                0x000000000002c540                nrf_usbd_common_ep_abort
 .text.nrf_usbd_common_disable
                0x000000000002c574      0x114 zephyr/drivers/usb/common/nrf_usbd_common/libdrivers__usb__common__nrf_usbd_common.a(nrf_usbd_common.c.obj)
                0x000000000002c574                nrf_usbd_common_disable
 .text.nrf_usbd_common_ep_disable
                0x000000000002c688       0x60 zephyr/drivers/usb/common/nrf_usbd_common/libdrivers__usb__common__nrf_usbd_common.a(nrf_usbd_common.c.obj)
                0x000000000002c688                nrf_usbd_common_ep_disable
 .text.nrf_usbd_common_ep_enable
                0x000000000002c6e8       0x70 zephyr/drivers/usb/common/nrf_usbd_common/libdrivers__usb__common__nrf_usbd_common.a(nrf_usbd_common.c.obj)
                0x000000000002c6e8                nrf_usbd_common_ep_enable
 .text.nrf_usbd_common_ep_stall_clear
                0x000000000002c758       0x44 zephyr/drivers/usb/common/nrf_usbd_common/libdrivers__usb__common__nrf_usbd_common.a(nrf_usbd_common.c.obj)
                0x000000000002c758                nrf_usbd_common_ep_stall_clear
 .text.onoff_start
                0x000000000002c79c       0x3c zephyr/drivers/clock_control/libdrivers__clock_control.a(clock_control_nrf.c.obj)
 .text.get_status
                0x000000000002c7d8       0x34 zephyr/drivers/clock_control/libdrivers__clock_control.a(clock_control_nrf.c.obj)
 .text.stop     0x000000000002c80c       0x74 zephyr/drivers/clock_control/libdrivers__clock_control.a(clock_control_nrf.c.obj)
 .text.onoff_stop
                0x000000000002c880       0x28 zephyr/drivers/clock_control/libdrivers__clock_control.a(clock_control_nrf.c.obj)
 .text.clk_init
                0x000000000002c8a8       0x58 zephyr/drivers/clock_control/libdrivers__clock_control.a(clock_control_nrf.c.obj)
 .text.api_blocking_start
                0x000000000002c900       0x34 zephyr/drivers/clock_control/libdrivers__clock_control.a(clock_control_nrf.c.obj)
 .text.generic_hfclk_stop
                0x000000000002c934       0x34 zephyr/drivers/clock_control/libdrivers__clock_control.a(clock_control_nrf.c.obj)
 .text.clkstarted_handle.constprop.0
                0x000000000002c968       0x4c zephyr/drivers/clock_control/libdrivers__clock_control.a(clock_control_nrf.c.obj)
 .text.clock_event_handler
                0x000000000002c9b4       0x54 zephyr/drivers/clock_control/libdrivers__clock_control.a(clock_control_nrf.c.obj)
 .text.generic_hfclk_start
                0x000000000002ca08       0x78 zephyr/drivers/clock_control/libdrivers__clock_control.a(clock_control_nrf.c.obj)
 .text.z_nrf_clock_control_get_onoff
                0x000000000002ca80       0x10 zephyr/drivers/clock_control/libdrivers__clock_control.a(clock_control_nrf.c.obj)
                0x000000000002ca80                z_nrf_clock_control_get_onoff
 .text.z_nrf_clock_control_lf_on
                0x000000000002ca90      0x130 zephyr/drivers/clock_control/libdrivers__clock_control.a(clock_control_nrf.c.obj)
                0x000000000002ca90                z_nrf_clock_control_lf_on
 .text.uart_console_init
                0x000000000002cbc0       0x28 zephyr/drivers/console/libdrivers__console.a(uart_console.c.obj)
 .text.console_out
                0x000000000002cbe8       0x28 zephyr/drivers/console/libdrivers__console.a(uart_console.c.obj)
 .text.gpio_nrfx_manage_callback
                0x000000000002cc10       0x80 zephyr/drivers/gpio/libdrivers__gpio.a(gpio_nrfx.c.obj)
 .text.nrf_gpio_pin_port_decode
                0x000000000002cc90       0x54 zephyr/drivers/gpio/libdrivers__gpio.a(gpio_nrfx.c.obj)
 .text.gpio_nrfx_pin_interrupt_configure
                0x000000000002cce4      0x124 zephyr/drivers/gpio/libdrivers__gpio.a(gpio_nrfx.c.obj)
 .text.gpio_nrfx_pin_configure
                0x000000000002ce08      0x198 zephyr/drivers/gpio/libdrivers__gpio.a(gpio_nrfx.c.obj)
 .text.nrfx_gpio_handler
                0x000000000002cfa0       0x68 zephyr/drivers/gpio/libdrivers__gpio.a(gpio_nrfx.c.obj)
 .text.gpio_nrfx_init
                0x000000000002d008       0x48 zephyr/drivers/gpio/libdrivers__gpio.a(gpio_nrfx.c.obj)
 .text.nrf_gpio_pin_port_decode
                0x000000000002d050       0x54 zephyr/drivers/pinctrl/libdrivers__pinctrl.a(pinctrl_nrf.c.obj)
 .text.pinctrl_configure_pins
                0x000000000002d0a4      0x1a0 zephyr/drivers/pinctrl/libdrivers__pinctrl.a(pinctrl_nrf.c.obj)
                0x000000000002d0a4                pinctrl_configure_pins
 .text.regulator_delay
                0x000000000002d244       0x2c zephyr/drivers/regulator/libdrivers__regulator.a(regulator_common.c.obj)
 .text.gpio_pin_set
                0x000000000002d270       0x4c zephyr/drivers/regulator/libdrivers__regulator.a(regulator_fixed.c.obj)
 .text.regulator_fixed_init
                0x000000000002d2bc       0xbc zephyr/drivers/regulator/libdrivers__regulator.a(regulator_fixed.c.obj)
 .text.uarte_nrfx_poll_out
                0x000000000002d378       0xb4 zephyr/drivers/serial/libdrivers__serial.a(uart_nrfx_uarte.c.obj)
 .text.uarte_0_init
                0x000000000002d42c      0x114 zephyr/drivers/serial/libdrivers__serial.a(uart_nrfx_uarte.c.obj)
 .text.sys_clock_timeout_handler
                0x000000000002d540       0x48 zephyr/drivers/timer/libdrivers__timer.a(nrf_rtc_timer.c.obj)
 .text.z_nrf_rtc_timer_read
                0x000000000002d588       0x44 zephyr/drivers/timer/libdrivers__timer.a(nrf_rtc_timer.c.obj)
                0x000000000002d588                z_nrf_rtc_timer_read
 .text.rtc_nrf_isr
                0x000000000002d5cc       0xc4 zephyr/drivers/timer/libdrivers__timer.a(nrf_rtc_timer.c.obj)
                0x000000000002d5cc                rtc_nrf_isr
 .text.compare_set.constprop.0.isra.0
                0x000000000002d690      0x154 zephyr/drivers/timer/libdrivers__timer.a(nrf_rtc_timer.c.obj)
 .text.sys_clock_driver_init
                0x000000000002d7e4       0x80 zephyr/drivers/timer/libdrivers__timer.a(nrf_rtc_timer.c.obj)
 .text.sys_clock_set_timeout
                0x000000000002d864       0x4c zephyr/drivers/timer/libdrivers__timer.a(nrf_rtc_timer.c.obj)
                0x000000000002d864                sys_clock_set_timeout
 .text.sys_clock_elapsed
                0x000000000002d8b0       0x14 zephyr/drivers/timer/libdrivers__timer.a(nrf_rtc_timer.c.obj)
                0x000000000002d8b0                sys_clock_elapsed
 .text.sys_clock_disable
                0x000000000002d8c4       0x30 zephyr/drivers/timer/libdrivers__timer.a(nrf_rtc_timer.c.obj)
                0x000000000002d8c4                sys_clock_disable
 .text.gpio_pin_set
                0x000000000002d8f4       0x4c modules/nrf/lib/dk_buttons_and_leds/lib..__nrf__lib__dk_buttons_and_leds.a(dk_buttons_and_leds.c.obj)
 .text.dk_set_leds_state.part.0
                0x000000000002d940       0x54 modules/nrf/lib/dk_buttons_and_leds/lib..__nrf__lib__dk_buttons_and_leds.a(dk_buttons_and_leds.c.obj)
 .text.dk_leds_init
                0x000000000002d994       0xc8 modules/nrf/lib/dk_buttons_and_leds/lib..__nrf__lib__dk_buttons_and_leds.a(dk_buttons_and_leds.c.obj)
                0x000000000002d994                dk_leds_init
 .text.k_sys_fatal_error_handler
                0x000000000002da5c       0x14 modules/nrf/lib/fatal_error/lib..__nrf__lib__fatal_error.a(fatal_error.c.obj)
                0x000000000002da5c                k_sys_fatal_error_handler
 .text.update_radio_bitrate
                0x000000000002da70       0x3c modules/nrf/subsys/esb/lib..__nrf__subsys__esb.a(esb.c.obj)
 .text.reset_fifos
                0x000000000002daac       0x1c modules/nrf/subsys/esb/lib..__nrf__subsys__esb.a(esb.c.obj)
 .text.esb_timer_handler
                0x000000000002dac8       0x1c modules/nrf/subsys/esb/lib..__nrf__subsys__esb.a(esb.c.obj)
 .text.esb_fem_reset
                0x000000000002dae4       0x28 modules/nrf/subsys/esb/lib..__nrf__subsys__esb.a(esb.c.obj)
 .text.esb_fem_for_tx_set
                0x000000000002db0c       0x50 modules/nrf/subsys/esb/lib..__nrf__subsys__esb.a(esb.c.obj)
 .text.tx_fifo_remove_last.part.0
                0x000000000002db5c       0x30 modules/nrf/subsys/esb/lib..__nrf__subsys__esb.a(esb.c.obj)
 .text.rx_fifo_push_rfbuf.part.0
                0x000000000002db8c       0xa4 modules/nrf/subsys/esb/lib..__nrf__subsys__esb.a(esb.c.obj)
 .text.update_radio_tx_power
                0x000000000002dc30       0x78 modules/nrf/subsys/esb/lib..__nrf__subsys__esb.a(esb.c.obj)
 .text.nrf_radio_packet_configure.constprop.0
                0x000000000002dca8       0x58 modules/nrf/subsys/esb/lib..__nrf__subsys__esb.a(esb.c.obj)
 .text.update_rf_payload_format_esb
                0x000000000002dd00       0x40 modules/nrf/subsys/esb/lib..__nrf__subsys__esb.a(esb.c.obj)
 .text.update_rf_payload_format_esb_dpl
                0x000000000002dd40       0x58 modules/nrf/subsys/esb/lib..__nrf__subsys__esb.a(esb.c.obj)
 .text.start_tx_transaction
                0x000000000002dd98      0x1d8 modules/nrf/subsys/esb/lib..__nrf__subsys__esb.a(esb.c.obj)
 .text.esb_radio_direct_irq_handler
                0x000000000002df70       0x64 modules/nrf/subsys/esb/lib..__nrf__subsys__esb.a(esb.c.obj)
                0x000000000002df70                esb_radio_direct_irq_handler
 .text.esb_evt_direct_irq_handler
                0x000000000002dfd4       0x7c modules/nrf/subsys/esb/lib..__nrf__subsys__esb.a(esb.c.obj)
                0x000000000002dfd4                esb_evt_direct_irq_handler
 .text.update_radio_addresses
                0x000000000002e050       0xec modules/nrf/subsys/esb/lib..__nrf__subsys__esb.a(esb.c.obj)
 .text.on_radio_disabled_tx_noack
                0x000000000002e13c       0x70 modules/nrf/subsys/esb/lib..__nrf__subsys__esb.a(esb.c.obj)
 .text.esb_fem_for_rx_ack
                0x000000000002e1ac       0x30 modules/nrf/subsys/esb/lib..__nrf__subsys__esb.a(esb.c.obj)
                0x000000000002e1ac                esb_fem_for_rx_ack
 .text.on_radio_disabled_tx
                0x000000000002e1dc       0xbc modules/nrf/subsys/esb/lib..__nrf__subsys__esb.a(esb.c.obj)
 .text.esb_fem_for_tx_retry
                0x000000000002e298       0x38 modules/nrf/subsys/esb/lib..__nrf__subsys__esb.a(esb.c.obj)
                0x000000000002e298                esb_fem_for_tx_retry
 .text.esb_fem_for_tx_retry_clear
                0x000000000002e2d0       0x2c modules/nrf/subsys/esb/lib..__nrf__subsys__esb.a(esb.c.obj)
                0x000000000002e2d0                esb_fem_for_tx_retry_clear
 .text.on_radio_disabled_tx_wait_for_ack
                0x000000000002e2fc      0x18c modules/nrf/subsys/esb/lib..__nrf__subsys__esb.a(esb.c.obj)
 .text.esb_disable
                0x000000000002e488       0xa4 modules/nrf/subsys/esb/lib..__nrf__subsys__esb.a(esb.c.obj)
                0x000000000002e488                esb_disable
 .text.esb_init
                0x000000000002e52c      0x228 modules/nrf/subsys/esb/lib..__nrf__subsys__esb.a(esb.c.obj)
                0x000000000002e52c                esb_init
 .text.esb_write_payload
                0x000000000002e754      0x174 modules/nrf/subsys/esb/lib..__nrf__subsys__esb.a(esb.c.obj)
                0x000000000002e754                esb_write_payload
 .text.esb_read_rx_payload
                0x000000000002e8c8       0xa0 modules/nrf/subsys/esb/lib..__nrf__subsys__esb.a(esb.c.obj)
                0x000000000002e8c8                esb_read_rx_payload
 .text.esb_flush_tx
                0x000000000002e968       0x5c modules/nrf/subsys/esb/lib..__nrf__subsys__esb.a(esb.c.obj)
                0x000000000002e968                esb_flush_tx
 .text.esb_set_base_address_0
                0x000000000002e9c4       0x34 modules/nrf/subsys/esb/lib..__nrf__subsys__esb.a(esb.c.obj)
                0x000000000002e9c4                esb_set_base_address_0
 .text.esb_set_base_address_1
                0x000000000002e9f8       0x34 modules/nrf/subsys/esb/lib..__nrf__subsys__esb.a(esb.c.obj)
                0x000000000002e9f8                esb_set_base_address_1
 .text.esb_set_prefixes
                0x000000000002ea2c       0x50 modules/nrf/subsys/esb/lib..__nrf__subsys__esb.a(esb.c.obj)
                0x000000000002ea2c                esb_set_prefixes
 .text.esb_set_rf_channel
                0x000000000002ea7c       0x2c modules/nrf/subsys/esb/lib..__nrf__subsys__esb.a(esb.c.obj)
                0x000000000002ea7c                esb_set_rf_channel
 .text.esb_set_tx_power
                0x000000000002eaa8       0x20 modules/nrf/subsys/esb/lib..__nrf__subsys__esb.a(esb.c.obj)
                0x000000000002eaa8                esb_set_tx_power
 .text.esb_ppi_for_fem_set
                0x000000000002eac8       0x38 modules/nrf/subsys/esb/lib..__nrf__subsys__esb.a(esb_ppi.c.obj)
                0x000000000002eac8                esb_ppi_for_fem_set
 .text.esb_ppi_for_fem_clear
                0x000000000002eb00       0x2c modules/nrf/subsys/esb/lib..__nrf__subsys__esb.a(esb_ppi.c.obj)
                0x000000000002eb00                esb_ppi_for_fem_clear
 .text.esb_ppi_for_txrx_set
                0x000000000002eb2c       0xd8 modules/nrf/subsys/esb/lib..__nrf__subsys__esb.a(esb_ppi.c.obj)
                0x000000000002eb2c                esb_ppi_for_txrx_set
 .text.esb_ppi_for_txrx_clear
                0x000000000002ec04       0xbc modules/nrf/subsys/esb/lib..__nrf__subsys__esb.a(esb_ppi.c.obj)
                0x000000000002ec04                esb_ppi_for_txrx_clear
 .text.esb_ppi_for_retransmission_set
                0x000000000002ecc0       0x74 modules/nrf/subsys/esb/lib..__nrf__subsys__esb.a(esb_ppi.c.obj)
                0x000000000002ecc0                esb_ppi_for_retransmission_set
 .text.esb_ppi_for_retransmission_clear
                0x000000000002ed34       0x4c modules/nrf/subsys/esb/lib..__nrf__subsys__esb.a(esb_ppi.c.obj)
                0x000000000002ed34                esb_ppi_for_retransmission_clear
 .text.esb_ppi_for_wait_for_ack_set
                0x000000000002ed80       0x64 modules/nrf/subsys/esb/lib..__nrf__subsys__esb.a(esb_ppi.c.obj)
                0x000000000002ed80                esb_ppi_for_wait_for_ack_set
 .text.esb_ppi_for_wait_for_ack_clear
                0x000000000002ede4       0x4c modules/nrf/subsys/esb/lib..__nrf__subsys__esb.a(esb_ppi.c.obj)
                0x000000000002ede4                esb_ppi_for_wait_for_ack_clear
 .text.esb_ppi_init
                0x000000000002ee30       0x9c modules/nrf/subsys/esb/lib..__nrf__subsys__esb.a(esb_ppi.c.obj)
                0x000000000002ee30                esb_ppi_init
 .text.esb_ppi_radio_disabled_get
                0x000000000002eecc        0x8 modules/nrf/subsys/esb/lib..__nrf__subsys__esb.a(esb_ppi.c.obj)
                0x000000000002eecc                esb_ppi_radio_disabled_get
 .text.esb_ppi_disable_all
                0x000000000002eed4       0x54 modules/nrf/subsys/esb/lib..__nrf__subsys__esb.a(esb_ppi.c.obj)
                0x000000000002eed4                esb_ppi_disable_all
 .text.esb_ppi_deinit
                0x000000000002ef28       0xa4 modules/nrf/subsys/esb/lib..__nrf__subsys__esb.a(esb_ppi.c.obj)
                0x000000000002ef28                esb_ppi_deinit
 .text.nrf52_errata_98
                0x000000000002efcc       0x24 modules/hal_nordic/modules/hal_nordic/nrfx/libmodules__hal_nordic__nrfx.a(system_nrf52840.c.obj)
 .text.nvmc_wait
                0x000000000002eff0       0x10 modules/hal_nordic/modules/hal_nordic/nrfx/libmodules__hal_nordic__nrfx.a(system_nrf52840.c.obj)
                0x000000000002eff0                nvmc_wait
 .text.SystemInit
                0x000000000002f000      0x1bc modules/hal_nordic/modules/hal_nordic/nrfx/libmodules__hal_nordic__nrfx.a(system_nrf52840.c.obj)
                0x000000000002f000                SystemInit
 .text.nrfx_flag32_alloc
                0x000000000002f1bc       0x48 modules/hal_nordic/modules/hal_nordic/nrfx/libmodules__hal_nordic__nrfx.a(nrfx_flag32_allocator.c.obj)
                0x000000000002f1bc                nrfx_flag32_alloc
 .text.nrfx_flag32_free
                0x000000000002f204       0x40 modules/hal_nordic/modules/hal_nordic/nrfx/libmodules__hal_nordic__nrfx.a(nrfx_flag32_allocator.c.obj)
                0x000000000002f204                nrfx_flag32_free
 .text.nrfx_gppi_channels_enable
                0x000000000002f244        0xc modules/hal_nordic/modules/hal_nordic/nrfx/libmodules__hal_nordic__nrfx.a(nrfx_gppi_ppi.c.obj)
                0x000000000002f244                nrfx_gppi_channels_enable
 .text.clock_stop
                0x000000000002f250       0xf4 modules/hal_nordic/modules/hal_nordic/nrfx/libmodules__hal_nordic__nrfx.a(nrfx_clock.c.obj)
 .text.nrfx_clock_init
                0x000000000002f344       0x20 modules/hal_nordic/modules/hal_nordic/nrfx/libmodules__hal_nordic__nrfx.a(nrfx_clock.c.obj)
                0x000000000002f344                nrfx_clock_init
 .text.nrfx_clock_enable
                0x000000000002f364       0x50 modules/hal_nordic/modules/hal_nordic/nrfx/libmodules__hal_nordic__nrfx.a(nrfx_clock.c.obj)
                0x000000000002f364                nrfx_clock_enable
 .text.nrfx_clock_start
                0x000000000002f3b4       0xd8 modules/hal_nordic/modules/hal_nordic/nrfx/libmodules__hal_nordic__nrfx.a(nrfx_clock.c.obj)
                0x000000000002f3b4                nrfx_clock_start
 .text.nrfx_clock_stop
                0x000000000002f48c       0x34 modules/hal_nordic/modules/hal_nordic/nrfx/libmodules__hal_nordic__nrfx.a(nrfx_clock.c.obj)
                0x000000000002f48c                nrfx_clock_stop
 .text.nrfx_clock_irq_handler
                0x000000000002f4c0       0x98 modules/hal_nordic/modules/hal_nordic/nrfx/libmodules__hal_nordic__nrfx.a(nrfx_clock.c.obj)
                0x000000000002f4c0                nrfx_clock_irq_handler
 .text.get_pin_idx
                0x000000000002f558       0x14 modules/hal_nordic/modules/hal_nordic/nrfx/libmodules__hal_nordic__nrfx.a(nrfx_gpiote.c.obj)
 .text.nrf_gpio_pin_port_decode
                0x000000000002f56c       0x5c modules/hal_nordic/modules/hal_nordic/nrfx/libmodules__hal_nordic__nrfx.a(nrfx_gpiote.c.obj)
 .text.nrf_gpiote_in_event_get
                0x000000000002f5c8       0x2c modules/hal_nordic/modules/hal_nordic/nrfx/libmodules__hal_nordic__nrfx.a(nrfx_gpiote.c.obj)
 .text.call_handler.constprop.0
                0x000000000002f5f4       0x40 modules/hal_nordic/modules/hal_nordic/nrfx/libmodules__hal_nordic__nrfx.a(nrfx_gpiote.c.obj)
 .text.pin_te_get.constprop.0
                0x000000000002f634       0x18 modules/hal_nordic/modules/hal_nordic/nrfx/libmodules__hal_nordic__nrfx.a(nrfx_gpiote.c.obj)
 .text.pin_is_output.constprop.0
                0x000000000002f64c       0x18 modules/hal_nordic/modules/hal_nordic/nrfx/libmodules__hal_nordic__nrfx.a(nrfx_gpiote.c.obj)
 .text.pin_has_trigger.constprop.0
                0x000000000002f664       0x1c modules/hal_nordic/modules/hal_nordic/nrfx/libmodules__hal_nordic__nrfx.a(nrfx_gpiote.c.obj)
 .text.pin_in_use_by_te.constprop.0
                0x000000000002f680       0x18 modules/hal_nordic/modules/hal_nordic/nrfx/libmodules__hal_nordic__nrfx.a(nrfx_gpiote.c.obj)
 .text.latch_pending_read_and_check
                0x000000000002f698       0x40 modules/hal_nordic/modules/hal_nordic/nrfx/libmodules__hal_nordic__nrfx.a(nrfx_gpiote.c.obj)
 .text.release_handler.isra.0
                0x000000000002f6d8       0x7c modules/hal_nordic/modules/hal_nordic/nrfx/libmodules__hal_nordic__nrfx.a(nrfx_gpiote.c.obj)
 .text.__nrfy_internal_gpiote_events_process.constprop.0
                0x000000000002f754       0x64 modules/hal_nordic/modules/hal_nordic/nrfx/libmodules__hal_nordic__nrfx.a(nrfx_gpiote.c.obj)
 .text.pin_uninit
                0x000000000002f7b8       0x80 modules/hal_nordic/modules/hal_nordic/nrfx/libmodules__hal_nordic__nrfx.a(nrfx_gpiote.c.obj)
 .text.nrfx_gpiote_input_configure
                0x000000000002f838      0x178 modules/hal_nordic/modules/hal_nordic/nrfx/libmodules__hal_nordic__nrfx.a(nrfx_gpiote.c.obj)
                0x000000000002f838                nrfx_gpiote_input_configure
 .text.nrfx_gpiote_output_configure
                0x000000000002f9b0       0xf8 modules/hal_nordic/modules/hal_nordic/nrfx/libmodules__hal_nordic__nrfx.a(nrfx_gpiote.c.obj)
                0x000000000002f9b0                nrfx_gpiote_output_configure
 .text.nrfx_gpiote_global_callback_set
                0x000000000002faa8        0xc modules/hal_nordic/modules/hal_nordic/nrfx/libmodules__hal_nordic__nrfx.a(nrfx_gpiote.c.obj)
                0x000000000002faa8                nrfx_gpiote_global_callback_set
 .text.nrfx_gpiote_channel_get
                0x000000000002fab4       0x54 modules/hal_nordic/modules/hal_nordic/nrfx/libmodules__hal_nordic__nrfx.a(nrfx_gpiote.c.obj)
                0x000000000002fab4                nrfx_gpiote_channel_get
 .text.nrfx_gpiote_init
                0x000000000002fb08       0x68 modules/hal_nordic/modules/hal_nordic/nrfx/libmodules__hal_nordic__nrfx.a(nrfx_gpiote.c.obj)
                0x000000000002fb08                nrfx_gpiote_init
 .text.nrfx_gpiote_init_check
                0x000000000002fb70       0x14 modules/hal_nordic/modules/hal_nordic/nrfx/libmodules__hal_nordic__nrfx.a(nrfx_gpiote.c.obj)
                0x000000000002fb70                nrfx_gpiote_init_check
 .text.nrfx_gpiote_channel_free
                0x000000000002fb84       0x10 modules/hal_nordic/modules/hal_nordic/nrfx/libmodules__hal_nordic__nrfx.a(nrfx_gpiote.c.obj)
                0x000000000002fb84                nrfx_gpiote_channel_free
 .text.nrfx_gpiote_channel_alloc
                0x000000000002fb94       0x10 modules/hal_nordic/modules/hal_nordic/nrfx/libmodules__hal_nordic__nrfx.a(nrfx_gpiote.c.obj)
                0x000000000002fb94                nrfx_gpiote_channel_alloc
 .text.nrfx_gpiote_trigger_enable
                0x000000000002fba4       0xe8 modules/hal_nordic/modules/hal_nordic/nrfx/libmodules__hal_nordic__nrfx.a(nrfx_gpiote.c.obj)
                0x000000000002fba4                nrfx_gpiote_trigger_enable
 .text.nrfx_gpiote_0_irq_handler
                0x000000000002fc8c      0x1b0 modules/hal_nordic/modules/hal_nordic/nrfx/libmodules__hal_nordic__nrfx.a(nrfx_gpiote.c.obj)
                0x000000000002fc8c                nrfx_gpiote_0_irq_handler
 .text.nrfx_power_init
                0x000000000002fe3c       0x90 modules/hal_nordic/modules/hal_nordic/nrfx/libmodules__hal_nordic__nrfx.a(nrfx_power.c.obj)
                0x000000000002fe3c                nrfx_power_init
 .text.nrfx_power_usbevt_uninit
                0x000000000002fecc       0x18 modules/hal_nordic/modules/hal_nordic/nrfx/libmodules__hal_nordic__nrfx.a(nrfx_power.c.obj)
                0x000000000002fecc                nrfx_power_usbevt_uninit
 .text.nrfx_power_usbevt_init
                0x000000000002fee4       0x34 modules/hal_nordic/modules/hal_nordic/nrfx/libmodules__hal_nordic__nrfx.a(nrfx_power.c.obj)
                0x000000000002fee4                nrfx_power_usbevt_init
 .text.nrfx_power_irq_handler
                0x000000000002ff18      0x124 modules/hal_nordic/modules/hal_nordic/nrfx/libmodules__hal_nordic__nrfx.a(nrfx_power.c.obj)
                0x000000000002ff18                nrfx_power_irq_handler
 .text.nrfx_ppi_channel_alloc
                0x000000000003003c        0xc modules/hal_nordic/modules/hal_nordic/nrfx/libmodules__hal_nordic__nrfx.a(nrfx_ppi.c.obj)
                0x000000000003003c                nrfx_ppi_channel_alloc
 .text.nrfx_ppi_channel_free
                0x0000000000030048       0x28 modules/hal_nordic/modules/hal_nordic/nrfx/libmodules__hal_nordic__nrfx.a(nrfx_ppi.c.obj)
                0x0000000000030048                nrfx_ppi_channel_free
 .text.nrfx_ppi_group_alloc
                0x0000000000030070        0xc modules/hal_nordic/modules/hal_nordic/nrfx/libmodules__hal_nordic__nrfx.a(nrfx_ppi.c.obj)
                0x0000000000030070                nrfx_ppi_group_alloc
 .text.nrfx_ppi_group_free
                0x000000000003007c       0x1c modules/hal_nordic/modules/hal_nordic/nrfx/libmodules__hal_nordic__nrfx.a(nrfx_ppi.c.obj)
                0x000000000003007c                nrfx_ppi_group_free
 .text.timer_configure
                0x0000000000030098       0x84 modules/hal_nordic/modules/hal_nordic/nrfx/libmodules__hal_nordic__nrfx.a(nrfx_timer.c.obj)
 .text.nrfx_timer_init
                0x000000000003011c       0x98 modules/hal_nordic/modules/hal_nordic/nrfx/libmodules__hal_nordic__nrfx.a(nrfx_timer.c.obj)
                0x000000000003011c                nrfx_timer_init
 .text.nrfx_timer_disable
                0x00000000000301b4       0x40 modules/hal_nordic/modules/hal_nordic/nrfx/libmodules__hal_nordic__nrfx.a(nrfx_timer.c.obj)
                0x00000000000301b4                nrfx_timer_disable
 .text.nrfx_timer_uninit
                0x00000000000301f4       0x60 modules/hal_nordic/modules/hal_nordic/nrfx/libmodules__hal_nordic__nrfx.a(nrfx_timer.c.obj)
                0x00000000000301f4                nrfx_timer_uninit
 .text.nrfx_timer_compare
                0x0000000000030254       0x60 modules/hal_nordic/modules/hal_nordic/nrfx/libmodules__hal_nordic__nrfx.a(nrfx_timer.c.obj)
                0x0000000000030254                nrfx_timer_compare
 .text.nrfx_timer_2_irq_handler
                0x00000000000302b4       0x6c modules/hal_nordic/modules/hal_nordic/nrfx/libmodules__hal_nordic__nrfx.a(nrfx_timer.c.obj)
                0x00000000000302b4                nrfx_timer_2_irq_handler
 .text.z_device_state_init
                0x0000000000030320       0x34 zephyr/kernel/libkernel.a(device.c.obj)
                0x0000000000030320                z_device_state_init
 .text.z_fatal_error
                0x0000000000030354       0xb8 zephyr/kernel/libkernel.a(fatal.c.obj)
                0x0000000000030354                z_fatal_error
 .text.z_sys_init_run_level
                0x000000000003040c       0x30 zephyr/kernel/libkernel.a(init.c.obj)
 .text.bg_thread_main
                0x000000000003043c       0xf0 zephyr/kernel/libkernel.a(init.c.obj)
 .text.z_bss_zero
                0x000000000003052c       0x18 zephyr/kernel/libkernel.a(init.c.obj)
                0x000000000003052c                z_bss_zero
 .text.z_init_cpu
                0x0000000000030544       0x70 zephyr/kernel/libkernel.a(init.c.obj)
                0x0000000000030544                z_init_cpu
 .text.z_cstart
                0x00000000000305b4       0xd4 zephyr/kernel/libkernel.a(init.c.obj)
                0x00000000000305b4                z_cstart
 .text.init_mem_slab_obj_core_list
                0x0000000000030688       0x40 zephyr/kernel/libkernel.a(mem_slab.c.obj)
 .text.k_mem_slab_alloc
                0x00000000000306c8       0xe4 zephyr/kernel/libkernel.a(mem_slab.c.obj)
                0x00000000000306c8                k_mem_slab_alloc
 .text.k_mem_slab_free
                0x00000000000307ac      0x124 zephyr/kernel/libkernel.a(mem_slab.c.obj)
                0x00000000000307ac                k_mem_slab_free
 .text.idle     0x00000000000308d0       0x40 zephyr/kernel/libkernel.a(idle.c.obj)
                0x00000000000308d0                idle
 .text.z_impl_k_mutex_lock
                0x0000000000030910      0x16c zephyr/kernel/libkernel.a(mutex.c.obj)
                0x0000000000030910                z_impl_k_mutex_lock
 .text.z_impl_k_mutex_unlock
                0x0000000000030a7c      0x148 zephyr/kernel/libkernel.a(mutex.c.obj)
                0x0000000000030a7c                z_impl_k_mutex_unlock
 .text.unpend_thread_no_timeout
                0x0000000000030bc4       0x3c zephyr/kernel/libkernel.a(queue.c.obj)
 .text.queue_insert
                0x0000000000030c00      0x148 zephyr/kernel/libkernel.a(queue.c.obj)
 .text.z_impl_k_queue_get
                0x0000000000030d48       0xb0 zephyr/kernel/libkernel.a(queue.c.obj)
                0x0000000000030d48                z_impl_k_queue_get
 .text.unpend_thread_no_timeout
                0x0000000000030df8       0x3c zephyr/kernel/libkernel.a(sem.c.obj)
 .text.z_impl_k_sem_give
                0x0000000000030e34       0xc4 zephyr/kernel/libkernel.a(sem.c.obj)
                0x0000000000030e34                z_impl_k_sem_give
 .text.z_impl_k_sem_take
                0x0000000000030ef8       0xc0 zephyr/kernel/libkernel.a(sem.c.obj)
                0x0000000000030ef8                z_impl_k_sem_take
 .text.work_queue_main
                0x0000000000030fb8      0x1e0 zephyr/kernel/libkernel.a(work.c.obj)
 .text.submit_to_queue_locked
                0x0000000000031198       0xd8 zephyr/kernel/libkernel.a(work.c.obj)
 .text.work_timeout
                0x0000000000031270       0x84 zephyr/kernel/libkernel.a(work.c.obj)
 .text.k_work_init
                0x00000000000312f4       0x40 zephyr/kernel/libkernel.a(work.c.obj)
                0x00000000000312f4                k_work_init
 .text.z_work_submit_to_queue
                0x0000000000031334       0xa4 zephyr/kernel/libkernel.a(work.c.obj)
                0x0000000000031334                z_work_submit_to_queue
 .text.k_work_queue_start
                0x00000000000313d8       0xcc zephyr/kernel/libkernel.a(work.c.obj)
                0x00000000000313d8                k_work_queue_start
 .text.k_work_init_delayable
                0x00000000000314a4       0x4c zephyr/kernel/libkernel.a(work.c.obj)
                0x00000000000314a4                k_work_init_delayable
 .text.k_work_schedule_for_queue
                0x00000000000314f0       0xd8 zephyr/kernel/libkernel.a(work.c.obj)
                0x00000000000314f0                k_work_schedule_for_queue
 .text.z_setup_new_thread
                0x00000000000315c8       0xcc zephyr/kernel/libkernel.a(thread.c.obj)
                0x00000000000315c8                z_setup_new_thread
 .text.z_impl_k_thread_create
                0x0000000000031694       0x7c zephyr/kernel/libkernel.a(thread.c.obj)
                0x0000000000031694                z_impl_k_thread_create
 .text.z_dummy_thread_init
                0x0000000000031710       0x18 zephyr/kernel/libkernel.a(thread.c.obj)
                0x0000000000031710                z_dummy_thread_init
 .text.z_swap_irqlock
                0x0000000000031728       0x30 zephyr/kernel/libkernel.a(sched.c.obj)
 .text.unready_thread
                0x0000000000031758       0x8c zephyr/kernel/libkernel.a(sched.c.obj)
 .text.unpend_thread_no_timeout
                0x00000000000317e4       0x34 zephyr/kernel/libkernel.a(sched.c.obj)
 .text.ready_thread
                0x0000000000031818       0xc0 zephyr/kernel/libkernel.a(sched.c.obj)
 .text.move_thread_to_end_of_prio_q
                0x00000000000318d8       0xdc zephyr/kernel/libkernel.a(sched.c.obj)
                0x00000000000318d8                move_thread_to_end_of_prio_q
 .text.z_ready_thread
                0x00000000000319b4       0x68 zephyr/kernel/libkernel.a(sched.c.obj)
                0x00000000000319b4                z_ready_thread
 .text.z_unpend_thread_no_timeout
                0x0000000000031a1c       0x6c zephyr/kernel/libkernel.a(sched.c.obj)
                0x0000000000031a1c                z_unpend_thread_no_timeout
 .text.z_sched_wake_thread
                0x0000000000031a88       0x84 zephyr/kernel/libkernel.a(sched.c.obj)
                0x0000000000031a88                z_sched_wake_thread
 .text.z_pend_curr
                0x0000000000031b0c       0xd4 zephyr/kernel/libkernel.a(sched.c.obj)
                0x0000000000031b0c                z_pend_curr
 .text.z_thread_prio_set
                0x0000000000031be0      0x17c zephyr/kernel/libkernel.a(sched.c.obj)
                0x0000000000031be0                z_thread_prio_set
 .text.z_reschedule
                0x0000000000031d5c       0x70 zephyr/kernel/libkernel.a(sched.c.obj)
                0x0000000000031d5c                z_reschedule
 .text.z_reschedule_irqlock
                0x0000000000031dcc       0x28 zephyr/kernel/libkernel.a(sched.c.obj)
                0x0000000000031dcc                z_reschedule_irqlock
 .text.k_sched_lock
                0x0000000000031df4       0x9c zephyr/kernel/libkernel.a(sched.c.obj)
                0x0000000000031df4                k_sched_lock
 .text.k_sched_unlock
                0x0000000000031e90       0xe0 zephyr/kernel/libkernel.a(sched.c.obj)
                0x0000000000031e90                k_sched_unlock
 .text.z_sched_init
                0x0000000000031f70       0x10 zephyr/kernel/libkernel.a(sched.c.obj)
                0x0000000000031f70                z_sched_init
 .text.z_impl_k_yield
                0x0000000000031f80       0xec zephyr/kernel/libkernel.a(sched.c.obj)
                0x0000000000031f80                z_impl_k_yield
 .text.z_tick_sleep
                0x000000000003206c       0xe0 zephyr/kernel/libkernel.a(sched.c.obj)
 .text.z_impl_k_sleep
                0x000000000003214c       0x78 zephyr/kernel/libkernel.a(sched.c.obj)
                0x000000000003214c                z_impl_k_sleep
 .text.z_impl_k_usleep
                0x00000000000321c4       0x3c zephyr/kernel/libkernel.a(sched.c.obj)
                0x00000000000321c4                z_impl_k_usleep
 .text.z_impl_k_wakeup
                0x0000000000032200       0x8c zephyr/kernel/libkernel.a(sched.c.obj)
                0x0000000000032200                z_impl_k_wakeup
 .text.z_impl_k_sched_current_thread_query
                0x000000000003228c        0xc zephyr/kernel/libkernel.a(sched.c.obj)
                0x000000000003228c                z_impl_k_sched_current_thread_query
 .text.z_thread_abort
                0x0000000000032298      0x1f4 zephyr/kernel/libkernel.a(sched.c.obj)
                0x0000000000032298                z_thread_abort
 .text.z_sched_wake
                0x000000000003248c       0x98 zephyr/kernel/libkernel.a(sched.c.obj)
                0x000000000003248c                z_sched_wake
 .text.z_sched_wait
                0x0000000000032524       0x24 zephyr/kernel/libkernel.a(sched.c.obj)
                0x0000000000032524                z_sched_wait
 .text.slice_timeout
                0x0000000000032548       0x54 zephyr/kernel/libkernel.a(timeslicing.c.obj)
 .text.thread_is_sliceable
                0x000000000003259c       0x3c zephyr/kernel/libkernel.a(timeslicing.c.obj)
                0x000000000003259c                thread_is_sliceable
 .text.z_reset_time_slice
                0x00000000000325d8       0x50 zephyr/kernel/libkernel.a(timeslicing.c.obj)
                0x00000000000325d8                z_reset_time_slice
 .text.z_time_slice
                0x0000000000032628       0xa4 zephyr/kernel/libkernel.a(timeslicing.c.obj)
                0x0000000000032628                z_time_slice
 .text.z_spin_lock_valid
                0x00000000000326cc       0x1c zephyr/kernel/libkernel.a(spinlock_validate.c.obj)
                0x00000000000326cc                z_spin_lock_valid
 .text.z_spin_unlock_valid
                0x00000000000326e8       0x2c zephyr/kernel/libkernel.a(spinlock_validate.c.obj)
                0x00000000000326e8                z_spin_unlock_valid
 .text.z_spin_lock_set_owner
                0x0000000000032714       0x10 zephyr/kernel/libkernel.a(spinlock_validate.c.obj)
                0x0000000000032714                z_spin_lock_set_owner
 .text.z_data_copy
                0x0000000000032724       0x38 zephyr/kernel/libkernel.a(xip.c.obj)
                0x0000000000032724                z_data_copy
 .text.first    0x000000000003275c       0x10 zephyr/kernel/libkernel.a(timeout.c.obj)
 .text.elapsed  0x000000000003276c       0x14 zephyr/kernel/libkernel.a(timeout.c.obj)
 .text.remove_timeout
                0x0000000000032780       0x38 zephyr/kernel/libkernel.a(timeout.c.obj)
 .text.z_add_timeout
                0x00000000000327b8      0x194 zephyr/kernel/libkernel.a(timeout.c.obj)
                0x00000000000327b8                z_add_timeout
 .text.z_abort_timeout
                0x000000000003294c       0x98 zephyr/kernel/libkernel.a(timeout.c.obj)
                0x000000000003294c                z_abort_timeout
 .text.sys_clock_announce
                0x00000000000329e4      0x128 zephyr/kernel/libkernel.a(timeout.c.obj)
                0x00000000000329e4                sys_clock_announce
 .text.sys_clock_tick_get
                0x0000000000032b0c       0x78 zephyr/kernel/libkernel.a(timeout.c.obj)
                0x0000000000032b0c                sys_clock_tick_get
 .text.z_thread_alloc_helper
                0x0000000000032b84       0xcc zephyr/kernel/libkernel.a(mempool.c.obj)
 .text.z_thread_malloc
                0x0000000000032c50       0x10 zephyr/kernel/libkernel.a(mempool.c.obj)
                0x0000000000032c50                z_thread_malloc
 .text.statics_init
                0x0000000000032c60       0x40 zephyr/kernel/libkernel.a(kheap.c.obj)
 .text.k_heap_free
                0x0000000000032ca0       0x84 zephyr/kernel/libkernel.a(kheap.c.obj)
                0x0000000000032ca0                k_heap_free
 .text.k_sys_work_q_init
                0x0000000000032d24       0x2c zephyr/kernel/libkernel.a(system_work_q.c.obj)
 .text.nrf_cc3xx_platform_init_no_rng
                0x0000000000032d50       0x38 C:/ncs/v3.1.1/nrfxlib/crypto/nrf_cc310_platform/lib/cortex-m4/soft-float/no-interrupts/libnrf_cc310_platform_0.9.19.a(nrf_cc3xx_platform.c.obj)
                0x0000000000032d50                nrf_cc3xx_platform_init_no_rng
 .text.nrf_cc3xx_platform_abort
                0x0000000000032d88       0x24 C:/ncs/v3.1.1/nrfxlib/crypto/nrf_cc310_platform/lib/cortex-m4/soft-float/no-interrupts/libnrf_cc310_platform_0.9.19.a(nrf_cc3xx_platform_abort.c.obj)
 .text.CC_PalAbort
                0x0000000000032dac       0x34 C:/ncs/v3.1.1/nrfxlib/crypto/nrf_cc310_platform/lib/cortex-m4/soft-float/no-interrupts/libnrf_cc310_platform_0.9.19.a(nrf_cc3xx_platform_abort.c.obj)
                0x0000000000032dac                CC_PalAbort
 .text.nrf_cc3xx_platform_set_abort
                0x0000000000032de0       0x10 C:/ncs/v3.1.1/nrfxlib/crypto/nrf_cc310_platform/lib/cortex-m4/soft-float/no-interrupts/libnrf_cc310_platform_0.9.19.a(nrf_cc3xx_platform_abort.c.obj)
                0x0000000000032de0                nrf_cc3xx_platform_set_abort
 .text.mutex_free
                0x0000000000032df0       0x34 C:/ncs/v3.1.1/nrfxlib/crypto/nrf_cc310_platform/lib/cortex-m4/soft-float/no-interrupts/libnrf_cc310_platform_0.9.19.a(nrf_cc3xx_platform_mutex.c.obj)
 .text.mutex_lock
                0x0000000000032e24       0x48 C:/ncs/v3.1.1/nrfxlib/crypto/nrf_cc310_platform/lib/cortex-m4/soft-float/no-interrupts/libnrf_cc310_platform_0.9.19.a(nrf_cc3xx_platform_mutex.c.obj)
 .text.mutex_unlock
                0x0000000000032e6c       0x38 C:/ncs/v3.1.1/nrfxlib/crypto/nrf_cc310_platform/lib/cortex-m4/soft-float/no-interrupts/libnrf_cc310_platform_0.9.19.a(nrf_cc3xx_platform_mutex.c.obj)
 .text.mutex_init
                0x0000000000032ea4       0x20 C:/ncs/v3.1.1/nrfxlib/crypto/nrf_cc310_platform/lib/cortex-m4/soft-float/no-interrupts/libnrf_cc310_platform_0.9.19.a(nrf_cc3xx_platform_mutex.c.obj)
 .text.nrf_cc3xx_platform_set_mutexes
                0x0000000000032ec4       0x74 C:/ncs/v3.1.1/nrfxlib/crypto/nrf_cc310_platform/lib/cortex-m4/soft-float/no-interrupts/libnrf_cc310_platform_0.9.19.a(nrf_cc3xx_platform_mutex.c.obj)
                0x0000000000032ec4                nrf_cc3xx_platform_set_mutexes
 .text.CC_LibInitNoRng
                0x0000000000032f38       0x64 C:/ncs/v3.1.1/nrfxlib/crypto/nrf_cc310_platform/lib/cortex-m4/soft-float/no-interrupts/libnrf_cc310_platform_0.9.19.a(cc_lib.c.obj)
                0x0000000000032f38                CC_LibInitNoRng
 .text.CC_HalInit
                0x0000000000032f9c        0x4 C:/ncs/v3.1.1/nrfxlib/crypto/nrf_cc310_platform/lib/cortex-m4/soft-float/no-interrupts/libnrf_cc310_platform_0.9.19.a(cc_hal.c.obj)
                0x0000000000032f9c                CC_HalInit
 .text.CC_HalTerminate
                0x0000000000032fa0        0x4 C:/ncs/v3.1.1/nrfxlib/crypto/nrf_cc310_platform/lib/cortex-m4/soft-float/no-interrupts/libnrf_cc310_platform_0.9.19.a(cc_hal.c.obj)
                0x0000000000032fa0                CC_HalTerminate
 .text.CC_HalMaskInterrupt
                0x0000000000032fa4        0xc C:/ncs/v3.1.1/nrfxlib/crypto/nrf_cc310_platform/lib/cortex-m4/soft-float/no-interrupts/libnrf_cc310_platform_0.9.19.a(cc_hal.c.obj)
                0x0000000000032fa4                CC_HalMaskInterrupt
 .text.CC_PalInit
                0x0000000000032fb0       0x5c C:/ncs/v3.1.1/nrfxlib/crypto/nrf_cc310_platform/lib/cortex-m4/soft-float/no-interrupts/libnrf_cc310_platform_0.9.19.a(cc_pal.c.obj)
                0x0000000000032fb0                CC_PalInit
 .text.CC_PalTerminate
                0x000000000003300c       0x34 C:/ncs/v3.1.1/nrfxlib/crypto/nrf_cc310_platform/lib/cortex-m4/soft-float/no-interrupts/libnrf_cc310_platform_0.9.19.a(cc_pal.c.obj)
                0x000000000003300c                CC_PalTerminate
 .text.CC_PalDmaInit
                0x0000000000033040        0x4 C:/ncs/v3.1.1/nrfxlib/crypto/nrf_cc310_platform/lib/cortex-m4/soft-float/no-interrupts/libnrf_cc310_platform_0.9.19.a(cc_pal_dma.c.obj)
                0x0000000000033040                CC_PalDmaInit
 .text.CC_PalDmaTerminate
                0x0000000000033044        0x4 C:/ncs/v3.1.1/nrfxlib/crypto/nrf_cc310_platform/lib/cortex-m4/soft-float/no-interrupts/libnrf_cc310_platform_0.9.19.a(cc_pal_dma.c.obj)
                0x0000000000033044                CC_PalDmaTerminate
 .text.CC_PalMutexCreate
                0x0000000000033048       0x14 C:/ncs/v3.1.1/nrfxlib/crypto/nrf_cc310_platform/lib/cortex-m4/soft-float/no-interrupts/libnrf_cc310_platform_0.9.19.a(cc_pal_mutex.c.obj)
                0x0000000000033048                CC_PalMutexCreate
 .text.CC_PalMutexDestroy
                0x000000000003305c       0x14 C:/ncs/v3.1.1/nrfxlib/crypto/nrf_cc310_platform/lib/cortex-m4/soft-float/no-interrupts/libnrf_cc310_platform_0.9.19.a(cc_pal_mutex.c.obj)
                0x000000000003305c                CC_PalMutexDestroy
 .text.CC_PalPowerSaveModeInit
                0x0000000000033070       0x3c C:/ncs/v3.1.1/nrfxlib/crypto/nrf_cc310_platform/lib/cortex-m4/soft-float/no-interrupts/libnrf_cc310_platform_0.9.19.a(cc_pal_pm.c.obj)
                0x0000000000033070                CC_PalPowerSaveModeInit
 .text.CC_PalPowerSaveModeSelect
                0x00000000000330ac       0x84 C:/ncs/v3.1.1/nrfxlib/crypto/nrf_cc310_platform/lib/cortex-m4/soft-float/no-interrupts/libnrf_cc310_platform_0.9.19.a(cc_pal_pm.c.obj)
                0x00000000000330ac                CC_PalPowerSaveModeSelect
 .text.__l_vfprintf
                0x0000000000033130      0x4b8 c:\ncs\toolchains\c1a76fddb2\opt\zephyr-sdk\arm-zephyr-eabi\bin\../lib/gcc/../../picolibc/arm-zephyr-eabi/lib/thumb/v7e-m/nofp\libc.a(libc_tinystdio_vflprintf.c.o)
                0x0000000000033130                __l_vfprintf
 .text._OffsetAbsSyms
                0x00000000000335e8        0x2 zephyr/CMakeFiles/offsets.dir/./arch/arm/core/offsets/offsets.c.obj
                0x00000000000335e8                _OffsetAbsSyms
 .text.k_sleep.isra.0
                0x00000000000335ea        0x4 app/libapp.a(main.c.obj)
 .text.chunk_size
                0x00000000000335ee        0xa zephyr/libzephyr.a(heap.c.obj)
 .text.free_list_add
                0x00000000000335f8       0x4e zephyr/libzephyr.a(heap.c.obj)
 .text.free_list_remove_bidx
                0x0000000000033646       0x3a zephyr/libzephyr.a(heap.c.obj)
 .text.free_list_remove
                0x0000000000033680       0x1a zephyr/libzephyr.a(heap.c.obj)
 .text.alloc_chunk
                0x000000000003369a       0x6e zephyr/libzephyr.a(heap.c.obj)
 .text.merge_chunks
                0x0000000000033708       0x2c zephyr/libzephyr.a(heap.c.obj)
 .text.split_chunks
                0x0000000000033734       0x34 zephyr/libzephyr.a(heap.c.obj)
 .text.free_chunk
                0x0000000000033768       0x62 zephyr/libzephyr.a(heap.c.obj)
 .text.sys_heap_alloc
                0x00000000000337ca       0x52 zephyr/libzephyr.a(heap.c.obj)
                0x00000000000337ca                sys_heap_alloc
 .text.sys_heap_noalign_alloc
                0x000000000003381c        0x6 zephyr/libzephyr.a(heap.c.obj)
                0x000000000003381c                sys_heap_noalign_alloc
 .text.arch_printk_char_out
                0x0000000000033822        0x4 zephyr/libzephyr.a(printk.c.obj)
                0x0000000000033822                arch_printk_char_out
 .text.printk   0x0000000000033826       0x1a zephyr/libzephyr.a(printk.c.obj)
                0x0000000000033826                printk
 .text.assert_post_action
                0x0000000000033840       0x12 zephyr/libzephyr.a(assert.c.obj)
                0x0000000000033840                assert_post_action
 .text.assert_print
                0x0000000000033852       0x1a zephyr/libzephyr.a(assert.c.obj)
                0x0000000000033852                assert_print
 .text.sys_slist_find_and_remove
                0x000000000003386c       0x36 zephyr/libzephyr.a(onoff.c.obj)
 .text.process_recheck
                0x00000000000338a2       0x38 zephyr/libzephyr.a(onoff.c.obj)
 .text.validate_args
                0x00000000000338da       0x20 zephyr/libzephyr.a(onoff.c.obj)
 .text.notify_one
                0x00000000000338fa       0x2c zephyr/libzephyr.a(onoff.c.obj)
 .text.onoff_manager_init
                0x0000000000033926       0x26 zephyr/libzephyr.a(onoff.c.obj)
                0x0000000000033926                onoff_manager_init
 .text.sys_notify_validate
                0x000000000003394c       0x22 zephyr/libzephyr.a(notify.c.obj)
                0x000000000003394c                sys_notify_validate
 .text.ring_buf_area_claim
                0x000000000003396e       0x30 zephyr/libzephyr.a(ring_buffer.c.obj)
                0x000000000003396e                ring_buf_area_claim
 .text.ring_buf_put_claim
                0x000000000003399e       0x1e zephyr/libzephyr.a(ring_buffer.c.obj)
 .text.ring_buf_get_claim
                0x00000000000339bc       0x1e zephyr/libzephyr.a(ring_buffer.c.obj)
 .text.ring_buf_area_finish
                0x00000000000339da       0x32 zephyr/libzephyr.a(ring_buffer.c.obj)
                0x00000000000339da                ring_buf_area_finish
 .text._ConfigAbsSyms
                0x0000000000033a0c        0x2 zephyr/libzephyr.a(configs.c.obj)
                0x0000000000033a0c                _ConfigAbsSyms
 .text.z_log_minimal_printk
                0x0000000000033a0e       0x1a zephyr/libzephyr.a(log_minimal.c.obj)
                0x0000000000033a0e                z_log_minimal_printk
 .text.get_ep_bm_from_addr
                0x0000000000033a28       0x1c zephyr/libzephyr.a(usb_device.c.obj)
 .text.usb_write
                0x0000000000033a44       0x30 zephyr/libzephyr.a(usb_device.c.obj)
                0x0000000000033a44                usb_write
 .text.usb_device_init
                0x0000000000033a74        0x6 zephyr/libzephyr.a(usb_device.c.obj)
 .text.usb_get_dev_data_by_cfg
                0x0000000000033a7a       0x18 zephyr/libzephyr.a(usb_descriptor.c.obj)
                0x0000000000033a7a                usb_get_dev_data_by_cfg
 .text.usb_get_dev_data_by_iface
                0x0000000000033a92       0x1c zephyr/libzephyr.a(usb_descriptor.c.obj)
                0x0000000000033a92                usb_get_dev_data_by_iface
 .text.usb_get_dev_data_by_ep
                0x0000000000033aae       0x2c zephyr/libzephyr.a(usb_descriptor.c.obj)
                0x0000000000033aae                usb_get_dev_data_by_ep
 .text.usb_transfer_is_busy
                0x0000000000033ada       0x16 zephyr/libzephyr.a(usb_transfer.c.obj)
                0x0000000000033ada                usb_transfer_is_busy
 .text.cdc_interface_config
                0x0000000000033af0       0x14 zephyr/libzephyr.a(cdc_acm.c.obj)